<html>
<body>
<pre>
<h1>µVision Build Log</h1>
<h2>Tool Versions:</h2>
IDE-Version: µVision V5.37.0.0
Copyright (C) 2022 ARM Ltd and ARM Germany GmbH. All rights reserved.
License Information: leonardo buonaiuto, leo, LIC=----
 
Tool Versions:
Toolchain:       MDK-Lite  Version: 5.37.0.0
Toolchain Path:  C:\Keil_v5\ARM\ARMCLANG\Bin
C Compiler:      ArmClang.exe V6.18
Assembler:       Armasm.exe V6.18
Linker/Locator:  ArmLink.exe V6.18
Library Manager: ArmAr.exe V6.18
Hex Converter:   FromElf.exe V6.18
CPU DLL:         SARMCM3.DLL V5.37.0.0
Dialog DLL:      DCM.DLL V1.17.5.0
Target DLL:      STLink\ST-LINKIII-KEIL_SWO.dll V3.0.9.0
Dialog DLL:      TCM.DLL V1.56.1.0
 
<h2>Project:</h2>
C:\Users\bl91\Desktop\RTOS - Copia\rtos_prj.uvprojx
Project File Date:  12/04/2025

<h2>Output:</h2>
*** Using Compiler 'V6.18', folder: 'C:\Keil_v5\ARM\ARMCLANG\Bin'
Build target 'Target 1'
WrapperLedCpp.cpp(1): warning: In file included from...
./Led.h(22): warning: default member initializer for non-static data member is a C++11 extension [-Wc++11-extensions]
     bool Toggle_b_ = false;
                    ^
WrapperLedCpp.cpp(13): warning: 'nullptr' is incompatible with C++98 [-Wc++98-compat]
        sem1 = osSemaphoreNew(1, 0, nullptr);
                                    ^
C:\Keil_v5\ARM\ARMCLANG\Bin\..\include\libcxx\__config(573): note: expanded from macro 'nullptr'
#    define nullptr __nullptr
                    ^
WrapperLedCpp.cpp(14): warning: 'nullptr' is incompatible with C++98 [-Wc++98-compat]
        sem2 = osSemaphoreNew(1, 1, nullptr);
                                    ^
C:\Keil_v5\ARM\ARMCLANG\Bin\..\include\libcxx\__config(573): note: expanded from macro 'nullptr'
#    define nullptr __nullptr
                    ^
WrapperLedCpp.cpp(19): warning: use of old-style cast [-Wold-style-cast]
        led_5 = new Led(GPIOA, GPIO_PIN_5,sem1, sem2); // crea l<92>oggetto inizializzando anche il costruttore della classe
                        ^~~~~
C:/Users/bl91/AppData/Local/Arm/Packs/Keil/STM32F4xx_DFP/2.17.1/Drivers/CMSIS/Device/ST/STM32F4xx/Include/stm32f401xe.h(779): note: expanded from macro 'GPIOA'
#define GPIOA               ((GPIO_TypeDef *) GPIOA_BASE)
                             ^                ~~~~~~~~~~
WrapperLedCpp.cpp(19): warning: use of old-style cast [-Wold-style-cast]
        led_5 = new Led(GPIOA, GPIO_PIN_5,sem1, sem2); // crea l<92>oggetto inizializzando anche il costruttore della classe
                               ^~~~~~~~~~
C:/Users/bl91/AppData/Local/Arm/Packs/Keil/STM32F4xx_DFP/2.17.1/Drivers/STM32F4xx_HAL_Driver/Inc\stm32f4xx_hal_gpio.h(90): note: expanded from macro 'GPIO_PIN_5'
#define GPIO_PIN_5                 ((uint16_t)0x0020)  /* Pin 5 selected    */
                                    ^         ~~~~~~
WrapperLedCpp.cpp(1): warning: In file included from...
./Led.h(20): warning: padding class 'Led' with 2 bytes to align 'semWait_' [-Wpadded]
     osSemaphoreId_t semWait_; 
                     ^
./Led.h(9): warning: padding size of 'Led' with 3 bytes to alignment boundary [-Wpadded]
class Led {
      ^
WrapperLedCpp.cpp(20): warning: use of old-style cast [-Wold-style-cast]
        led_6 = new Led(GPIOA, GPIO_PIN_6,sem2, sem1); // crea l<92>oggetto inizializzando anche il costruttore della classe
                        ^~~~~
C:/Users/bl91/AppData/Local/Arm/Packs/Keil/STM32F4xx_DFP/2.17.1/Drivers/CMSIS/Device/ST/STM32F4xx/Include/stm32f401xe.h(779): note: expanded from macro 'GPIOA'
#define GPIOA               ((GPIO_TypeDef *) GPIOA_BASE)
                             ^                ~~~~~~~~~~
WrapperLedCpp.cpp(20): warning: use of old-style cast [-Wold-style-cast]
        led_6 = new Led(GPIOA, GPIO_PIN_6,sem2, sem1); // crea l<92>oggetto inizializzando anche il costruttore della classe
                               ^~~~~~~~~~
C:/Users/bl91/AppData/Local/Arm/Packs/Keil/STM32F4xx_DFP/2.17.1/Drivers/STM32F4xx_HAL_Driver/Inc\stm32f4xx_hal_gpio.h(91): note: expanded from macro 'GPIO_PIN_6'
#define GPIO_PIN_6                 ((uint16_t)0x0040)  /* Pin 6 selected    */
                                    ^         ~~~~~~
WrapperLedCpp.cpp(11): warning: no previous prototype for function 'Led_Init' [-Wmissing-prototypes]
void Led_Init(void) {
     ^
WrapperLedCpp.cpp(11): note: declare 'static' if the function is not intended to be used outside of this translation unit
void Led_Init(void) {
^
static 
WrapperLedCpp.cpp(25): warning: no previous prototype for function 'Led_createBlinkTask' [-Wmissing-prototypes]
void Led_createBlinkTask(void) {
     ^
WrapperLedCpp.cpp(25): note: declare 'static' if the function is not intended to be used outside of this translation unit
void Led_createBlinkTask(void) {
^
static 
11 warnings generated.
compiling WrapperLedCpp.cpp...
Led.cpp(1): warning: In file included from...
./Led.h(22): warning: default member initializer for non-static data member is a C++11 extension [-Wc++11-extensions]
     bool Toggle_b_ = false;
                    ^
./Led.h(20): warning: padding class 'Led' with 2 bytes to align 'semWait_' [-Wpadded]
     osSemaphoreId_t semWait_; 
                     ^
./Led.h(9): warning: padding size of 'Led' with 3 bytes to alignment boundary [-Wpadded]
class Led {
      ^
Led.cpp(27): warning: function 'BlinkLed_Task' could be declared with attribute 'noreturn' [-Wmissing-noreturn]
void Led::BlinkLed_Task(uint32_t periodMs/*,this*/){
                                                   ^
Led.cpp(55): warning: missing field 'attr_bits' initializer [-Wmissing-field-initializers]
    osThreadAttr_t attr = {0};
                            ^
5 warnings generated.
compiling Led.cpp...
linking...
Program Size: Code=19244 RO-data=724 RW-data=168 ZI-data=36312  
".\Objects\rtos_prj.axf" - 0 Error(s), 16 Warning(s).

<h2>Software Packages used:</h2>

Package Vendor: ARM
                https://www.keil.com/pack/ARM.CMSIS.6.0.0.pack
                ARM.CMSIS.6.0.0
                CMSIS (Common Microcontroller Software Interface Standard)
   * Component: OS Tick Version: 1.0.1
   * Component: RTOS2 Version: 2.3.0
   * Component: CORE Version: 6.0.0
   * Component: SysTick Version: 1.0.5

Package Vendor: ARM
                https://www.keil.com/pack/ARM.CMSIS-RTX.5.9.0.pack
                ARM.CMSIS-RTX.5.9.0
                RTX RTOS implementation of CMSIS-RTOS2 API
   * Component: Keil RTX5 Variant: Source Version: 5.9.0

Package Vendor: Keil
                https://www.keil.com/pack/Keil.MDK-Middleware.7.15.0.pack
                Keil.MDK-Middleware.7.15.0
                Middleware for Keil MDK-Professional and MDK-Plus
   * Component: Buttons Version: 1.0.0
   * Component: LED Version: 1.0.0

Package Vendor: Keil
                https://www.keil.com/pack/Keil.STM32F4xx_DFP.2.17.1.pack
                Keil.STM32F4xx_DFP.2.17.1
                STMicroelectronics STM32F4 Series Device Support, Drivers and Examples
   * Component: STM32Cube Framework Version: 1.0.0
   * Component: Classic Version: 1.8.1
   * Component: Common Version: 1.8.1
   * Component: Cortex Version: 1.8.1
   * Component: GPIO Version: 1.8.1
   * Component: PWR Version: 1.8.1
   * Component: RCC Version: 1.8.1
   * Component: Startup Version: 2.6.3

Package Vendor: Keil
                https://www.keil.com/pack/Keil.STM32NUCLEO_BSP.1.8.1.pack
                Keil.STM32NUCLEO_BSP.1.8.1
                STMicroelectronics Nucleo Boards Support and Examples
   * Component: Buttons Version: 1.1.0
   * Component: LED Version: 1.1.0

<h2>Collection of Component include folders:</h2>
  ./RTE/CMSIS
  ./RTE/Device/STM32F401RETx
  ./RTE/_Target_1
  C:/Users/bl91/AppData/Local/Arm/Packs/ARM/CMSIS-RTX/5.9.0/Include
  C:/Users/bl91/AppData/Local/Arm/Packs/ARM/CMSIS/6.0.0/CMSIS/Core/Include
  C:/Users/bl91/AppData/Local/Arm/Packs/ARM/CMSIS/6.0.0/CMSIS/RTOS2/Include
  C:/Users/bl91/AppData/Local/Arm/Packs/Keil/MDK-Middleware/7.15.0/Board
  C:/Users/bl91/AppData/Local/Arm/Packs/Keil/STM32F4xx_DFP/2.17.1/Drivers/CMSIS/Device/ST/STM32F4xx/Include
  C:/Users/bl91/AppData/Local/Arm/Packs/Keil/STM32F4xx_DFP/2.17.1/Drivers/STM32F4xx_HAL_Driver/Inc

<h2>Collection of Component Files used:</h2>

   * Component: ::Board Support:Buttons:1.0.0 (API)
      Include file:  Board/Board_Buttons.h

   * Component: ::Board Support:LED:1.0.0 (API)
      Include file:  Board/Board_LED.h

   * Component: ::CMSIS:OS Tick:1.0.1 (API)
      Include file:  CMSIS/RTOS2/Include/os_tick.h

   * Component: ::CMSIS:RTOS2:2.3.0 (API)
      Include file:  CMSIS/RTOS2/Include/cmsis_os2.h

   * Component: ::Device:STM32Cube Framework:1.0.0 (API)

   * Component: ARM::CMSIS:CORE:6.0.0

   * Component: ARM::CMSIS:OS Tick:SysTick:1.0.5
      Source file:   CMSIS/RTOS2/Source/os_systick.c

   * Component: ARM::CMSIS:RTOS2:Keil RTX5:Source:5.9.0
      Source file:   Config/RTX_Config.c
      Include file:  Config/RTX_Config.h
      Include file:  Include/rtx_os.h
      Source file:   Template/Mutex.c
      Source file:   Source/rtx_system.c
      Source file:   Source/rtx_mutex.c
      Source file:   Source/rtx_evr.c
      Source file:   Template/Events.c
      Source file:   Template/MemPool.c
      Source file:   Template/Timer.c
      Source file:   Source/rtx_evflags.c
      Source file:   Template/Semaphore.c
      Source file:   Source/rtx_mempool.c
      Source file:   Source/GCC/irq_armv7m.S
      Source file:   Template/MsgQueue.c
      Source file:   Source/rtx_kernel.c
      Source file:   Source/rtx_msgqueue.c
      Source file:   Source/rtx_semaphore.c
      Source file:   Source/rtx_delay.c
      Source file:   Template/svc_user.c
      Source file:   Template/main.c
      Source file:   Template/Thread.c
      Source file:   Source/rtx_timer.c
      Source file:   Source/rtx_thread.c
      Source file:   Source/rtx_lib.c
      Source file:   Source/rtx_memory.c

   * Component: Keil.NUCLEO-F401RE::Board Support:Buttons:1.1.0
      Source file:   Boards/ST/NUCLEO-F401RE/Common/Buttons_NUCLEO_F401RE.c

   * Component: Keil.NUCLEO-F401RE::Board Support:LED:1.1.0
      Source file:   Boards/ST/NUCLEO-F401RE/Common/LED_NUCLEO_F401RE.c

   * Component: Keil::Device:STM32Cube Framework:Classic:1.8.1
      Source file:   MDK/Templates_LL/Src/main.c
      Source file:   MDK/Templates/Src/stm32f4xx_hal_msp.c
      Include file:  CMSIS/Driver/Config/RTE_Device.h
      Include file:  MDK/Templates/Inc/stm32f4xx_hal_conf.h
      Source file:   MDK/Templates/Src/stm32f4xx_it.c
      Include file:  MDK/Templates_LL/Inc/main.h
      Include file:  MDK/Templates/Inc/main.h
      Source file:   MDK/Templates/Src/main.c
      Include file:  MDK/Templates/Inc/stm32f4xx_it.h

   * Component: Keil::Device:STM32Cube HAL:Common:1.8.1
      Include file:  Drivers/STM32F4xx_HAL_Driver/Inc/stm32f4xx_hal.h
      Source file:   Drivers/STM32F4xx_HAL_Driver/Src/stm32f4xx_hal.c

   * Component: Keil::Device:STM32Cube HAL:Cortex:1.8.1
      Source file:   Drivers/STM32F4xx_HAL_Driver/Src/stm32f4xx_hal_cortex.c

   * Component: Keil::Device:STM32Cube HAL:GPIO:1.8.1
      Source file:   Drivers/STM32F4xx_HAL_Driver/Src/stm32f4xx_hal_gpio.c

   * Component: Keil::Device:STM32Cube HAL:PWR:1.8.1
      Source file:   Drivers/STM32F4xx_HAL_Driver/Src/stm32f4xx_hal_pwr_ex.c
      Source file:   Drivers/STM32F4xx_HAL_Driver/Src/stm32f4xx_hal_pwr.c

   * Component: Keil::Device:STM32Cube HAL:RCC:1.8.1
      Source file:   Drivers/STM32F4xx_HAL_Driver/Src/stm32f4xx_hal_rcc.c
      Source file:   Drivers/STM32F4xx_HAL_Driver/Src/stm32f4xx_hal_rcc_ex.c

   * Component: Keil::Device:Startup:2.6.3
      Source file:   MDK/Device/Source/ARM/STM32F4xx_OTP.s
      Include file:  Drivers/CMSIS/Device/ST/STM32F4xx/Include/stm32f4xx.h
      Source file:   Drivers/CMSIS/Device/ST/STM32F4xx/Source/Templates/arm/startup_stm32f401xe.s
      Source file:   MDK/Device/Source/ARM/STM32F401xx_OPT.s
      Source file:   Drivers/CMSIS/Device/ST/STM32F4xx/Source/Templates/system_stm32f4xx.c
Build Time Elapsed:  00:00:02
</pre>
</body>
</html>
