Component: Arm Compiler for Embedded 6.18 Tool: armlink [5e4cc100]

==============================================================================

Section Cross References

    main.o(.ARM.exidx.text.delayMs) refers to main.o(.text.delayMs) for [Anonymous Symbol]
    main.o(.text.LED_blink) refers to main.o(.text.delayMs) for delayMs
    main.o(.ARM.exidx.text.LED_blink) refers to main.o(.text.LED_blink) for [Anonymous Symbol]
    main.o(.text.main) refers to usart2.o(.text.USART2_init) for USART2_init
    main.o(.text.main) refers to buttons_nucleo_f401re.o(.text.Buttons_GetCount) for Buttons_GetCount
    main.o(.text.main) refers to rtx_kernel.o(.text.osKernelInitialize) for osKernelInitialize
    main.o(.ARM.exidx.text.main) refers to main.o(.text.main) for [Anonymous Symbol]
    systemclockconf.o(.ARM.exidx.text.SystemCoreClockConfigure) refers to systemclockconf.o(.text.SystemCoreClockConfigure) for [Anonymous Symbol]
    usart2.o(.ARM.exidx.text.USART2_init) refers to usart2.o(.text.USART2_init) for [Anonymous Symbol]
    buttons_nucleo_f401re.o(.ARM.exidx.text.Buttons_Initialize) refers to buttons_nucleo_f401re.o(.text.Buttons_Initialize) for [Anonymous Symbol]
    buttons_nucleo_f401re.o(.ARM.exidx.text.Buttons_Uninitialize) refers to buttons_nucleo_f401re.o(.text.Buttons_Uninitialize) for [Anonymous Symbol]
    buttons_nucleo_f401re.o(.ARM.exidx.text.Buttons_GetState) refers to buttons_nucleo_f401re.o(.text.Buttons_GetState) for [Anonymous Symbol]
    buttons_nucleo_f401re.o(.ARM.exidx.text.Buttons_GetCount) refers to buttons_nucleo_f401re.o(.text.Buttons_GetCount) for [Anonymous Symbol]
    led_nucleo_f401re.o(.ARM.exidx.text.LED_Initialize) refers to led_nucleo_f401re.o(.text.LED_Initialize) for [Anonymous Symbol]
    led_nucleo_f401re.o(.ARM.exidx.text.LED_Uninitialize) refers to led_nucleo_f401re.o(.text.LED_Uninitialize) for [Anonymous Symbol]
    led_nucleo_f401re.o(.text.LED_On) refers to led_nucleo_f401re.o(.rodata.led_mask) for led_mask
    led_nucleo_f401re.o(.ARM.exidx.text.LED_On) refers to led_nucleo_f401re.o(.text.LED_On) for [Anonymous Symbol]
    led_nucleo_f401re.o(.text.LED_Off) refers to led_nucleo_f401re.o(.rodata.led_mask) for led_mask
    led_nucleo_f401re.o(.ARM.exidx.text.LED_Off) refers to led_nucleo_f401re.o(.text.LED_Off) for [Anonymous Symbol]
    led_nucleo_f401re.o(.text.LED_SetOut) refers to led_nucleo_f401re.o(.text.LED_On) for LED_On
    led_nucleo_f401re.o(.text.LED_SetOut) refers to led_nucleo_f401re.o(.text.LED_Off) for LED_Off
    led_nucleo_f401re.o(.ARM.exidx.text.LED_SetOut) refers to led_nucleo_f401re.o(.text.LED_SetOut) for [Anonymous Symbol]
    led_nucleo_f401re.o(.ARM.exidx.text.LED_GetCount) refers to led_nucleo_f401re.o(.text.LED_GetCount) for [Anonymous Symbol]
    irq_armv7m.o(.text) refers to rtx_thread.o(.text.osRtxThreadStackCheck) for osRtxThreadStackCheck
    irq_armv7m.o(.text) refers to rtx_kernel.o(.text.osRtxKernelErrorNotify) for osRtxKernelErrorNotify
    irq_armv7m.o(.text) refers to rtx_system.o(.text.osRtxPendSV_Handler) for osRtxPendSV_Handler
    irq_armv7m.o(.text) refers to rtx_system.o(.text.osRtxTick_Handler) for osRtxTick_Handler
    irq_armv7m.o(.text) refers to rtx_kernel.o(.data.os) for osRtxInfo
    irq_armv7m.o(.text) refers to rtx_lib.o(.rodata.osRtxUserSVC) for osRtxUserSVC
    irq_armv7m.o(.ARM.exidx) refers to irq_armv7m.o(.text) for [Anonymous Symbol]
    rtx_delay.o(.text.osDelay) refers to rtx_evr.o(.text.EvrRtxDelay) for EvrRtxDelay
    rtx_delay.o(.text.osDelay) refers to rtx_delay.o(.text.IsException) for IsException
    rtx_delay.o(.text.osDelay) refers to rtx_delay.o(.text.IsIrqMasked) for IsIrqMasked
    rtx_delay.o(.text.osDelay) refers to rtx_evr.o(.text.EvrRtxDelayError) for EvrRtxDelayError
    rtx_delay.o(.text.osDelay) refers to rtx_delay.o(.text.svcRtxDelay) for svcRtxDelay
    rtx_delay.o(.ARM.exidx.text.osDelay) refers to rtx_delay.o(.text.osDelay) for [Anonymous Symbol]
    rtx_delay.o(.ARM.exidx.text.IsException) refers to rtx_delay.o(.text.IsException) for [Anonymous Symbol]
    rtx_delay.o(.ARM.exidx.text.IsIrqMasked) refers to rtx_delay.o(.text.IsIrqMasked) for [Anonymous Symbol]
    rtx_delay.o(.text.osDelayUntil) refers to rtx_evr.o(.text.EvrRtxDelayUntil) for EvrRtxDelayUntil
    rtx_delay.o(.text.osDelayUntil) refers to rtx_delay.o(.text.IsException) for IsException
    rtx_delay.o(.text.osDelayUntil) refers to rtx_delay.o(.text.IsIrqMasked) for IsIrqMasked
    rtx_delay.o(.text.osDelayUntil) refers to rtx_evr.o(.text.EvrRtxDelayError) for EvrRtxDelayError
    rtx_delay.o(.text.osDelayUntil) refers to rtx_delay.o(.text.svcRtxDelayUntil) for svcRtxDelayUntil
    rtx_delay.o(.ARM.exidx.text.osDelayUntil) refers to rtx_delay.o(.text.osDelayUntil) for [Anonymous Symbol]
    rtx_delay.o(.text.svcRtxDelay) refers to rtx_evr.o(.text.EvrRtxDelayError) for EvrRtxDelayError
    rtx_delay.o(.text.svcRtxDelay) refers to rtx_thread.o(.text.osRtxThreadWaitEnter) for osRtxThreadWaitEnter
[...]
    [Anonymous Symbol]                       0x0800073c   Section        0  rtx_evr.o(.text.EvrRtxThreadBlocked)
    [Anonymous Symbol]                       0x08000748   Section        0  rtx_evr.o(.text.EvrRtxThreadFlagsWaitTimeout)
    [Anonymous Symbol]                       0x08000750   Section        0  rtx_evr.o(.text.EvrRtxThreadPreempted)
    [Anonymous Symbol]                       0x08000758   Section        0  rtx_evr.o(.text.EvrRtxThreadSwitched)
    [Anonymous Symbol]                       0x08000760   Section        0  rtx_evr.o(.text.EvrRtxThreadUnblocked)
    [Anonymous Symbol]                       0x0800076c   Section        0  rtx_evr.o(.text.EvrRtxTimerCallback)
    IsException                              0x08000779   Thumb Code    20  rtx_kernel.o(.text.IsException)
    [Anonymous Symbol]                       0x08000778   Section        0  rtx_kernel.o(.text.IsException)
    IsException                              0x0800078d   Thumb Code    20  rtx_msgqueue.o(.text.IsException)
    [Anonymous Symbol]                       0x0800078c   Section        0  rtx_msgqueue.o(.text.IsException)
    IsException                              0x080007a1   Thumb Code    20  rtx_mutex.o(.text.IsException)
    [Anonymous Symbol]                       0x080007a0   Section        0  rtx_mutex.o(.text.IsException)
    IsIrqMasked                              0x080007b5   Thumb Code    46  rtx_kernel.o(.text.IsIrqMasked)
    [Anonymous Symbol]                       0x080007b4   Section        0  rtx_kernel.o(.text.IsIrqMasked)
    IsIrqMasked                              0x080007e5   Thumb Code    46  rtx_msgqueue.o(.text.IsIrqMasked)
    [Anonymous Symbol]                       0x080007e4   Section        0  rtx_msgqueue.o(.text.IsIrqMasked)
    IsIrqMasked                              0x08000815   Thumb Code    46  rtx_mutex.o(.text.IsIrqMasked)
    [Anonymous Symbol]                       0x08000814   Section        0  rtx_mutex.o(.text.IsIrqMasked)
    IsMessageQueuePtrValid                   0x08000845   Thumb Code    34  rtx_msgqueue.o(.text.IsMessageQueuePtrValid)
    [Anonymous Symbol]                       0x08000844   Section        0  rtx_msgqueue.o(.text.IsMessageQueuePtrValid)
    IsMutexPtrValid                          0x08000869   Thumb Code    34  rtx_mutex.o(.text.IsMutexPtrValid)
    [Anonymous Symbol]                       0x08000868   Section        0  rtx_mutex.o(.text.IsMutexPtrValid)
    IsPrivileged                             0x0800088d   Thumb Code    20  rtx_kernel.o(.text.IsPrivileged)
    [Anonymous Symbol]                       0x0800088c   Section        0  rtx_kernel.o(.text.IsPrivileged)
    MemBlockPtr                              0x080008a1   Thumb Code    24  rtx_memory.o(.text.MemBlockPtr)
    [Anonymous Symbol]                       0x080008a0   Section        0  rtx_memory.o(.text.MemBlockPtr)
    MemHeadPtr                               0x080008b9   Thumb Code    10  rtx_memory.o(.text.MemHeadPtr)
    [Anonymous Symbol]                       0x080008b8   Section        0  rtx_memory.o(.text.MemHeadPtr)
    MessageQueueGet                          0x080008c5   Thumb Code    82  rtx_msgqueue.o(.text.MessageQueueGet)
    [Anonymous Symbol]                       0x080008c4   Section        0  rtx_msgqueue.o(.text.MessageQueueGet)
    MessageQueuePut                          0x08000919   Thumb Code   172  rtx_msgqueue.o(.text.MessageQueuePut)
    [Anonymous Symbol]                       0x08000918   Section        0  rtx_msgqueue.o(.text.MessageQueuePut)
    MessageQueueRemove                       0x080009c5   Thumb Code    66  rtx_msgqueue.o(.text.MessageQueueRemove)
    [Anonymous Symbol]                       0x080009c4   Section        0  rtx_msgqueue.o(.text.MessageQueueRemove)
    [Anonymous Symbol]                       0x08000a08   Section        0  os_systick.o(.text.OS_Tick_AcknowledgeIRQ)
    SetPendSV                                0x08000a15   Thumb Code    16  rtx_system.o(.text.SetPendSV)
    [Anonymous Symbol]                       0x08000a14   Section        0  rtx_system.o(.text.SetPendSV)
    SetPrivileged                            0x08000a25   Thumb Code    52  rtx_thread.o(.text.SetPrivileged)
    [Anonymous Symbol]                       0x08000a24   Section        0  rtx_thread.o(.text.SetPrivileged)
    StackOffsetR0                            0x08000a59   Thumb Code    24  rtx_thread.o(.text.StackOffsetR0)
    [Anonymous Symbol]                       0x08000a58   Section        0  rtx_thread.o(.text.StackOffsetR0)
    [Anonymous Symbol]                       0x08000a70   Section        0  system_stm32f4xx.o(.text.SystemInit)
    TimerInsert                              0x08000a85   Thumb Code   158  rtx_timer.o(.text.TimerInsert)
    [Anonymous Symbol]                       0x08000a84   Section        0  rtx_timer.o(.text.TimerInsert)
    TimerUnlink                              0x08000b25   Thumb Code    40  rtx_timer.o(.text.TimerUnlink)
    [Anonymous Symbol]                       0x08000b24   Section        0  rtx_timer.o(.text.TimerUnlink)
    [Anonymous Symbol]                       0x08000b4c   Section        0  usart2.o(.text.USART2_init)
    __tagsym$$used.1                         0x08000bd8   Number         0  rtx_lib.o(.text._mutex_acquire)
    [Anonymous Symbol]                       0x08000bd8   Section        0  rtx_lib.o(.text._mutex_acquire)
    __tagsym$$used.3                         0x08000bf8   Number         0  rtx_lib.o(.text._mutex_free)
    [Anonymous Symbol]                       0x08000bf8   Section        0  rtx_lib.o(.text._mutex_free)
    __tagsym$$used.0                         0x08000c0c   Number         0  rtx_lib.o(.text._mutex_initialize)
    [Anonymous Symbol]                       0x08000c0c   Section        0  rtx_lib.o(.text._mutex_initialize)
    __tagsym$$used.2                         0x08000c40   Number         0  rtx_lib.o(.text._mutex_release)
    [Anonymous Symbol]                       0x08000c40   Section        0  rtx_lib.o(.text._mutex_release)
    [Anonymous Symbol]                       0x08000c5c   Section        0  rtx_lib.o(.text._platform_post_stackheap_init)
    atomic_dec16_nz                          0x08000c65   Thumb Code    44  rtx_system.o(.text.atomic_dec16_nz)
    [Anonymous Symbol]                       0x08000c64   Section        0  rtx_system.o(.text.atomic_dec16_nz)
    atomic_dec32                             0x08000c91   Thumb Code    32  rtx_mempool.o(.text.atomic_dec32)
    [Anonymous Symbol]                       0x08000c90   Section        0  rtx_mempool.o(.text.atomic_dec32)
    atomic_dec32_nz                          0x08000cb1   Thumb Code    40  rtx_msgqueue.o(.text.atomic_dec32_nz)
    [Anonymous Symbol]                       0x08000cb0   Section        0  rtx_msgqueue.o(.text.atomic_dec32_nz)
    atomic_inc16_lim                         0x08000cd9   Thumb Code    52  rtx_system.o(.text.atomic_inc16_lim)
    [Anonymous Symbol]                       0x08000cd8   Section        0  rtx_system.o(.text.atomic_inc16_lim)
    atomic_inc16_lt                          0x08000d0d   Thumb Code    56  rtx_system.o(.text.atomic_inc16_lt)
    [Anonymous Symbol]                       0x08000d0c   Section        0  rtx_system.o(.text.atomic_inc16_lt)
    atomic_inc32                             0x08000d45   Thumb Code    32  rtx_mempool.o(.text.atomic_inc32)
    [Anonymous Symbol]                       0x08000d44   Section        0  rtx_mempool.o(.text.atomic_inc32)
    atomic_inc32                             0x08000d65   Thumb Code    32  rtx_msgqueue.o(.text.atomic_inc32)
    [Anonymous Symbol]                       0x08000d64   Section        0  rtx_msgqueue.o(.text.atomic_inc32)
    atomic_link_get                          0x08000d85   Thumb Code    40  rtx_mempool.o(.text.atomic_link_get)
    [Anonymous Symbol]                       0x08000d84   Section        0  rtx_mempool.o(.text.atomic_link_get)
    atomic_link_put                          0x08000dad   Thumb Code    48  rtx_mempool.o(.text.atomic_link_put)
    [Anonymous Symbol]                       0x08000dac   Section        0  rtx_mempool.o(.text.atomic_link_put)
    atomic_wr8                               0x08000ddd   Thumb Code    40  rtx_msgqueue.o(.text.atomic_wr8)
    [Anonymous Symbol]                       0x08000ddc   Section        0  rtx_msgqueue.o(.text.atomic_wr8)
    isrRtxMessageQueueGet                    0x08000e05   Thumb Code   172  rtx_msgqueue.o(.text.isrRtxMessageQueueGet)
    [Anonymous Symbol]                       0x08000e04   Section        0  rtx_msgqueue.o(.text.isrRtxMessageQueueGet)
    isrRtxMessageQueuePut                    0x08000eb1   Thumb Code   188  rtx_msgqueue.o(.text.isrRtxMessageQueuePut)
    [Anonymous Symbol]                       0x08000eb0   Section        0  rtx_msgqueue.o(.text.isrRtxMessageQueuePut)
    isr_queue_get                            0x08000f6d   Thumb Code    84  rtx_system.o(.text.isr_queue_get)
    [Anonymous Symbol]                       0x08000f6c   Section        0  rtx_system.o(.text.isr_queue_get)
    isr_queue_put                            0x08000fc1   Thumb Code    94  rtx_system.o(.text.isr_queue_put)
    [Anonymous Symbol]                       0x08000fc0   Section        0  rtx_system.o(.text.isr_queue_put)
    [Anonymous Symbol]                       0x08001020   Section        0  main.o(.text.main)
    [Anonymous Symbol]                       0x080010bc   Section        0  rtx_kernel.o(.text.osKernelGetState)
    [Anonymous Symbol]                       0x08001100   Section        0  rtx_kernel.o(.text.osKernelInitialize)
    [Anonymous Symbol]                       0x0800114c   Section        0  rtx_msgqueue.o(.text.osMessageQueueGet)
    [Anonymous Symbol]                       0x080011cc   Section        0  rtx_msgqueue.o(.text.osMessageQueuePut)
    [Anonymous Symbol]                       0x08001258   Section        0  rtx_mutex.o(.text.osMutexAcquire)
    [Anonymous Symbol]                       0x080012bc   Section        0  rtx_mutex.o(.text.osMutexDelete)
    [Anonymous Symbol]                       0x08001314   Section        0  rtx_mutex.o(.text.osMutexNew)
    [Anonymous Symbol]                       0x0800136c   Section        0  rtx_mutex.o(.text.osMutexRelease)
    [Anonymous Symbol]                       0x080013c4   Section        0  rtx_config.o(.text.osRtxErrorNotify)
    osRtxEventFlagsObject                    0x080013f5   Thumb Code    10  rtx_system.o(.text.osRtxEventFlagsObject)
    [Anonymous Symbol]                       0x080013f4   Section        0  rtx_system.o(.text.osRtxEventFlagsObject)
    [Anonymous Symbol]                       0x08001400   Section        0  rtx_kernel.o(.text.osRtxKernelBeforeInit)
    [Anonymous Symbol]                       0x08001404   Section        0  rtx_kernel.o(.text.osRtxKernelErrorNotify)
    osRtxKernelGetState                      0x08001421   Thumb Code    12  rtx_system.o(.text.osRtxKernelGetState)
    [Anonymous Symbol]                       0x08001420   Section        0  rtx_system.o(.text.osRtxKernelGetState)
    osRtxKernelGetState                      0x0800142d   Thumb Code    12  rtx_thread.o(.text.osRtxKernelGetState)
    [Anonymous Symbol]                       0x0800142c   Section        0  rtx_thread.o(.text.osRtxKernelGetState)
    osRtxKernelState                         0x08001439   Thumb Code    12  rtx_kernel.o(.text.osRtxKernelState)
    [Anonymous Symbol]                       0x08001438   Section        0  rtx_kernel.o(.text.osRtxKernelState)
    [Anonymous Symbol]                       0x08001444   Section        0  rtx_memory.o(.text.osRtxMemoryAlloc)
    [Anonymous Symbol]                       0x08001590   Section        0  rtx_memory.o(.text.osRtxMemoryFree)
    [Anonymous Symbol]                       0x08001654   Section        0  rtx_memory.o(.text.osRtxMemoryInit)
    [Anonymous Symbol]                       0x080016ec   Section        0  rtx_mempool.o(.text.osRtxMemoryPoolAlloc)
    [Anonymous Symbol]                       0x08001738   Section        0  rtx_mempool.o(.text.osRtxMemoryPoolFree)
    [Anonymous Symbol]                       0x0800179c   Section        0  rtx_mempool.o(.text.osRtxMemoryPoolInit)
    osRtxMemoryPoolObject                    0x08001835   Thumb Code    10  rtx_system.o(.text.osRtxMemoryPoolObject)
    [Anonymous Symbol]                       0x08001834   Section        0  rtx_system.o(.text.osRtxMemoryPoolObject)
    osRtxMessageObject                       0x08001841   Thumb Code    10  rtx_system.o(.text.osRtxMessageObject)
    [Anonymous Symbol]                       0x08001840   Section        0  rtx_system.o(.text.osRtxMessageObject)
    osRtxMessageQueueId                      0x0800184d   Thumb Code    10  rtx_msgqueue.o(.text.osRtxMessageQueueId)
    [Anonymous Symbol]                       0x0800184c   Section        0  rtx_msgqueue.o(.text.osRtxMessageQueueId)
    osRtxMessageQueuePostProcess             0x08001859   Thumb Code   324  rtx_msgqueue.o(.text.osRtxMessageQueuePostProcess)
    [Anonymous Symbol]                       0x08001858   Section        0  rtx_msgqueue.o(.text.osRtxMessageQueuePostProcess)
    [Anonymous Symbol]                       0x0800199c   Section        0  rtx_msgqueue.o(.text.osRtxMessageQueueTimerSetup)
    osRtxMutexDestroy                        0x080019dd   Thumb Code    90  rtx_mutex.o(.text.osRtxMutexDestroy)
    [Anonymous Symbol]                       0x080019dc   Section        0  rtx_mutex.o(.text.osRtxMutexDestroy)
    osRtxMutexId                             0x08001a39   Thumb Code    10  rtx_mutex.o(.text.osRtxMutexId)
    [Anonymous Symbol]                       0x08001a38   Section        0  rtx_mutex.o(.text.osRtxMutexId)
    osRtxMutexObject                         0x08001a45   Thumb Code    10  rtx_thread.o(.text.osRtxMutexObject)
    [Anonymous Symbol]                       0x08001a44   Section        0  rtx_thread.o(.text.osRtxMutexObject)
    [Anonymous Symbol]                       0x08001a50   Section        0  rtx_mutex.o(.text.osRtxMutexOwnerRestore)
    osRtxMutexOwnerUnlock                    0x08001afd   Thumb Code   252  rtx_mutex.o(.text.osRtxMutexOwnerUnlock)
    [Anonymous Symbol]                       0x08001afc   Section        0  rtx_mutex.o(.text.osRtxMutexOwnerUnlock)
    osRtxObject                              0x08001bf9   Thumb Code    10  rtx_msgqueue.o(.text.osRtxObject)
    [Anonymous Symbol]                       0x08001bf8   Section        0  rtx_msgqueue.o(.text.osRtxObject)
    osRtxObject                              0x08001c05   Thumb Code    10  rtx_mutex.o(.text.osRtxObject)
    [Anonymous Symbol]                       0x08001c04   Section        0  rtx_mutex.o(.text.osRtxObject)
    osRtxObject                              0x08001c11   Thumb Code    10  rtx_system.o(.text.osRtxObject)
    [Anonymous Symbol]                       0x08001c10   Section        0  rtx_system.o(.text.osRtxObject)
    osRtxObject                              0x08001c1d   Thumb Code    10  rtx_thread.o(.text.osRtxObject)
    [Anonymous Symbol]                       0x08001c1c   Section        0  rtx_thread.o(.text.osRtxObject)
    [Anonymous Symbol]                       0x08001c28   Section        0  rtx_system.o(.text.osRtxPendSV_Handler)
    [Anonymous Symbol]                       0x08001ce0   Section        0  rtx_system.o(.text.osRtxPostProcess)
    osRtxSemaphoreObject                     0x08001d25   Thumb Code    10  rtx_system.o(.text.osRtxSemaphoreObject)
    [Anonymous Symbol]                       0x08001d24   Section        0  rtx_system.o(.text.osRtxSemaphoreObject)
    osRtxThreadBlock                         0x08001d31   Thumb Code   136  rtx_thread.o(.text.osRtxThreadBlock)
    [Anonymous Symbol]                       0x08001d30   Section        0  rtx_thread.o(.text.osRtxThreadBlock)
    osRtxThreadDelayInsert                   0x08001db9   Thumb Code   250  rtx_thread.o(.text.osRtxThreadDelayInsert)
    [Anonymous Symbol]                       0x08001db8   Section        0  rtx_thread.o(.text.osRtxThreadDelayInsert)
    [Anonymous Symbol]                       0x08001eb4   Section        0  rtx_thread.o(.text.osRtxThreadDelayRemove)
    [Anonymous Symbol]                       0x08001f50   Section        0  rtx_thread.o(.text.osRtxThreadDelayTick)
    [Anonymous Symbol]                       0x080020a0   Section        0  rtx_thread.o(.text.osRtxThreadDispatch)
    osRtxThreadGetRunning                    0x08002139   Thumb Code    12  rtx_msgqueue.o(.text.osRtxThreadGetRunning)
    [Anonymous Symbol]                       0x08002138   Section        0  rtx_msgqueue.o(.text.osRtxThreadGetRunning)
    osRtxThreadGetRunning                    0x08002145   Thumb Code    12  rtx_mutex.o(.text.osRtxThreadGetRunning)
    [Anonymous Symbol]                       0x08002144   Section        0  rtx_mutex.o(.text.osRtxThreadGetRunning)
    osRtxThreadGetRunning                    0x08002151   Thumb Code    12  rtx_thread.o(.text.osRtxThreadGetRunning)
    [Anonymous Symbol]                       0x08002150   Section        0  rtx_thread.o(.text.osRtxThreadGetRunning)
    osRtxThreadGetRunning                    0x0800215d   Thumb Code    12  rtx_timer.o(.text.osRtxThreadGetRunning)
    [Anonymous Symbol]                       0x0800215c   Section        0  rtx_timer.o(.text.osRtxThreadGetRunning)
    [Anonymous Symbol]                       0x08002168   Section        0  rtx_thread.o(.text.osRtxThreadListGet)
    [Anonymous Symbol]                       0x080021a0   Section        0  rtx_thread.o(.text.osRtxThreadListPut)
    [Anonymous Symbol]                       0x08002218   Section        0  rtx_thread.o(.text.osRtxThreadListRemove)
    osRtxThreadListRoot                      0x0800224d   Thumb Code    34  rtx_thread.o(.text.osRtxThreadListRoot)
    [Anonymous Symbol]                       0x0800224c   Section        0  rtx_thread.o(.text.osRtxThreadListRoot)
    [Anonymous Symbol]                       0x08002270   Section        0  rtx_thread.o(.text.osRtxThreadListSort)
    osRtxThreadObject                        0x080022c9   Thumb Code    10  rtx_system.o(.text.osRtxThreadObject)
    [Anonymous Symbol]                       0x080022c8   Section        0  rtx_system.o(.text.osRtxThreadObject)
    osRtxThreadObject                        0x080022d5   Thumb Code    10  rtx_thread.o(.text.osRtxThreadObject)
    [Anonymous Symbol]                       0x080022d4   Section        0  rtx_thread.o(.text.osRtxThreadObject)
    [Anonymous Symbol]                       0x080022e0   Section        0  rtx_thread.o(.text.osRtxThreadReadyPut)
    [Anonymous Symbol]                       0x08002300   Section        0  rtx_thread.o(.text.osRtxThreadRegPtr)
    osRtxThreadSetRunning                    0x08002325   Thumb Code    20  rtx_timer.o(.text.osRtxThreadSetRunning)
    [Anonymous Symbol]                       0x08002324   Section        0  rtx_timer.o(.text.osRtxThreadSetRunning)
    [Anonymous Symbol]                       0x08002338   Section        0  rtx_thread.o(.text.osRtxThreadStackCheck)
    [Anonymous Symbol]                       0x08002374   Section        0  rtx_thread.o(.text.osRtxThreadSwitch)
    [Anonymous Symbol]                       0x080023a4   Section        0  rtx_thread.o(.text.osRtxThreadWaitEnter)
    [Anonymous Symbol]                       0x0800241c   Section        0  rtx_thread.o(.text.osRtxThreadWaitExit)
    [Anonymous Symbol]                       0x08002464   Section        0  rtx_system.o(.text.osRtxTick_Handler)
    [Anonymous Symbol]                       0x08002574   Section        0  rtx_timer.o(.text.osRtxTimerSetup)
    [Anonymous Symbol]                       0x080025a4   Section        0  rtx_timer.o(.text.osRtxTimerThread)
    osRtxTimerTick                           0x080025d9   Thumb Code   220  rtx_timer.o(.text.osRtxTimerTick)
    [Anonymous Symbol]                       0x080025d8   Section        0  rtx_timer.o(.text.osRtxTimerTick)
    os_kernel_is_active                      0x080026b5   Thumb Code    54  rtx_lib.o(.text.os_kernel_is_active)
    [Anonymous Symbol]                       0x080026b4   Section        0  rtx_lib.o(.text.os_kernel_is_active)
    svcRtxKernelGetState                     0x080026ed   Thumb Code    22  rtx_kernel.o(.text.svcRtxKernelGetState)
    [Anonymous Symbol]                       0x080026ec   Section        0  rtx_kernel.o(.text.svcRtxKernelGetState)
    svcRtxKernelInitialize                   0x08002705   Thumb Code   772  rtx_kernel.o(.text.svcRtxKernelInitialize)
    [Anonymous Symbol]                       0x08002704   Section        0  rtx_kernel.o(.text.svcRtxKernelInitialize)
    svcRtxMessageQueueGet                    0x08002a09   Thumb Code   360  rtx_msgqueue.o(.text.svcRtxMessageQueueGet)
    [Anonymous Symbol]                       0x08002a08   Section        0  rtx_msgqueue.o(.text.svcRtxMessageQueueGet)
    svcRtxMessageQueueNew                    0x08002b71   Thumb Code   656  rtx_msgqueue.o(.text.svcRtxMessageQueueNew)
    [Anonymous Symbol]                       0x08002b70   Section        0  rtx_msgqueue.o(.text.svcRtxMessageQueueNew)
    svcRtxMessageQueuePut                    0x08002e01   Thumb Code   348  rtx_msgqueue.o(.text.svcRtxMessageQueuePut)
    [Anonymous Symbol]                       0x08002e00   Section        0  rtx_msgqueue.o(.text.svcRtxMessageQueuePut)
    svcRtxMutexAcquire                       0x08002f5d   Thumb Code   374  rtx_mutex.o(.text.svcRtxMutexAcquire)
    [Anonymous Symbol]                       0x08002f5c   Section        0  rtx_mutex.o(.text.svcRtxMutexAcquire)
    svcRtxMutexDelete                        0x080030d5   Thumb Code    88  rtx_mutex.o(.text.svcRtxMutexDelete)
    [Anonymous Symbol]                       0x080030d4   Section        0  rtx_mutex.o(.text.svcRtxMutexDelete)
    svcRtxMutexNew                           0x0800312d   Thumb Code   322  rtx_mutex.o(.text.svcRtxMutexNew)
    [Anonymous Symbol]                       0x0800312c   Section        0  rtx_mutex.o(.text.svcRtxMutexNew)
    svcRtxMutexRelease                       0x08003271   Thumb Code   416  rtx_mutex.o(.text.svcRtxMutexRelease)
    [Anonymous Symbol]                       0x08003270   Section        0  rtx_mutex.o(.text.svcRtxMutexRelease)
    $v0                                      0x08003410   Number         0  fpinit.o(x$fpl$fpinit)
    x$fpl$fpinit                             0x08003410   Section       26  fpinit.o(x$fpl$fpinit)
    __tagsym$$used.4                         0x0800342c   Number         0  rtx_lib.o(.rodata)
    __tagsym$$used.5                         0x0800349c   Number         0  rtx_lib.o(.rodata)
    os_idle_thread_attr                      0x080034d8   Data          36  rtx_lib.o(.rodata.os_idle_thread_attr)
    [Anonymous Symbol]                       0x080034d8   Section        0  rtx_lib.o(.rodata.os_idle_thread_attr)
    os_timer_mq_attr                         0x080034fc   Data          24  rtx_lib.o(.rodata.os_timer_mq_attr)
    [Anonymous Symbol]                       0x080034fc   Section        0  rtx_lib.o(.rodata.os_timer_mq_attr)
    os_timer_thread_attr                     0x08003514   Data          36  rtx_lib.o(.rodata.os_timer_thread_attr)
    [Anonymous Symbol]                       0x08003514   Section        0  rtx_lib.o(.rodata.os_timer_thread_attr)
    .L.str                                   0x08003538   Data          11  rtx_kernel.o(.rodata.str1.1)
    [Anonymous Symbol]                       0x08003538   Section        0  rtx_kernel.o(.rodata.str1.1)
    .bss                                     0x200000a8   Section       96  libspace.o(.bss)
    os_isr_queue                             0x20000108   Data          64  rtx_lib.o(.bss.os)
    [Anonymous Symbol]                       0x20000108   Section        0  rtx_lib.o(.bss.os)
    os_mem                                   0x20000148   Data       32768  rtx_lib.o(.bss.os)
    os_timer_mq_cb                           0x20008148   Data          52  rtx_lib.o(.bss.os.msgqueue.cb)
    [Anonymous Symbol]                       0x20008148   Section        0  rtx_lib.o(.bss.os.msgqueue.cb)
    os_timer_mq_data                         0x2000817c   Data          80  rtx_lib.o(.bss.os.msgqueue.mem)
    [Anonymous Symbol]                       0x2000817c   Section        0  rtx_lib.o(.bss.os.msgqueue.mem)
    os_idle_thread_cb                        0x200081cc   Data          80  rtx_lib.o(.bss.os.thread.cb)
    [Anonymous Symbol]                       0x200081cc   Section        0  rtx_lib.o(.bss.os.thread.cb)
    os_timer_thread_cb                       0x2000821c   Data          80  rtx_lib.o(.bss.os.thread.cb)
    os_idle_thread_stack                     0x20008270   Data         512  rtx_lib.o(.bss.os.thread.idle.stack)
    [Anonymous Symbol]                       0x20008270   Section        0  rtx_lib.o(.bss.os.thread.idle.stack)
    os_timer_thread_stack                    0x20008470   Data         512  rtx_lib.o(.bss.os.thread.timer.stack)
    [Anonymous Symbol]                       0x20008470   Section        0  rtx_lib.o(.bss.os.thread.timer.stack)
    os_kernel_is_active.os_kernel_active     0x20008670   Data           1  rtx_lib.o(.bss.os_kernel_is_active.os_kernel_active)
    [Anonymous Symbol]                       0x20008670   Section        0  rtx_lib.o(.bss.os_kernel_is_active.os_kernel_active)
    Heap_Mem                                 0x20008678   Data         512  startup_stm32f401xe.o(HEAP)
    HEAP                                     0x20008678   Section      512  startup_stm32f401xe.o(HEAP)
    Stack_Mem                                0x20008878   Data        1024  startup_stm32f401xe.o(STACK)
    STACK                                    0x20008878   Section     1024  startup_stm32f401xe.o(STACK)
    __initial_sp                             0x20008c78   Data           0  startup_stm32f401xe.o(STACK)
    FPCCR                                    0xe000ef34   Number         0  irq_armv7m.o ABSOLUTE

    Global Symbols

    Symbol Name                              Value     Ov Type        Size  Object(Section)

    BuildAttributes$$THM_ISAv4$E$P$D$K$B$S$7EM$VFPi3$EXTD16$VFPS$VFMA$PE$A:L22UL41UL21$X:L11$S22US41US21$IEEE1$IW$~IW$USESV6$~STKCKD$USESV7$~SHL$OSPACE$ROPI$EBA8$UX$STANDARDLIB$REQ8$PRES8$EABIv2 0x00000000   Number         0  anon$$obj.o ABSOLUTE
    .bss.os.evflags.cb$$Base                  - Undefined Weak Reference
    .bss.os.evflags.cb$$Limit                 - Undefined Weak Reference
    .bss.os.mempool.cb$$Base                  - Undefined Weak Reference
    .bss.os.mempool.cb$$Limit                 - Undefined Weak Reference
    .bss.os.mutex.cb$$Base                    - Undefined Weak Reference
    .bss.os.mutex.cb$$Limit                   - Undefined Weak Reference
    .bss.os.semaphore.cb$$Base                - Undefined Weak Reference
    .bss.os.semaphore.cb$$Limit               - Undefined Weak Reference
    .bss.os.timer.cb$$Base                    - Undefined Weak Reference
    .bss.os.timer.cb$$Limit                   - Undefined Weak Reference
    __ARM_exceptions_init                     - Undefined Weak Reference
    __alloca_initialize                       - Undefined Weak Reference
    __arm_preinit_                            - Undefined Weak Reference
    __arm_relocate_pie_                       - Undefined Weak Reference
    __cpp_initialize__aeabi_                  - Undefined Weak Reference
    __cxa_finalize                            - Undefined Weak Reference
    __rt_locale                               - Undefined Weak Reference
    __sigvec_lookup                           - Undefined Weak Reference
    _atexit_init                              - Undefined Weak Reference
    _call_atexit_fns                          - Undefined Weak Reference
    _clock_init                               - Undefined Weak Reference
    _fp_trap_init                             - Undefined Weak Reference
    _fp_trap_shutdown                         - Undefined Weak Reference
    _get_lc_collate                           - Undefined Weak Reference
    _get_lc_ctype                             - Undefined Weak Reference
    _get_lc_monetary                          - Undefined Weak Reference
    _get_lc_numeric                           - Undefined Weak Reference
    _get_lc_time                              - Undefined Weak Reference
    _getenv_init                              - Undefined Weak Reference
    _handle_redirection                       - Undefined Weak Reference
    _init_alloc                               - Undefined Weak Reference
    _init_user_alloc                          - Undefined Weak Reference
    _initio                                   - Undefined Weak Reference
    _rand_init                                - Undefined Weak Reference
    _signal_finish                            - Undefined Weak Reference
    _signal_init                              - Undefined Weak Reference
    _terminate_alloc                          - Undefined Weak Reference
    _terminate_user_alloc                     - Undefined Weak Reference
    _terminateio                              - Undefined Weak Reference
    __Vectors_Size                           0x00000194   Number         0  startup_stm32f401xe.o ABSOLUTE
    __Vectors                                0x08000000   Data           4  startup_stm32f401xe.o(RESET)
    __Vectors_End                            0x08000194   Data           0  startup_stm32f401xe.o(RESET)
    __main                                   0x08000195   Thumb Code     8  __main.o(!!!main)
    __scatterload                            0x0800019d   Thumb Code     0  __scatter.o(!!!scatter)
    __scatterload_rt2                        0x0800019d   Thumb Code    44  __scatter.o(!!!scatter)
    __scatterload_rt2_thumb_only             0x0800019d   Thumb Code     0  __scatter.o(!!!scatter)
    __scatterload_null                       0x080001ab   Thumb Code     0  __scatter.o(!!!scatter)
    __scatterload_copy                       0x080001d1   Thumb Code    26  __scatter_copy.o(!!handler_copy)
    __scatterload_zeroinit                   0x080001ed   Thumb Code    28  __scatter_zi.o(!!handler_zi)
    __rt_lib_init                            0x08000209   Thumb Code     0  libinit.o(.ARM.Collect$$libinit$$00000000)
    __rt_lib_init_fp_1                       0x0800020b   Thumb Code     0  libinit2.o(.ARM.Collect$$libinit$$00000001)
    __rt_lib_init_alloca_1                   0x0800020f   Thumb Code     0  libinit2.o(.ARM.Collect$$libinit$$00000030)
    __rt_lib_init_argv_1                     0x0800020f   Thumb Code     0  libinit2.o(.ARM.Collect$$libinit$$0000002E)
    __rt_lib_init_atexit_1                   0x0800020f   Thumb Code     0  libinit2.o(.ARM.Collect$$libinit$$0000001D)
    __rt_lib_init_clock_1                    0x0800020f   Thumb Code     0  libinit2.o(.ARM.Collect$$libinit$$00000023)
    __rt_lib_init_cpp_1                      0x0800020f   Thumb Code     0  libinit2.o(.ARM.Collect$$libinit$$00000034)
    __rt_lib_init_exceptions_1               0x0800020f   Thumb Code     0  libinit2.o(.ARM.Collect$$libinit$$00000032)
    __rt_lib_init_fp_trap_1                  0x0800020f   Thumb Code     0  libinit2.o(.ARM.Collect$$libinit$$00000021)
    __rt_lib_init_getenv_1                   0x0800020f   Thumb Code     0  libinit2.o(.ARM.Collect$$libinit$$00000025)
    __rt_lib_init_heap_1                     0x0800020f   Thumb Code     0  libinit2.o(.ARM.Collect$$libinit$$0000000C)
    __rt_lib_init_lc_collate_1               0x0800020f   Thumb Code     0  libinit2.o(.ARM.Collect$$libinit$$00000013)
    __rt_lib_init_lc_ctype_1                 0x0800020f   Thumb Code     0  libinit2.o(.ARM.Collect$$libinit$$00000015)
    __rt_lib_init_lc_monetary_1              0x0800020f   Thumb Code     0  libinit2.o(.ARM.Collect$$libinit$$00000017)
    __rt_lib_init_lc_numeric_1               0x0800020f   Thumb Code     0  libinit2.o(.ARM.Collect$$libinit$$00000019)
    __rt_lib_init_lc_time_1                  0x0800020f   Thumb Code     0  libinit2.o(.ARM.Collect$$libinit$$0000001B)
    __rt_lib_init_preinit_1                  0x0800020f   Thumb Code     0  libinit2.o(.ARM.Collect$$libinit$$00000006)
    __rt_lib_init_rand_1                     0x0800020f   Thumb Code     0  libinit2.o(.ARM.Collect$$libinit$$00000010)
    __rt_lib_init_relocate_pie_1             0x0800020f   Thumb Code     0  libinit2.o(.ARM.Collect$$libinit$$00000004)
    __rt_lib_init_return                     0x0800020f   Thumb Code     0  libinit2.o(.ARM.Collect$$libinit$$00000035)
    __rt_lib_init_signal_1                   0x0800020f   Thumb Code     0  libinit2.o(.ARM.Collect$$libinit$$0000001F)
    __rt_lib_init_stdio_1                    0x0800020f   Thumb Code     0  libinit2.o(.ARM.Collect$$libinit$$00000027)
    __rt_lib_init_user_alloc_1               0x0800020f   Thumb Code     0  libinit2.o(.ARM.Collect$$libinit$$0000000E)
    __rt_lib_shutdown                        0x08000211   Thumb Code     0  libshutdown.o(.ARM.Collect$$libshutdown$$00000000)
    __rt_lib_shutdown_cpp_1                  0x08000213   Thumb Code     0  libshutdown2.o(.ARM.Collect$$libshutdown$$00000002)
    __rt_lib_shutdown_fp_trap_1              0x08000213   Thumb Code     0  libshutdown2.o(.ARM.Collect$$libshutdown$$00000007)
    __rt_lib_shutdown_heap_1                 0x08000213   Thumb Code     0  libshutdown2.o(.ARM.Collect$$libshutdown$$0000000F)
    __rt_lib_shutdown_return                 0x08000213   Thumb Code     0  libshutdown2.o(.ARM.Collect$$libshutdown$$00000010)
    __rt_lib_shutdown_signal_1               0x08000213   Thumb Code     0  libshutdown2.o(.ARM.Collect$$libshutdown$$0000000A)
    __rt_lib_shutdown_stdio_1                0x08000213   Thumb Code     0  libshutdown2.o(.ARM.Collect$$libshutdown$$00000004)
    __rt_lib_shutdown_user_alloc_1           0x08000213   Thumb Code     0  libshutdown2.o(.ARM.Collect$$libshutdown$$0000000C)
    __rt_entry                               0x08000215   Thumb Code     0  __rtentry.o(.ARM.Collect$$rtentry$$00000000)
    __rt_entry_presh_1                       0x08000215   Thumb Code     0  __rtentry2.o(.ARM.Collect$$rtentry$$00000002)
    __rt_entry_sh                            0x08000215   Thumb Code     0  __rtentry4.o(.ARM.Collect$$rtentry$$00000004)
    __rt_entry_postsh_1                      0x0800021b   Thumb Code     0  __rtentry2.o(.ARM.Collect$$rtentry$$00000008)
    __rt_entry_li                            0x08000223   Thumb Code     0  __rtentry2.o(.ARM.Collect$$rtentry$$0000000A)
    __rt_entry_main                          0x08000227   Thumb Code     0  __rtentry2.o(.ARM.Collect$$rtentry$$0000000D)
    __rt_entry_postli_1                      0x08000227   Thumb Code     0  __rtentry2.o(.ARM.Collect$$rtentry$$0000000C)
    __rt_exit                                0x0800022f   Thumb Code     0  rtexit.o(.ARM.Collect$$rtexit$$00000000)
    __rt_exit_ls                             0x08000231   Thumb Code     0  rtexit2.o(.ARM.Collect$$rtexit$$00000003)
    __rt_exit_prels_1                        0x08000231   Thumb Code     0  rtexit2.o(.ARM.Collect$$rtexit$$00000002)
    __rt_exit_exit                           0x08000235   Thumb Code     0  rtexit2.o(.ARM.Collect$$rtexit$$00000004)
    SVC_Handler                              0x0800023d   Thumb Code   208  irq_armv7m.o(.text)
    PendSV_Handler                           0x0800030d   Thumb Code    16  irq_armv7m.o(.text)
    SysTick_Handler                          0x0800031d   Thumb Code    16  irq_armv7m.o(.text)
    Reset_Handler                            0x0800033d   Thumb Code     8  startup_stm32f401xe.o(.text)
    NMI_Handler                              0x08000345   Thumb Code     2  startup_stm32f401xe.o(.text)
    HardFault_Handler                        0x08000347   Thumb Code     2  startup_stm32f401xe.o(.text)
    MemManage_Handler                        0x08000349   Thumb Code     2  startup_stm32f401xe.o(.text)
    BusFault_Handler                         0x0800034b   Thumb Code     2  startup_stm32f401xe.o(.text)
    UsageFault_Handler                       0x0800034d   Thumb Code     2  startup_stm32f401xe.o(.text)
    DebugMon_Handler                         0x08000351   Thumb Code     2  startup_stm32f401xe.o(.text)
    ADC_IRQHandler                           0x08000357   Thumb Code     0  startup_stm32f401xe.o(.text)
    DMA1_Stream0_IRQHandler                  0x08000357   Thumb Code     0  startup_stm32f401xe.o(.text)
    DMA1_Stream1_IRQHandler                  0x08000357   Thumb Code     0  startup_stm32f401xe.o(.text)
    DMA1_Stream2_IRQHandler                  0x08000357   Thumb Code     0  startup_stm32f401xe.o(.text)
    DMA1_Stream3_IRQHandler                  0x08000357   Thumb Code     0  startup_stm32f401xe.o(.text)
    DMA1_Stream4_IRQHandler                  0x08000357   Thumb Code     0  startup_stm32f401xe.o(.text)
    DMA1_Stream5_IRQHandler                  0x08000357   Thumb Code     0  startup_stm32f401xe.o(.text)
    DMA1_Stream6_IRQHandler                  0x08000357   Thumb Code     0  startup_stm32f401xe.o(.text)
    DMA1_Stream7_IRQHandler                  0x08000357   Thumb Code     0  startup_stm32f401xe.o(.text)
    DMA2_Stream0_IRQHandler                  0x08000357   Thumb Code     0  startup_stm32f401xe.o(.text)
    DMA2_Stream1_IRQHandler                  0x08000357   Thumb Code     0  startup_stm32f401xe.o(.text)
    DMA2_Stream2_IRQHandler                  0x08000357   Thumb Code     0  startup_stm32f401xe.o(.text)
    DMA2_Stream3_IRQHandler                  0x08000357   Thumb Code     0  startup_stm32f401xe.o(.text)
    DMA2_Stream4_IRQHandler                  0x08000357   Thumb Code     0  startup_stm32f401xe.o(.text)
    DMA2_Stream5_IRQHandler                  0x08000357   Thumb Code     0  startup_stm32f401xe.o(.text)
    DMA2_Stream6_IRQHandler                  0x08000357   Thumb Code     0  startup_stm32f401xe.o(.text)
    DMA2_Stream7_IRQHandler                  0x08000357   Thumb Code     0  startup_stm32f401xe.o(.text)
    EXTI0_IRQHandler                         0x08000357   Thumb Code     0  startup_stm32f401xe.o(.text)
    EXTI15_10_IRQHandler                     0x08000357   Thumb Code     0  startup_stm32f401xe.o(.text)
    EXTI1_IRQHandler                         0x08000357   Thumb Code     0  startup_stm32f401xe.o(.text)
    EXTI2_IRQHandler                         0x08000357   Thumb Code     0  startup_stm32f401xe.o(.text)
    EXTI3_IRQHandler                         0x08000357   Thumb Code     0  startup_stm32f401xe.o(.text)
    EXTI4_IRQHandler                         0x08000357   Thumb Code     0  startup_stm32f401xe.o(.text)
    EXTI9_5_IRQHandler                       0x08000357   Thumb Code     0  startup_stm32f401xe.o(.text)
    FLASH_IRQHandler                         0x08000357   Thumb Code     0  startup_stm32f401xe.o(.text)
    FPU_IRQHandler                           0x08000357   Thumb Code     0  startup_stm32f401xe.o(.text)
    I2C1_ER_IRQHandler                       0x08000357   Thumb Code     0  startup_stm32f401xe.o(.text)
    I2C1_EV_IRQHandler                       0x08000357   Thumb Code     0  startup_stm32f401xe.o(.text)
    I2C2_ER_IRQHandler                       0x08000357   Thumb Code     0  startup_stm32f401xe.o(.text)
    I2C2_EV_IRQHandler                       0x08000357   Thumb Code     0  startup_stm32f401xe.o(.text)
    I2C3_ER_IRQHandler                       0x08000357   Thumb Code     0  startup_stm32f401xe.o(.text)
    I2C3_EV_IRQHandler                       0x08000357   Thumb Code     0  startup_stm32f401xe.o(.text)
    OTG_FS_IRQHandler                        0x08000357   Thumb Code     0  startup_stm32f401xe.o(.text)
    OTG_FS_WKUP_IRQHandler                   0x08000357   Thumb Code     0  startup_stm32f401xe.o(.text)
    PVD_IRQHandler                           0x08000357   Thumb Code     0  startup_stm32f401xe.o(.text)
    RCC_IRQHandler                           0x08000357   Thumb Code     0  startup_stm32f401xe.o(.text)
    RTC_Alarm_IRQHandler                     0x08000357   Thumb Code     0  startup_stm32f401xe.o(.text)
    RTC_WKUP_IRQHandler                      0x08000357   Thumb Code     0  startup_stm32f401xe.o(.text)
    SDIO_IRQHandler                          0x08000357   Thumb Code     0  startup_stm32f401xe.o(.text)
    SPI1_IRQHandler                          0x08000357   Thumb Code     0  startup_stm32f401xe.o(.text)
    SPI2_IRQHandler                          0x08000357   Thumb Code     0  startup_stm32f401xe.o(.text)
    SPI3_IRQHandler                          0x08000357   Thumb Code     0  startup_stm32f401xe.o(.text)
    SPI4_IRQHandler                          0x08000357   Thumb Code     0  startup_stm32f401xe.o(.text)
    TAMP_STAMP_IRQHandler                    0x08000357   Thumb Code     0  startup_stm32f401xe.o(.text)
    TIM1_BRK_TIM9_IRQHandler                 0x08000357   Thumb Code     0  startup_stm32f401xe.o(.text)
    TIM1_CC_IRQHandler                       0x08000357   Thumb Code     0  startup_stm32f401xe.o(.text)
    TIM1_TRG_COM_TIM11_IRQHandler            0x08000357   Thumb Code     0  startup_stm32f401xe.o(.text)
    TIM1_UP_TIM10_IRQHandler                 0x08000357   Thumb Code     0  startup_stm32f401xe.o(.text)
    TIM2_IRQHandler                          0x08000357   Thumb Code     0  startup_stm32f401xe.o(.text)
    TIM3_IRQHandler                          0x08000357   Thumb Code     0  startup_stm32f401xe.o(.text)
    TIM4_IRQHandler                          0x08000357   Thumb Code     0  startup_stm32f401xe.o(.text)
    TIM5_IRQHandler                          0x08000357   Thumb Code     0  startup_stm32f401xe.o(.text)
    USART1_IRQHandler                        0x08000357   Thumb Code     0  startup_stm32f401xe.o(.text)
    USART2_IRQHandler                        0x08000357   Thumb Code     0  startup_stm32f401xe.o(.text)
    USART6_IRQHandler                        0x08000357   Thumb Code     0  startup_stm32f401xe.o(.text)
    WWDG_IRQHandler                          0x08000357   Thumb Code     0  startup_stm32f401xe.o(.text)
    __user_initial_stackheap                 0x08000359   Thumb Code     0  startup_stm32f401xe.o(.text)
    __aeabi_memcpy                           0x0800037d   Thumb Code     0  rt_memcpy_v6.o(.text)
    __rt_memcpy                              0x0800037d   Thumb Code   138  rt_memcpy_v6.o(.text)
    _memcpy_lastbytes                        0x080003e3   Thumb Code     0  rt_memcpy_v6.o(.text)
    __aeabi_memclr                           0x08000407   Thumb Code     0  rt_memclr.o(.text)
    __rt_memclr                              0x08000407   Thumb Code     0  rt_memclr.o(.text)
    _memset                                  0x0800040b   Thumb Code    64  rt_memclr.o(.text)
    __aeabi_memclr4                          0x0800044b   Thumb Code     0  rt_memclr_w.o(.text)
    __aeabi_memclr8                          0x0800044b   Thumb Code     0  rt_memclr_w.o(.text)
    __rt_memclr_w                            0x0800044b   Thumb Code     0  rt_memclr_w.o(.text)
    _memset_w                                0x0800044f   Thumb Code    74  rt_memclr_w.o(.text)
    __use_two_region_memory                  0x08000499   Thumb Code     2  heapauxi.o(.text)
    __rt_heap_escrow$2region                 0x0800049b   Thumb Code     2  heapauxi.o(.text)
    __rt_heap_expand$2region                 0x0800049d   Thumb Code     2  heapauxi.o(.text)
    __aeabi_memcpy4                          0x0800049f   Thumb Code     0  rt_memcpy_w.o(.text)
    __aeabi_memcpy8                          0x0800049f   Thumb Code     0  rt_memcpy_w.o(.text)
    __rt_memcpy_w                            0x0800049f   Thumb Code   100  rt_memcpy_w.o(.text)
    _memcpy_lastbytes_aligned                0x080004e7   Thumb Code     0  rt_memcpy_w.o(.text)
    __user_setup_stackheap                   0x08000503   Thumb Code    74  sys_stackheap_outer.o(.text)
    exit                                     0x0800054d   Thumb Code    18  exit.o(.text)
    __user_libspace                          0x08000561   Thumb Code     8  libspace.o(.text)
    __user_perproc_libspace                  0x08000561   Thumb Code     0  libspace.o(.text)
    _sys_exit                                0x08000569   Thumb Code     8  sys_exit.o(.text)
    __I$use$semihosting                      0x08000575   Thumb Code     0  use_no_semi.o(.text)
    __use_no_semihosting_swi                 0x08000575   Thumb Code     2  use_no_semi.o(.text)
    __semihosting_library_function           0x08000577   Thumb Code     0  indicate_semi.o(.text)
    _fp_init                                 0x08000579   Thumb Code    22  rtx_lib.o(.text.$Sub$$_fp_init)
    Buttons_GetCount                         0x08000591   Thumb Code     4  buttons_nucleo_f401re.o(.text.Buttons_GetCount)
    EvrRtxDelayCompleted                     0x08000595   Thumb Code     8  rtx_evr.o(.text.EvrRtxDelayCompleted)
    EvrRtxEventFlagsWaitTimeout              0x0800059d   Thumb Code     8  rtx_evr.o(.text.EvrRtxEventFlagsWaitTimeout)
    EvrRtxKernelError                        0x080005a5   Thumb Code     8  rtx_evr.o(.text.EvrRtxKernelError)
    EvrRtxKernelErrorNotify                  0x080005ad   Thumb Code    10  rtx_evr.o(.text.EvrRtxKernelErrorNotify)
    EvrRtxKernelGetState                     0x080005b9   Thumb Code     8  rtx_evr.o(.text.EvrRtxKernelGetState)
    EvrRtxKernelInitialize                   0x080005c1   Thumb Code     2  rtx_evr.o(.text.EvrRtxKernelInitialize)
    EvrRtxKernelInitialized                  0x080005c5   Thumb Code     2  rtx_evr.o(.text.EvrRtxKernelInitialized)
    EvrRtxMemoryAlloc                        0x080005c9   Thumb Code    14  rtx_evr.o(.text.EvrRtxMemoryAlloc)
    EvrRtxMemoryBlockAlloc                   0x080005d9   Thumb Code    10  rtx_evr.o(.text.EvrRtxMemoryBlockAlloc)
    EvrRtxMemoryBlockFree                    0x080005e5   Thumb Code    12  rtx_evr.o(.text.EvrRtxMemoryBlockFree)
    EvrRtxMemoryBlockInit                    0x080005f1   Thumb Code    14  rtx_evr.o(.text.EvrRtxMemoryBlockInit)
    EvrRtxMemoryFree                         0x08000601   Thumb Code    12  rtx_evr.o(.text.EvrRtxMemoryFree)
    EvrRtxMemoryInit                         0x0800060d   Thumb Code    12  rtx_evr.o(.text.EvrRtxMemoryInit)
    EvrRtxMemoryPoolAllocTimeout             0x08000619   Thumb Code     8  rtx_evr.o(.text.EvrRtxMemoryPoolAllocTimeout)
    EvrRtxMessageQueueCreated                0x08000621   Thumb Code    10  rtx_evr.o(.text.EvrRtxMessageQueueCreated)
    EvrRtxMessageQueueError                  0x0800062d   Thumb Code    10  rtx_evr.o(.text.EvrRtxMessageQueueError)
    EvrRtxMessageQueueGet                    0x08000639   Thumb Code    14  rtx_evr.o(.text.EvrRtxMessageQueueGet)
    EvrRtxMessageQueueGetPending             0x08000649   Thumb Code    12  rtx_evr.o(.text.EvrRtxMessageQueueGetPending)
    EvrRtxMessageQueueGetTimeout             0x08000655   Thumb Code     8  rtx_evr.o(.text.EvrRtxMessageQueueGetTimeout)
    EvrRtxMessageQueueInsertPending          0x0800065d   Thumb Code    10  rtx_evr.o(.text.EvrRtxMessageQueueInsertPending)
    EvrRtxMessageQueueInserted               0x08000669   Thumb Code    10  rtx_evr.o(.text.EvrRtxMessageQueueInserted)
    EvrRtxMessageQueueNotInserted            0x08000675   Thumb Code    10  rtx_evr.o(.text.EvrRtxMessageQueueNotInserted)
    EvrRtxMessageQueueNotRetrieved           0x08000681   Thumb Code    10  rtx_evr.o(.text.EvrRtxMessageQueueNotRetrieved)
    EvrRtxMessageQueuePut                    0x0800068d   Thumb Code    16  rtx_evr.o(.text.EvrRtxMessageQueuePut)
    EvrRtxMessageQueuePutPending             0x0800069d   Thumb Code    12  rtx_evr.o(.text.EvrRtxMessageQueuePutPending)
    EvrRtxMessageQueuePutTimeout             0x080006a9   Thumb Code     8  rtx_evr.o(.text.EvrRtxMessageQueuePutTimeout)
    EvrRtxMessageQueueRetrieved              0x080006b1   Thumb Code    10  rtx_evr.o(.text.EvrRtxMessageQueueRetrieved)
    EvrRtxMutexAcquire                       0x080006bd   Thumb Code    10  rtx_evr.o(.text.EvrRtxMutexAcquire)
    EvrRtxMutexAcquirePending                0x080006c9   Thumb Code    10  rtx_evr.o(.text.EvrRtxMutexAcquirePending)
    EvrRtxMutexAcquireTimeout                0x080006d5   Thumb Code     8  rtx_evr.o(.text.EvrRtxMutexAcquireTimeout)
    EvrRtxMutexAcquired                      0x080006dd   Thumb Code    10  rtx_evr.o(.text.EvrRtxMutexAcquired)
    EvrRtxMutexCreated                       0x080006e9   Thumb Code    10  rtx_evr.o(.text.EvrRtxMutexCreated)
    EvrRtxMutexDelete                        0x080006f5   Thumb Code     8  rtx_evr.o(.text.EvrRtxMutexDelete)
    EvrRtxMutexDestroyed                     0x080006fd   Thumb Code     8  rtx_evr.o(.text.EvrRtxMutexDestroyed)
    EvrRtxMutexError                         0x08000705   Thumb Code    10  rtx_evr.o(.text.EvrRtxMutexError)
    EvrRtxMutexNew                           0x08000711   Thumb Code     8  rtx_evr.o(.text.EvrRtxMutexNew)
    EvrRtxMutexNotAcquired                   0x08000719   Thumb Code     8  rtx_evr.o(.text.EvrRtxMutexNotAcquired)
    EvrRtxMutexRelease                       0x08000721   Thumb Code     8  rtx_evr.o(.text.EvrRtxMutexRelease)
    EvrRtxMutexReleased                      0x08000729   Thumb Code    10  rtx_evr.o(.text.EvrRtxMutexReleased)
    EvrRtxSemaphoreAcquireTimeout            0x08000735   Thumb Code     8  rtx_evr.o(.text.EvrRtxSemaphoreAcquireTimeout)
    EvrRtxThreadBlocked                      0x0800073d   Thumb Code    10  rtx_evr.o(.text.EvrRtxThreadBlocked)
    EvrRtxThreadFlagsWaitTimeout             0x08000749   Thumb Code     8  rtx_evr.o(.text.EvrRtxThreadFlagsWaitTimeout)
    EvrRtxThreadPreempted                    0x08000751   Thumb Code     8  rtx_evr.o(.text.EvrRtxThreadPreempted)
    EvrRtxThreadSwitched                     0x08000759   Thumb Code     8  rtx_evr.o(.text.EvrRtxThreadSwitched)
    EvrRtxThreadUnblocked                    0x08000761   Thumb Code    10  rtx_evr.o(.text.EvrRtxThreadUnblocked)
    EvrRtxTimerCallback                      0x0800076d   Thumb Code    10  rtx_evr.o(.text.EvrRtxTimerCallback)
    OS_Tick_AcknowledgeIRQ                   0x08000a09   Thumb Code    12  os_systick.o(.text.OS_Tick_AcknowledgeIRQ)
    SystemInit                               0x08000a71   Thumb Code    18  system_stm32f4xx.o(.text.SystemInit)
    USART2_init                              0x08000b4d   Thumb Code   138  usart2.o(.text.USART2_init)
    _mutex_acquire                           0x08000bd9   Thumb Code    32  rtx_lib.o(.text._mutex_acquire)
    _mutex_free                              0x08000bf9   Thumb Code    18  rtx_lib.o(.text._mutex_free)
    _mutex_initialize                        0x08000c0d   Thumb Code    50  rtx_lib.o(.text._mutex_initialize)
    _mutex_release                           0x08000c41   Thumb Code    28  rtx_lib.o(.text._mutex_release)
    _platform_post_stackheap_init            0x08000c5d   Thumb Code     8  rtx_lib.o(.text._platform_post_stackheap_init)
    main                                     0x08001021   Thumb Code   156  main.o(.text.main)
    osKernelGetState                         0x080010bd   Thumb Code    66  rtx_kernel.o(.text.osKernelGetState)
    osKernelInitialize                       0x08001101   Thumb Code    74  rtx_kernel.o(.text.osKernelInitialize)
    osMessageQueueGet                        0x0800114d   Thumb Code   126  rtx_msgqueue.o(.text.osMessageQueueGet)
    osMessageQueuePut                        0x080011cd   Thumb Code   138  rtx_msgqueue.o(.text.osMessageQueuePut)
    osMutexAcquire                           0x08001259   Thumb Code   100  rtx_mutex.o(.text.osMutexAcquire)
    osMutexDelete                            0x080012bd   Thumb Code    86  rtx_mutex.o(.text.osMutexDelete)
    osMutexNew                               0x08001315   Thumb Code    86  rtx_mutex.o(.text.osMutexNew)
    osMutexRelease                           0x0800136d   Thumb Code    86  rtx_mutex.o(.text.osMutexRelease)
    osRtxErrorNotify                         0x080013c5   Thumb Code    48  rtx_config.o(.text.osRtxErrorNotify)
    osRtxKernelBeforeInit                    0x08001401   Thumb Code     2  rtx_kernel.o(.text.osRtxKernelBeforeInit)
    osRtxKernelErrorNotify                   0x08001405   Thumb Code    28  rtx_kernel.o(.text.osRtxKernelErrorNotify)
    osRtxMemoryAlloc                         0x08001445   Thumb Code   332  rtx_memory.o(.text.osRtxMemoryAlloc)
    osRtxMemoryFree                          0x08001591   Thumb Code   194  rtx_memory.o(.text.osRtxMemoryFree)
    osRtxMemoryInit                          0x08001655   Thumb Code   150  rtx_memory.o(.text.osRtxMemoryInit)
    osRtxMemoryPoolAlloc                     0x080016ed   Thumb Code    74  rtx_mempool.o(.text.osRtxMemoryPoolAlloc)
    osRtxMemoryPoolFree                      0x08001739   Thumb Code   100  rtx_mempool.o(.text.osRtxMemoryPoolFree)
    osRtxMemoryPoolInit                      0x0800179d   Thumb Code   152  rtx_mempool.o(.text.osRtxMemoryPoolInit)
    osRtxMessageQueueTimerSetup              0x0800199d   Thumb Code    62  rtx_msgqueue.o(.text.osRtxMessageQueueTimerSetup)
    osRtxMutexOwnerRestore                   0x08001a51   Thumb Code   172  rtx_mutex.o(.text.osRtxMutexOwnerRestore)
    osRtxPendSV_Handler                      0x08001c29   Thumb Code   184  rtx_system.o(.text.osRtxPendSV_Handler)
    osRtxPostProcess                         0x08001ce1   Thumb Code    66  rtx_system.o(.text.osRtxPostProcess)
    osRtxThreadDelayRemove                   0x08001eb5   Thumb Code   156  rtx_thread.o(.text.osRtxThreadDelayRemove)
    osRtxThreadDelayTick                     0x08001f51   Thumb Code   336  rtx_thread.o(.text.osRtxThreadDelayTick)
    osRtxThreadDispatch                      0x080020a1   Thumb Code   150  rtx_thread.o(.text.osRtxThreadDispatch)
    osRtxThreadListGet                       0x08002169   Thumb Code    54  rtx_thread.o(.text.osRtxThreadListGet)
    osRtxThreadListPut                       0x080021a1   Thumb Code   118  rtx_thread.o(.text.osRtxThreadListPut)
    osRtxThreadListRemove                    0x08002219   Thumb Code    50  rtx_thread.o(.text.osRtxThreadListRemove)
    osRtxThreadListSort                      0x08002271   Thumb Code    88  rtx_thread.o(.text.osRtxThreadListSort)
    osRtxThreadReadyPut                      0x080022e1   Thumb Code    32  rtx_thread.o(.text.osRtxThreadReadyPut)
    osRtxThreadRegPtr                        0x08002301   Thumb Code    34  rtx_thread.o(.text.osRtxThreadRegPtr)
    osRtxThreadStackCheck                    0x08002339   Thumb Code    60  rtx_thread.o(.text.osRtxThreadStackCheck)
    osRtxThreadSwitch                        0x08002375   Thumb Code    46  rtx_thread.o(.text.osRtxThreadSwitch)
    osRtxThreadWaitEnter                     0x080023a5   Thumb Code   118  rtx_thread.o(.text.osRtxThreadWaitEnter)
    osRtxThreadWaitExit                      0x0800241d   Thumb Code    70  rtx_thread.o(.text.osRtxThreadWaitExit)
    osRtxTick_Handler                        0x08002465   Thumb Code   272  rtx_system.o(.text.osRtxTick_Handler)
    osRtxTimerSetup                          0x08002575   Thumb Code    48  rtx_timer.o(.text.osRtxTimerSetup)
    osRtxTimerThread                         0x080025a5   Thumb Code    50  rtx_timer.o(.text.osRtxTimerThread)
    $Super$$_fp_init                         0x08003411   Thumb Code    26  fpinit.o(x$fpl$fpinit)
    __fplib_config_fpu_vfp                   0x08003429   Thumb Code     0  fpinit.o(x$fpl$fpinit)
    __fplib_config_pureend_doubles           0x08003429   Thumb Code     0  fpinit.o(x$fpl$fpinit)
    osRtxConfig                              0x0800342c   Data         112  rtx_lib.o(.rodata)
    os_cb_sections                           0x0800349c   Data          56  rtx_lib.o(.rodata)
    osRtxUserSVC                             0x080034d4   Data           4  rtx_lib.o(.rodata.osRtxUserSVC)
    Region$$Table$$Base                      0x08003544   Number         0  anon$$obj.o(Region$$Table)
    Region$$Table$$Limit                     0x08003564   Number         0  anon$$obj.o(Region$$Table)
    osRtxInfo                                0x20000000   Data         164  rtx_kernel.o(.data.os)
    __libspace_start                         0x200000a8   Data          96  libspace.o(.bss)
    __temporary_stack_top$libspace           0x20000108   Data           0  libspace.o(.bss)
    .bss.os.msgqueue.cb$$Base                0x20008148   Number         0  rtx_lib.o(.bss.os.msgqueue.cb)
    .bss.os.msgqueue.cb$$Limit               0x2000817c   Number         0  rtx_lib.o(.bss.os.msgqueue.cb)
    .bss.os.thread.cb$$Base                  0x200081cc   Number         0  rtx_lib.o(.bss.os.thread.cb)
    .bss.os.thread.cb$$Limit                 0x2000826c   Number         0  rtx_lib.o(.bss.os.thread.cb)



==============================================================================

Memory Map of the image

  Image Entry point : 0x0800033d

  Load Region LR_1 (Base: 0x08000000, Size: 0x00003608, Max: 0xffffffff, ABSOLUTE)

    Execution Region ER_RO (Exec base: 0x08000000, Load base: 0x08000000, Size: 0x00003564, Max: 0xffffffff, ABSOLUTE)

    Exec Addr    Load Addr    Size         Type   Attr      Idx    E Section Name        Object

    0x08000000   0x08000000   0x00000194   Data   RO         1618    RESET               startup_stm32f401xe.o
    0x08000194   0x08000194   0x00000008   Code   RO         1651  * !!!main             c_w.l(__main.o)
    0x0800019c   0x0800019c   0x00000034   Code   RO         1826    !!!scatter          c_w.l(__scatter.o)
    0x080001d0   0x080001d0   0x0000001a   Code   RO         1828    !!handler_copy      c_w.l(__scatter_copy.o)
    0x080001ea   0x080001ea   0x00000002   PAD
    0x080001ec   0x080001ec   0x0000001c   Code   RO         1830    !!handler_zi        c_w.l(__scatter_zi.o)
    0x08000208   0x08000208   0x00000002   Code   RO         1690    .ARM.Collect$$libinit$$00000000  c_w.l(libinit.o)
    0x0800020a   0x0800020a   0x00000004   Code   RO         1702    .ARM.Collect$$libinit$$00000001  c_w.l(libinit2.o)
    0x0800020e   0x0800020e   0x00000000   Code   RO         1705    .ARM.Collect$$libinit$$00000004  c_w.l(libinit2.o)
    0x0800020e   0x0800020e   0x00000000   Code   RO         1707    .ARM.Collect$$libinit$$00000006  c_w.l(libinit2.o)
    0x0800020e   0x0800020e   0x00000000   Code   RO         1710    .ARM.Collect$$libinit$$0000000C  c_w.l(libinit2.o)
    0x0800020e   0x0800020e   0x00000000   Code   RO         1712    .ARM.Collect$$libinit$$0000000E  c_w.l(libinit2.o)
    0x0800020e   0x0800020e   0x00000000   Code   RO         1714    .ARM.Collect$$libinit$$00000010  c_w.l(libinit2.o)
    0x0800020e   0x0800020e   0x00000000   Code   RO         1717    .ARM.Collect$$libinit$$00000013  c_w.l(libinit2.o)
    0x0800020e   0x0800020e   0x00000000   Code   RO         1719    .ARM.Collect$$libinit$$00000015  c_w.l(libinit2.o)
    0x0800020e   0x0800020e   0x00000000   Code   RO         1721    .ARM.Collect$$libinit$$00000017  c_w.l(libinit2.o)
    0x0800020e   0x0800020e   0x00000000   Code   RO         1723    .ARM.Collect$$libinit$$00000019  c_w.l(libinit2.o)
    0x0800020e   0x0800020e   0x00000000   Code   RO         1725    .ARM.Collect$$libinit$$0000001B  c_w.l(libinit2.o)
    0x0800020e   0x0800020e   0x00000000   Code   RO         1727    .ARM.Collect$$libinit$$0000001D  c_w.l(libinit2.o)
    0x0800020e   0x0800020e   0x00000000   Code   RO         1729    .ARM.Collect$$libinit$$0000001F  c_w.l(libinit2.o)
    0x0800020e   0x0800020e   0x00000000   Code   RO         1731    .ARM.Collect$$libinit$$00000021  c_w.l(libinit2.o)
    0x0800020e   0x0800020e   0x00000000   Code   RO         1733    .ARM.Collect$$libinit$$00000023  c_w.l(libinit2.o)
    0x0800020e   0x0800020e   0x00000000   Code   RO         1735    .ARM.Collect$$libinit$$00000025  c_w.l(libinit2.o)
    0x0800020e   0x0800020e   0x00000000   Code   RO         1737    .ARM.Collect$$libinit$$00000027  c_w.l(libinit2.o)
    0x0800020e   0x0800020e   0x00000000   Code   RO         1741    .ARM.Collect$$libinit$$0000002E  c_w.l(libinit2.o)
    0x0800020e   0x0800020e   0x00000000   Code   RO         1743    .ARM.Collect$$libinit$$00000030  c_w.l(libinit2.o)
    0x0800020e   0x0800020e   0x00000000   Code   RO         1745    .ARM.Collect$$libinit$$00000032  c_w.l(libinit2.o)
    0x0800020e   0x0800020e   0x00000000   Code   RO         1747    .ARM.Collect$$libinit$$00000034  c_w.l(libinit2.o)
    0x0800020e   0x0800020e   0x00000002   Code   RO         1748    .ARM.Collect$$libinit$$00000035  c_w.l(libinit2.o)
    0x08000210   0x08000210   0x00000002   Code   RO         1781    .ARM.Collect$$libshutdown$$00000000  c_w.l(libshutdown.o)
    0x08000212   0x08000212   0x00000000   Code   RO         1809    .ARM.Collect$$libshutdown$$00000002  c_w.l(libshutdown2.o)
    0x08000212   0x08000212   0x00000000   Code   RO         1811    .ARM.Collect$$libshutdown$$00000004  c_w.l(libshutdown2.o)
    0x08000212   0x08000212   0x00000000   Code   RO         1814    .ARM.Collect$$libshutdown$$00000007  c_w.l(libshutdown2.o)
    0x08000212   0x08000212   0x00000000   Code   RO         1817    .ARM.Collect$$libshutdown$$0000000A  c_w.l(libshutdown2.o)
    0x08000212   0x08000212   0x00000000   Code   RO         1819    .ARM.Collect$$libshutdown$$0000000C  c_w.l(libshutdown2.o)
    0x08000212   0x08000212   0x00000000   Code   RO         1822    .ARM.Collect$$libshutdown$$0000000F  c_w.l(libshutdown2.o)
    0x08000212   0x08000212   0x00000002   Code   RO         1823    .ARM.Collect$$libshutdown$$00000010  c_w.l(libshutdown2.o)
    0x08000214   0x08000214   0x00000000   Code   RO         1655    .ARM.Collect$$rtentry$$00000000  c_w.l(__rtentry.o)
    0x08000214   0x08000214   0x00000000   Code   RO         1663    .ARM.Collect$$rtentry$$00000002  c_w.l(__rtentry2.o)
    0x08000214   0x08000214   0x00000006   Code   RO         1675    .ARM.Collect$$rtentry$$00000004  c_w.l(__rtentry4.o)
    0x0800021a   0x0800021a   0x00000008   Code   RO         1664    .ARM.Collect$$rtentry$$00000008  c_w.l(__rtentry2.o)
    0x08000222   0x08000222   0x00000004   Code   RO         1666    .ARM.Collect$$rtentry$$0000000A  c_w.l(__rtentry2.o)
    0x08000226   0x08000226   0x00000000   Code   RO         1668    .ARM.Collect$$rtentry$$0000000C  c_w.l(__rtentry2.o)
    0x08000226   0x08000226   0x00000008   Code   RO         1669    .ARM.Collect$$rtentry$$0000000D  c_w.l(__rtentry2.o)
    0x0800022e   0x0800022e   0x00000002   Code   RO         1694    .ARM.Collect$$rtexit$$00000000  c_w.l(rtexit.o)
    0x08000230   0x08000230   0x00000000   Code   RO         1754    .ARM.Collect$$rtexit$$00000002  c_w.l(rtexit2.o)
    0x08000230   0x08000230   0x00000004   Code   RO         1755    .ARM.Collect$$rtexit$$00000003  c_w.l(rtexit2.o)
    0x08000234   0x08000234   0x00000006   Code   RO         1756    .ARM.Collect$$rtexit$$00000004  c_w.l(rtexit2.o)
    0x0800023a   0x0800023a   0x00000002   PAD
    0x0800023c   0x0800023c   0x00000100   Code   RO           68    .text               irq_armv7m.o
    0x0800033c   0x0800033c   0x00000040   Code   RO         1619  * .text               startup_stm32f401xe.o
    0x0800037c   0x0800037c   0x0000008a   Code   RO         1643    .text               c_w.l(rt_memcpy_v6.o)
    0x08000406   0x08000406   0x00000044   Code   RO         1645    .text               c_w.l(rt_memclr.o)
    0x0800044a   0x0800044a   0x0000004e   Code   RO         1647    .text               c_w.l(rt_memclr_w.o)
    0x08000498   0x08000498   0x00000006   Code   RO         1649    .text               c_w.l(heapauxi.o)
    0x0800049e   0x0800049e   0x00000064   Code   RO         1660    .text               c_w.l(rt_memcpy_w.o)
    0x08000502   0x08000502   0x0000004a   Code   RO         1679    .text               c_w.l(sys_stackheap_outer.o)
    0x0800054c   0x0800054c   0x00000012   Code   RO         1681    .text               c_w.l(exit.o)
    0x0800055e   0x0800055e   0x00000002   PAD
    0x08000560   0x08000560   0x00000008   Code   RO         1691    .text               c_w.l(libspace.o)
    0x08000568   0x08000568   0x0000000c   Code   RO         1749    .text               c_w.l(sys_exit.o)
    0x08000574   0x08000574   0x00000002   Code   RO         1770    .text               c_w.l(use_no_semi.o)
    0x08000576   0x08000576   0x00000000   Code   RO         1772    .text               c_w.l(indicate_semi.o)
    0x08000576   0x08000576   0x00000002   PAD
    0x08000578   0x08000578   0x00000016   Code   RO          650    .text.$Sub$$_fp_init  rtx_lib.o
    0x0800058e   0x0800058e   0x00000002   PAD
    0x08000590   0x08000590   0x00000004   Code   RO           40    .text.Buttons_GetCount  buttons_nucleo_f401re.o
    0x08000594   0x08000594   0x00000008   Code   RO          340    .text.EvrRtxDelayCompleted  rtx_evr.o
    0x0800059c   0x0800059c   0x00000008   Code   RO          388    .text.EvrRtxEventFlagsWaitTimeout  rtx_evr.o
    0x080005a4   0x080005a4   0x00000008   Code   RO          176    .text.EvrRtxKernelError  rtx_evr.o
    0x080005ac   0x080005ac   0x0000000a   Code   RO          224    .text.EvrRtxKernelErrorNotify  rtx_evr.o
    0x080005b6   0x080005b6   0x00000002   PAD
    0x080005b8   0x080005b8   0x00000008   Code   RO          186    .text.EvrRtxKernelGetState  rtx_evr.o
    0x080005c0   0x080005c0   0x00000002   Code   RO          178    .text.EvrRtxKernelInitialize  rtx_evr.o
    0x080005c2   0x080005c2   0x00000002   PAD
    0x080005c4   0x080005c4   0x00000002   Code   RO          180    .text.EvrRtxKernelInitialized  rtx_evr.o
    0x080005c6   0x080005c6   0x00000002   PAD
    0x080005c8   0x080005c8   0x0000000e   Code   RO          166    .text.EvrRtxMemoryAlloc  rtx_evr.o
    0x080005d6   0x080005d6   0x00000002   PAD
    0x080005d8   0x080005d8   0x0000000a   Code   RO          172    .text.EvrRtxMemoryBlockAlloc  rtx_evr.o
    0x080005e2   0x080005e2   0x00000002   PAD
    0x080005e4   0x080005e4   0x0000000c   Code   RO          174    .text.EvrRtxMemoryBlockFree  rtx_evr.o
    0x080005f0   0x080005f0   0x0000000e   Code   RO          170    .text.EvrRtxMemoryBlockInit  rtx_evr.o
    0x080005fe   0x080005fe   0x00000002   PAD
    0x08000600   0x08000600   0x0000000c   Code   RO          168    .text.EvrRtxMemoryFree  rtx_evr.o
    0x0800060c   0x0800060c   0x0000000c   Code   RO          164    .text.EvrRtxMemoryInit  rtx_evr.o
    0x08000618   0x08000618   0x00000008   Code   RO          466    .text.EvrRtxMemoryPoolAllocTimeout  rtx_evr.o
    0x08000620   0x08000620   0x0000000a   Code   RO          494    .text.EvrRtxMessageQueueCreated  rtx_evr.o
    0x0800062a   0x0800062a   0x00000002   PAD
    0x0800062c   0x0800062c   0x0000000a   Code   RO          490    .text.EvrRtxMessageQueueError  rtx_evr.o
    0x08000636   0x08000636   0x00000002   PAD
    0x08000638   0x08000638   0x0000000e   Code   RO          510    .text.EvrRtxMessageQueueGet  rtx_evr.o
    0x08000646   0x08000646   0x00000002   PAD
    0x08000648   0x08000648   0x0000000c   Code   RO          512    .text.EvrRtxMessageQueueGetPending  rtx_evr.o
    0x08000654   0x08000654   0x00000008   Code   RO          514    .text.EvrRtxMessageQueueGetTimeout  rtx_evr.o
    0x0800065c   0x0800065c   0x0000000a   Code   RO          504    .text.EvrRtxMessageQueueInsertPending  rtx_evr.o
    0x08000666   0x08000666   0x00000002   PAD
    0x08000668   0x08000668   0x0000000a   Code   RO          506    .text.EvrRtxMessageQueueInserted  rtx_evr.o
    0x08000672   0x08000672   0x00000002   PAD
    0x08000674   0x08000674   0x0000000a   Code   RO          508    .text.EvrRtxMessageQueueNotInserted  rtx_evr.o
    0x0800067e   0x0800067e   0x00000002   PAD
    0x08000680   0x08000680   0x0000000a   Code   RO          518    .text.EvrRtxMessageQueueNotRetrieved  rtx_evr.o
    0x0800068a   0x0800068a   0x00000002   PAD
    0x0800068c   0x0800068c   0x00000010   Code   RO          498    .text.EvrRtxMessageQueuePut  rtx_evr.o
    0x0800069c   0x0800069c   0x0000000c   Code   RO          500    .text.EvrRtxMessageQueuePutPending  rtx_evr.o
    0x080006a8   0x080006a8   0x00000008   Code   RO          502    .text.EvrRtxMessageQueuePutTimeout  rtx_evr.o
    0x080006b0   0x080006b0   0x0000000a   Code   RO          516    .text.EvrRtxMessageQueueRetrieved  rtx_evr.o
    0x080006ba   0x080006ba   0x00000002   PAD
    0x080006bc   0x080006bc   0x0000000a   Code   RO          406    .text.EvrRtxMutexAcquire  rtx_evr.o
    0x080006c6   0x080006c6   0x00000002   PAD
    0x080006c8   0x080006c8   0x0000000a   Code   RO          408    .text.EvrRtxMutexAcquirePending  rtx_evr.o
    0x080006d2   0x080006d2   0x00000002   PAD
    0x080006d4   0x080006d4   0x00000008   Code   RO          410    .text.EvrRtxMutexAcquireTimeout  rtx_evr.o
    0x080006dc   0x080006dc   0x0000000a   Code   RO          412    .text.EvrRtxMutexAcquired  rtx_evr.o
    0x080006e6   0x080006e6   0x00000002   PAD
    0x080006e8   0x080006e8   0x0000000a   Code   RO          402    .text.EvrRtxMutexCreated  rtx_evr.o
    0x080006f2   0x080006f2   0x00000002   PAD
    0x080006f4   0x080006f4   0x00000008   Code   RO          422    .text.EvrRtxMutexDelete  rtx_evr.o
    0x080006fc   0x080006fc   0x00000008   Code   RO          424    .text.EvrRtxMutexDestroyed  rtx_evr.o
    0x08000704   0x08000704   0x0000000a   Code   RO          398    .text.EvrRtxMutexError  rtx_evr.o
    0x0800070e   0x0800070e   0x00000002   PAD
    0x08000710   0x08000710   0x00000008   Code   RO          400    .text.EvrRtxMutexNew  rtx_evr.o
    0x08000718   0x08000718   0x00000008   Code   RO          414    .text.EvrRtxMutexNotAcquired  rtx_evr.o
    0x08000720   0x08000720   0x00000008   Code   RO          416    .text.EvrRtxMutexRelease  rtx_evr.o
    0x08000728   0x08000728   0x0000000a   Code   RO          418    .text.EvrRtxMutexReleased  rtx_evr.o
    0x08000732   0x08000732   0x00000002   PAD
    0x08000734   0x08000734   0x00000008   Code   RO          438    .text.EvrRtxSemaphoreAcquireTimeout  rtx_evr.o
    0x0800073c   0x0800073c   0x0000000a   Code   RO          274    .text.EvrRtxThreadBlocked  rtx_evr.o
    0x08000746   0x08000746   0x00000002   PAD
    0x08000748   0x08000748   0x00000008   Code   RO          324    .text.EvrRtxThreadFlagsWaitTimeout  rtx_evr.o
    0x08000750   0x08000750   0x00000008   Code   RO          278    .text.EvrRtxThreadPreempted  rtx_evr.o
    0x08000758   0x08000758   0x00000008   Code   RO          280    .text.EvrRtxThreadSwitched  rtx_evr.o
    0x08000760   0x08000760   0x0000000a   Code   RO          276    .text.EvrRtxThreadUnblocked  rtx_evr.o
    0x0800076a   0x0800076a   0x00000002   PAD
    0x0800076c   0x0800076c   0x0000000a   Code   RO          344    .text.EvrRtxTimerCallback  rtx_evr.o
    0x08000776   0x08000776   0x00000002   PAD
    0x08000778   0x08000778   0x00000014   Code   RO          549    .text.IsException   rtx_kernel.o
    0x0800078c   0x0800078c   0x00000014   Code   RO          792    .text.IsException   rtx_msgqueue.o
    0x080007a0   0x080007a0   0x00000014   Code   RO          873    .text.IsException   rtx_mutex.o
    0x080007b4   0x080007b4   0x0000002e   Code   RO          551    .text.IsIrqMasked   rtx_kernel.o
    0x080007e2   0x080007e2   0x00000002   PAD
    0x080007e4   0x080007e4   0x0000002e   Code   RO          794    .text.IsIrqMasked   rtx_msgqueue.o
    0x08000812   0x08000812   0x00000002   PAD
    0x08000814   0x08000814   0x0000002e   Code   RO          875    .text.IsIrqMasked   rtx_mutex.o
    0x08000842   0x08000842   0x00000002   PAD
    0x08000844   0x08000844   0x00000022   Code   RO          828    .text.IsMessageQueuePtrValid  rtx_msgqueue.o
    0x08000866   0x08000866   0x00000002   PAD
    0x08000868   0x08000868   0x00000022   Code   RO          891    .text.IsMutexPtrValid  rtx_mutex.o
    0x0800088a   0x0800088a   0x00000002   PAD
    0x0800088c   0x0800088c   0x00000014   Code   RO          555    .text.IsPrivileged  rtx_kernel.o
    0x080008a0   0x080008a0   0x00000018   Code   RO          694    .text.MemBlockPtr   rtx_memory.o
    0x080008b8   0x080008b8   0x0000000a   Code   RO          692    .text.MemHeadPtr    rtx_memory.o
    0x080008c2   0x080008c2   0x00000002   PAD
    0x080008c4   0x080008c4   0x00000052   Code   RO          844    .text.MessageQueueGet  rtx_msgqueue.o
    0x08000916   0x08000916   0x00000002   PAD
    0x08000918   0x08000918   0x000000ac   Code   RO          836    .text.MessageQueuePut  rtx_msgqueue.o
    0x080009c4   0x080009c4   0x00000042   Code   RO          832    .text.MessageQueueRemove  rtx_msgqueue.o
    0x08000a06   0x08000a06   0x00000002   PAD
    0x08000a08   0x08000a08   0x0000000c   Code   RO         1306    .text.OS_Tick_AcknowledgeIRQ  os_systick.o
    0x08000a14   0x08000a14   0x00000010   Code   RO          997    .text.SetPendSV     rtx_system.o
    0x08000a24   0x08000a24   0x00000034   Code   RO         1042    .text.SetPrivileged  rtx_thread.o
    0x08000a58   0x08000a58   0x00000018   Code   RO         1038    .text.StackOffsetR0  rtx_thread.o
    0x08000a70   0x08000a70   0x00000012   Code   RO         1626    .text.SystemInit    system_stm32f4xx.o
    0x08000a82   0x08000a82   0x00000002   PAD
    0x08000a84   0x08000a84   0x0000009e   Code   RO         1273    .text.TimerInsert   rtx_timer.o
    0x08000b22   0x08000b22   0x00000002   PAD
    0x08000b24   0x08000b24   0x00000028   Code   RO         1269    .text.TimerUnlink   rtx_timer.o
    0x08000b4c   0x08000b4c   0x0000008a   Code   RO           26    .text.USART2_init   usart2.o
    0x08000bd6   0x08000bd6   0x00000002   PAD
    0x08000bd8   0x08000bd8   0x00000020   Code   RO          662    .text._mutex_acquire  rtx_lib.o
    0x08000bf8   0x08000bf8   0x00000012   Code   RO          666    .text._mutex_free   rtx_lib.o
    0x08000c0a   0x08000c0a   0x00000002   PAD
    0x08000c0c   0x08000c0c   0x00000032   Code   RO          660    .text._mutex_initialize  rtx_lib.o
    0x08000c3e   0x08000c3e   0x00000002   PAD
    0x08000c40   0x08000c40   0x0000001c   Code   RO          664    .text._mutex_release  rtx_lib.o
    0x08000c5c   0x08000c5c   0x00000008   Code   RO          648    .text._platform_post_stackheap_init  rtx_lib.o
    0x08000c64   0x08000c64   0x0000002c   Code   RO          999    .text.atomic_dec16_nz  rtx_system.o
    0x08000c90   0x08000c90   0x00000020   Code   RO          719    .text.atomic_dec32  rtx_mempool.o
    0x08000cb0   0x08000cb0   0x00000028   Code   RO          846    .text.atomic_dec32_nz  rtx_msgqueue.o
    0x08000cd8   0x08000cd8   0x00000034   Code   RO         1001    .text.atomic_inc16_lim  rtx_system.o
    0x08000d0c   0x08000d0c   0x00000038   Code   RO         1005    .text.atomic_inc16_lt  rtx_system.o
    0x08000d44   0x08000d44   0x00000020   Code   RO          713    .text.atomic_inc32  rtx_mempool.o
    0x08000d64   0x08000d64   0x00000020   Code   RO          838    .text.atomic_inc32  rtx_msgqueue.o
    0x08000d84   0x08000d84   0x00000028   Code   RO          711    .text.atomic_link_get  rtx_mempool.o
    0x08000dac   0x08000dac   0x00000030   Code   RO          717    .text.atomic_link_put  rtx_mempool.o
    0x08000ddc   0x08000ddc   0x00000028   Code   RO          848    .text.atomic_wr8    rtx_msgqueue.o
    0x08000e04   0x08000e04   0x000000ac   Code   RO          806    .text.isrRtxMessageQueueGet  rtx_msgqueue.o
    0x08000eb0   0x08000eb0   0x000000bc   Code   RO          802    .text.isrRtxMessageQueuePut  rtx_msgqueue.o
    0x08000f6c   0x08000f6c   0x00000054   Code   RO          981    .text.isr_queue_get  rtx_system.o
    0x08000fc0   0x08000fc0   0x0000005e   Code   RO          995    .text.isr_queue_put  rtx_system.o
    0x0800101e   0x0800101e   0x00000002   PAD
    0x08001020   0x08001020   0x0000009c   Code   RO            6    .text.main          main.o
    0x080010bc   0x080010bc   0x00000042   Code   RO          559    .text.osKernelGetState  rtx_kernel.o
    0x080010fe   0x080010fe   0x00000002   PAD
    0x08001100   0x08001100   0x0000004a   Code   RO          547    .text.osKernelInitialize  rtx_kernel.o
    0x0800114a   0x0800114a   0x00000002   PAD
    0x0800114c   0x0800114c   0x0000007e   Code   RO          804    .text.osMessageQueueGet  rtx_msgqueue.o
    0x080011ca   0x080011ca   0x00000002   PAD
    0x080011cc   0x080011cc   0x0000008a   Code   RO          800    .text.osMessageQueuePut  rtx_msgqueue.o
    0x08001256   0x08001256   0x00000002   PAD
    0x08001258   0x08001258   0x00000064   Code   RO          881    .text.osMutexAcquire  rtx_mutex.o
    0x080012bc   0x080012bc   0x00000056   Code   RO          887    .text.osMutexDelete  rtx_mutex.o
    0x08001312   0x08001312   0x00000002   PAD
    0x08001314   0x08001314   0x00000056   Code   RO          871    .text.osMutexNew    rtx_mutex.o
    0x0800136a   0x0800136a   0x00000002   PAD
    0x0800136c   0x0800136c   0x00000056   Code   RO          883    .text.osMutexRelease  rtx_mutex.o
    0x080013c2   0x080013c2   0x00000002   PAD
    0x080013c4   0x080013c4   0x00000030   Code   RO         1328    .text.osRtxErrorNotify  rtx_config.o
    0x080013f4   0x080013f4   0x0000000a   Code   RO          985    .text.osRtxEventFlagsObject  rtx_system.o
    0x080013fe   0x080013fe   0x00000002   PAD
    0x08001400   0x08001400   0x00000002   Code   RO          543    .text.osRtxKernelBeforeInit  rtx_kernel.o
    0x08001402   0x08001402   0x00000002   PAD
    0x08001404   0x08001404   0x0000001c   Code   RO          545    .text.osRtxKernelErrorNotify  rtx_kernel.o
    0x08001420   0x08001420   0x0000000c   Code   RO          977    .text.osRtxKernelGetState  rtx_system.o
    0x0800142c   0x0800142c   0x0000000c   Code   RO         1046    .text.osRtxKernelGetState  rtx_thread.o
    0x08001438   0x08001438   0x0000000c   Code   RO          609    .text.osRtxKernelState  rtx_kernel.o
    0x08001444   0x08001444   0x0000014c   Code   RO          696    .text.osRtxMemoryAlloc  rtx_memory.o
    0x08001590   0x08001590   0x000000c2   Code   RO          698    .text.osRtxMemoryFree  rtx_memory.o
    0x08001652   0x08001652   0x00000002   PAD
    0x08001654   0x08001654   0x00000096   Code   RO          690    .text.osRtxMemoryInit  rtx_memory.o
    0x080016ea   0x080016ea   0x00000002   PAD
    0x080016ec   0x080016ec   0x0000004a   Code   RO          709    .text.osRtxMemoryPoolAlloc  rtx_mempool.o
    0x08001736   0x08001736   0x00000002   PAD
    0x08001738   0x08001738   0x00000064   Code   RO          715    .text.osRtxMemoryPoolFree  rtx_mempool.o
    0x0800179c   0x0800179c   0x00000098   Code   RO          707    .text.osRtxMemoryPoolInit  rtx_mempool.o
    0x08001834   0x08001834   0x0000000a   Code   RO          989    .text.osRtxMemoryPoolObject  rtx_system.o
    0x0800183e   0x0800183e   0x00000002   PAD
    0x08001840   0x08001840   0x0000000a   Code   RO          991    .text.osRtxMessageObject  rtx_system.o
    0x0800184a   0x0800184a   0x00000002   PAD
    0x0800184c   0x0800184c   0x0000000a   Code   RO          786    .text.osRtxMessageQueueId  rtx_msgqueue.o
    0x08001856   0x08001856   0x00000002   PAD
    0x08001858   0x08001858   0x00000144   Code   RO          830    .text.osRtxMessageQueuePostProcess  rtx_msgqueue.o
    0x0800199c   0x0800199c   0x0000003e   Code   RO          784    .text.osRtxMessageQueueTimerSetup  rtx_msgqueue.o
    0x080019da   0x080019da   0x00000002   PAD
    0x080019dc   0x080019dc   0x0000005a   Code   RO          907    .text.osRtxMutexDestroy  rtx_mutex.o
    0x08001a36   0x08001a36   0x00000002   PAD
    0x08001a38   0x08001a38   0x0000000a   Code   RO          893    .text.osRtxMutexId  rtx_mutex.o
    0x08001a42   0x08001a42   0x00000002   PAD
    0x08001a44   0x08001a44   0x0000000a   Code   RO         1034    .text.osRtxMutexObject  rtx_thread.o
    0x08001a4e   0x08001a4e   0x00000002   PAD
    0x08001a50   0x08001a50   0x000000ac   Code   RO          869    .text.osRtxMutexOwnerRestore  rtx_mutex.o
    0x08001afc   0x08001afc   0x000000fc   Code   RO          905    .text.osRtxMutexOwnerUnlock  rtx_mutex.o
    0x08001bf8   0x08001bf8   0x0000000a   Code   RO          834    .text.osRtxObject   rtx_msgqueue.o
    0x08001c02   0x08001c02   0x00000002   PAD
    0x08001c04   0x08001c04   0x0000000a   Code   RO          867    .text.osRtxObject   rtx_mutex.o
    0x08001c0e   0x08001c0e   0x00000002   PAD
    0x08001c10   0x08001c10   0x0000000a   Code   RO         1003    .text.osRtxObject   rtx_system.o
    0x08001c1a   0x08001c1a   0x00000002   PAD
    0x08001c1c   0x08001c1c   0x0000000a   Code   RO         1022    .text.osRtxObject   rtx_thread.o
    0x08001c26   0x08001c26   0x00000002   PAD
    0x08001c28   0x08001c28   0x000000b8   Code   RO          979    .text.osRtxPendSV_Handler  rtx_system.o
    0x08001ce0   0x08001ce0   0x00000042   Code   RO          993    .text.osRtxPostProcess  rtx_system.o
    0x08001d22   0x08001d22   0x00000002   PAD
    0x08001d24   0x08001d24   0x0000000a   Code   RO          987    .text.osRtxSemaphoreObject  rtx_system.o
    0x08001d2e   0x08001d2e   0x00000002   PAD
    0x08001d30   0x08001d30   0x00000088   Code   RO         1050    .text.osRtxThreadBlock  rtx_thread.o
    0x08001db8   0x08001db8   0x000000fa   Code   RO         1056    .text.osRtxThreadDelayInsert  rtx_thread.o
    0x08001eb2   0x08001eb2   0x00000002   PAD
    0x08001eb4   0x08001eb4   0x0000009c   Code   RO         1028    .text.osRtxThreadDelayRemove  rtx_thread.o
    0x08001f50   0x08001f50   0x00000150   Code   RO         1030    .text.osRtxThreadDelayTick  rtx_thread.o
    0x080020a0   0x080020a0   0x00000096   Code   RO         1044    .text.osRtxThreadDispatch  rtx_thread.o
    0x08002136   0x08002136   0x00000002   PAD
    0x08002138   0x08002138   0x0000000c   Code   RO          842    .text.osRtxThreadGetRunning  rtx_msgqueue.o
    0x08002144   0x08002144   0x0000000c   Code   RO          897    .text.osRtxThreadGetRunning  rtx_mutex.o
    0x08002150   0x08002150   0x0000000c   Code   RO         1048    .text.osRtxThreadGetRunning  rtx_thread.o
    0x0800215c   0x0800215c   0x0000000c   Code   RO         1267    .text.osRtxThreadGetRunning  rtx_timer.o
    0x08002168   0x08002168   0x00000036   Code   RO         1018    .text.osRtxThreadListGet  rtx_thread.o
    0x0800219e   0x0800219e   0x00000002   PAD
    0x080021a0   0x080021a0   0x00000076   Code   RO         1014    .text.osRtxThreadListPut  rtx_thread.o
    0x08002216   0x08002216   0x00000002   PAD
    0x08002218   0x08002218   0x00000032   Code   RO         1024    .text.osRtxThreadListRemove  rtx_thread.o
    0x0800224a   0x0800224a   0x00000002   PAD
    0x0800224c   0x0800224c   0x00000022   Code   RO         1032    .text.osRtxThreadListRoot  rtx_thread.o
    0x0800226e   0x0800226e   0x00000002   PAD
    0x08002270   0x08002270   0x00000058   Code   RO         1020    .text.osRtxThreadListSort  rtx_thread.o
    0x080022c8   0x080022c8   0x0000000a   Code   RO          983    .text.osRtxThreadObject  rtx_system.o
    0x080022d2   0x080022d2   0x00000002   PAD
    0x080022d4   0x080022d4   0x0000000a   Code   RO         1016    .text.osRtxThreadObject  rtx_thread.o
    0x080022de   0x080022de   0x00000002   PAD
    0x080022e0   0x080022e0   0x00000020   Code   RO         1026    .text.osRtxThreadReadyPut  rtx_thread.o
    0x08002300   0x08002300   0x00000022   Code   RO         1036    .text.osRtxThreadRegPtr  rtx_thread.o
    0x08002322   0x08002322   0x00000002   PAD
    0x08002324   0x08002324   0x00000014   Code   RO         1271    .text.osRtxThreadSetRunning  rtx_timer.o
    0x08002338   0x08002338   0x0000003c   Code   RO         1058    .text.osRtxThreadStackCheck  rtx_thread.o
    0x08002374   0x08002374   0x0000002e   Code   RO         1040    .text.osRtxThreadSwitch  rtx_thread.o
    0x080023a2   0x080023a2   0x00000002   PAD
    0x080023a4   0x080023a4   0x00000076   Code   RO         1054    .text.osRtxThreadWaitEnter  rtx_thread.o
    0x0800241a   0x0800241a   0x00000002   PAD
    0x0800241c   0x0800241c   0x00000046   Code   RO         1052    .text.osRtxThreadWaitExit  rtx_thread.o
    0x08002462   0x08002462   0x00000002   PAD
    0x08002464   0x08002464   0x00000110   Code   RO          975    .text.osRtxTick_Handler  rtx_system.o
    0x08002574   0x08002574   0x00000030   Code   RO         1243    .text.osRtxTimerSetup  rtx_timer.o
    0x080025a4   0x080025a4   0x00000032   Code   RO         1247    .text.osRtxTimerThread  rtx_timer.o
    0x080025d6   0x080025d6   0x00000002   PAD
    0x080025d8   0x080025d8   0x000000dc   Code   RO         1245    .text.osRtxTimerTick  rtx_timer.o
    0x080026b4   0x080026b4   0x00000036   Code   RO          654    .text.os_kernel_is_active  rtx_lib.o
    0x080026ea   0x080026ea   0x00000002   PAD
    0x080026ec   0x080026ec   0x00000016   Code   RO          561    .text.svcRtxKernelGetState  rtx_kernel.o
    0x08002702   0x08002702   0x00000002   PAD
    0x08002704   0x08002704   0x00000304   Code   RO          607    .text.svcRtxKernelInitialize  rtx_kernel.o
    0x08002a08   0x08002a08   0x00000168   Code   RO          850    .text.svcRtxMessageQueueGet  rtx_msgqueue.o
    0x08002b70   0x08002b70   0x00000290   Code   RO          788    .text.svcRtxMessageQueueNew  rtx_msgqueue.o
    0x08002e00   0x08002e00   0x0000015c   Code   RO          840    .text.svcRtxMessageQueuePut  rtx_msgqueue.o
    0x08002f5c   0x08002f5c   0x00000176   Code   RO          895    .text.svcRtxMutexAcquire  rtx_mutex.o
    0x080030d2   0x080030d2   0x00000002   PAD
    0x080030d4   0x080030d4   0x00000058   Code   RO          903    .text.svcRtxMutexDelete  rtx_mutex.o
    0x0800312c   0x0800312c   0x00000142   Code   RO          889    .text.svcRtxMutexNew  rtx_mutex.o
    0x0800326e   0x0800326e   0x00000002   PAD
    0x08003270   0x08003270   0x000001a0   Code   RO          899    .text.svcRtxMutexRelease  rtx_mutex.o
    0x08003410   0x08003410   0x0000001a   Code   RO         1653    x$fpl$fpinit        fz_wm.l(fpinit.o)
    0x0800342a   0x0800342a   0x00000002   PAD
    0x0800342c   0x0800342c   0x00000070   Data   RO          672    .rodata             rtx_lib.o
    0x0800349c   0x0800349c   0x00000038   Data   RO          675    .rodata             rtx_lib.o
    0x080034d4   0x080034d4   0x00000004   Data   RO          674    .rodata.osRtxUserSVC  rtx_lib.o
    0x080034d8   0x080034d8   0x00000024   Data   RO          669    .rodata.os_idle_thread_attr  rtx_lib.o
    0x080034fc   0x080034fc   0x00000018   Data   RO          671    .rodata.os_timer_mq_attr  rtx_lib.o
    0x08003514   0x08003514   0x00000024   Data   RO          670    .rodata.os_timer_thread_attr  rtx_lib.o
    0x08003538   0x08003538   0x0000000b   Data   RO          639    .rodata.str1.1      rtx_kernel.o
    0x08003543   0x08003543   0x00000001   PAD
    0x08003544   0x08003544   0x00000020   Data   RO         1825    Region$$Table       anon$$obj.o


    Execution Region ER_RW (Exec base: 0x20000000, Load base: 0x08003564, Size: 0x000000a4, Max: 0xffffffff, ABSOLUTE)

    Exec Addr    Load Addr    Size         Type   Attr      Idx    E Section Name        Object

    0x20000000   0x08003564   0x000000a4   Data   RW          640    .data.os            rtx_kernel.o


    Execution Region ER_ZI (Exec base: 0x200000a8, Load base: 0x08003608, Size: 0x00008bd0, Max: 0xffffffff, ABSOLUTE)

    Exec Addr    Load Addr    Size         Type   Attr      Idx    E Section Name        Object

    0x200000a8        -       0x00000060   Zero   RW         1692    .bss                c_w.l(libspace.o)
    0x20000108        -       0x00008040   Zero   RW          668    .bss.os             rtx_lib.o
    0x20008148        -       0x00000034   Zero   RW          680    .bss.os.msgqueue.cb  rtx_lib.o
    0x2000817c        -       0x00000050   Zero   RW          681    .bss.os.msgqueue.mem  rtx_lib.o
    0x200081cc        -       0x000000a0   Zero   RW          677    .bss.os.thread.cb   rtx_lib.o
    0x2000826c   0x08003608   0x00000004   PAD
    0x20008270        -       0x00000200   Zero   RW          678    .bss.os.thread.idle.stack  rtx_lib.o
    0x20008470        -       0x00000200   Zero   RW          679    .bss.os.thread.timer.stack  rtx_lib.o
    0x20008670        -       0x00000001   Zero   RW          682    .bss.os_kernel_is_active.os_kernel_active  rtx_lib.o
    0x20008671   0x08003608   0x00000007   PAD
    0x20008678        -       0x00000200   Zero   RW         1617    HEAP                startup_stm32f401xe.o
    0x20008878        -       0x00000400   Zero   RW         1616    STACK               startup_stm32f401xe.o


==============================================================================

Image component sizes


      Code (inc. data)   RO Data    RW Data    ZI Data      Debug   Object Name

         4          0          0          0          0       2252   buttons_nucleo_f401re.o
       256         16          0          0          0        767   irq_armv7m.o
       156          0          0          0          0       2462   main.o
        12          0          0          0          0       4261   os_systick.o
        48          6          0          0          0        701   rtx_config.o
       438          0          0          0          0      26343   rtx_evr.o
      1062          0         11        164          0      17520   rtx_kernel.o
       212          0        268          0      34149       8086   rtx_lib.o
       710          0          0          0          0       2321   rtx_memory.o
       478          0          0          0          0      12598   rtx_mempool.o
      2938          0          0          0          0      15226   rtx_msgqueue.o
      2204          0          0          0          0       9448   rtx_mutex.o
       940         10          0          0          0       6342   rtx_system.o
      1862          0          0          0          0      33400   rtx_thread.o
       548          0          0          0          0       9354   rtx_timer.o
        64         26        404          0       1536        872   startup_stm32f401xe.o
        18          0          0          0          0       2771   system_stm32f4xx.o
       138          0          0          0          0       1799   usart2.o

    ----------------------------------------------------------------------
     12248         58        716        164      35696     156523   Object Totals
         0          0         32          0          0          0   (incl. Generated)
       160          0          1          0         11          0   (incl. Padding)

    ----------------------------------------------------------------------

      Code (inc. data)   RO Data    RW Data    ZI Data      Debug   Library Member Name

         8          0          0          0          0         68   __main.o
         0          0          0          0          0          0   __rtentry.o
        20          0          0          0          0          0   __rtentry2.o
         6          0          0          0          0          0   __rtentry4.o
        52          8          0          0          0          0   __scatter.o
        26          0          0          0          0          0   __scatter_copy.o
        28          0          0          0          0          0   __scatter_zi.o
        18          0          0          0          0         80   exit.o
         6          0          0          0          0        152   heapauxi.o
         0          0          0          0          0          0   indicate_semi.o
         2          0          0          0          0          0   libinit.o
         6          0          0          0          0          0   libinit2.o
         2          0          0          0          0          0   libshutdown.o
         2          0          0          0          0          0   libshutdown2.o
         8          4          0          0         96         68   libspace.o
        68          0          0          0          0         68   rt_memclr.o
        78          0          0          0          0         80   rt_memclr_w.o
       138          0          0          0          0         68   rt_memcpy_v6.o
       100          0          0          0          0         80   rt_memcpy_w.o
         2          0          0          0          0          0   rtexit.o
        10          0          0          0          0          0   rtexit2.o
        12          4          0          0          0         68   sys_exit.o
        74          0          0          0          0         80   sys_stackheap_outer.o
         2          0          0          0          0         68   use_no_semi.o
        26          0          0          0          0        116   fpinit.o

    ----------------------------------------------------------------------
       704         16          0          0         96        996   Library Totals
        10          0          0          0          0          0   (incl. Padding)

    ----------------------------------------------------------------------

      Code (inc. data)   RO Data    RW Data    ZI Data      Debug   Library Name

       668         16          0          0         96        880   c_w.l
        26          0          0          0          0        116   fz_wm.l

    ----------------------------------------------------------------------
       704         16          0          0         96        996   Library Totals

    ----------------------------------------------------------------------

==============================================================================


      Code (inc. data)   RO Data    RW Data    ZI Data      Debug   

     12952         74        716        164      35792     156855   Grand Totals
     12952         74        716        164      35792     156855   ELF Image Totals
     12952         74        716        164          0          0   ROM Totals

==============================================================================

    Total RO  Size (Code + RO Data)                13668 (  13.35kB)
    Total RW  Size (RW Data + ZI Data)             35956 (  35.11kB)
    Total ROM Size (Code + RO Data + RW Data)      13832 (  13.51kB)

==============================================================================

