Component: Arm Compiler for Embedded 6.18 Tool: armlink [5e4cc100]

==============================================================================

Section Cross References

    main.o(.ARM.exidx.text.SystemCoreClockConfigure) refers to main.o(.text.SystemCoreClockConfigure) for [Anonymous Symbol]
    main.o(.text.main) refers to buttons_nucleo_f401re.o(.text.Buttons_GetCount) for Buttons_GetCount
    main.o(.text.main) refers to rtx_kernel.o(.text.osKernelInitialize) for osKernelInitialize
    main.o(.text.main) refers to main.o(.text.SystemCoreClockConfigure) for SystemCoreClockConfigure
    main.o(.ARM.exidx.text.main) refers to main.o(.text.main) for [Anonymous Symbol]
    buttons_nucleo_f401re.o(.ARM.exidx.text.Buttons_Initialize) refers to buttons_nucleo_f401re.o(.text.Buttons_Initialize) for [Anonymous Symbol]
    buttons_nucleo_f401re.o(.ARM.exidx.text.Buttons_Uninitialize) refers to buttons_nucleo_f401re.o(.text.Buttons_Uninitialize) for [Anonymous Symbol]
    buttons_nucleo_f401re.o(.ARM.exidx.text.Buttons_GetState) refers to buttons_nucleo_f401re.o(.text.Buttons_GetState) for [Anonymous Symbol]
    buttons_nucleo_f401re.o(.ARM.exidx.text.Buttons_GetCount) refers to buttons_nucleo_f401re.o(.text.Buttons_GetCount) for [Anonymous Symbol]
    led_nucleo_f401re.o(.ARM.exidx.text.LED_Initialize) refers to led_nucleo_f401re.o(.text.LED_Initialize) for [Anonymous Symbol]
    led_nucleo_f401re.o(.ARM.exidx.text.LED_Uninitialize) refers to led_nucleo_f401re.o(.text.LED_Uninitialize) for [Anonymous Symbol]
    led_nucleo_f401re.o(.text.LED_On) refers to led_nucleo_f401re.o(.rodata.led_mask) for led_mask
    led_nucleo_f401re.o(.ARM.exidx.text.LED_On) refers to led_nucleo_f401re.o(.text.LED_On) for [Anonymous Symbol]
    led_nucleo_f401re.o(.text.LED_Off) refers to led_nucleo_f401re.o(.rodata.led_mask) for led_mask
    led_nucleo_f401re.o(.ARM.exidx.text.LED_Off) refers to led_nucleo_f401re.o(.text.LED_Off) for [Anonymous Symbol]
    led_nucleo_f401re.o(.text.LED_SetOut) refers to led_nucleo_f401re.o(.text.LED_On) for LED_On
    led_nucleo_f401re.o(.text.LED_SetOut) refers to led_nucleo_f401re.o(.text.LED_Off) for LED_Off
    led_nucleo_f401re.o(.ARM.exidx.text.LED_SetOut) refers to led_nucleo_f401re.o(.text.LED_SetOut) for [Anonymous Symbol]
    led_nucleo_f401re.o(.ARM.exidx.text.LED_GetCount) refers to led_nucleo_f401re.o(.text.LED_GetCount) for [Anonymous Symbol]
    irq_armv7m.o(.text) refers to rtx_thread.o(.text.osRtxThreadStackCheck) for osRtxThreadStackCheck
    irq_armv7m.o(.text) refers to rtx_kernel.o(.text.osRtxKernelErrorNotify) for osRtxKernelErrorNotify
    irq_armv7m.o(.text) refers to rtx_system.o(.text.osRtxPendSV_Handler) for osRtxPendSV_Handler
    irq_armv7m.o(.text) refers to rtx_system.o(.text.osRtxTick_Handler) for osRtxTick_Handler
    irq_armv7m.o(.text) refers to rtx_kernel.o(.data.os) for osRtxInfo
    irq_armv7m.o(.text) refers to rtx_lib.o(.rodata.osRtxUserSVC) for osRtxUserSVC
    irq_armv7m.o(.ARM.exidx) refers to irq_armv7m.o(.text) for [Anonymous Symbol]
    rtx_delay.o(.text.osDelay) refers to rtx_evr.o(.text.EvrRtxDelay) for EvrRtxDelay
    rtx_delay.o(.text.osDelay) refers to rtx_delay.o(.text.IsException) for IsException
    rtx_delay.o(.text.osDelay) refers to rtx_delay.o(.text.IsIrqMasked) for IsIrqMasked
    rtx_delay.o(.text.osDelay) refers to rtx_evr.o(.text.EvrRtxDelayError) for EvrRtxDelayError
    rtx_delay.o(.text.osDelay) refers to rtx_delay.o(.text.svcRtxDelay) for svcRtxDelay
    rtx_delay.o(.ARM.exidx.text.osDelay) refers to rtx_delay.o(.text.osDelay) for [Anonymous Symbol]
    rtx_delay.o(.ARM.exidx.text.IsException) refers to rtx_delay.o(.text.IsException) for [Anonymous Symbol]
    rtx_delay.o(.ARM.exidx.text.IsIrqMasked) refers to rtx_delay.o(.text.IsIrqMasked) for [Anonymous Symbol]
    rtx_delay.o(.text.osDelayUntil) refers to rtx_evr.o(.text.EvrRtxDelayUntil) for EvrRtxDelayUntil
    rtx_delay.o(.text.osDelayUntil) refers to rtx_delay.o(.text.IsException) for IsException
    rtx_delay.o(.text.osDelayUntil) refers to rtx_delay.o(.text.IsIrqMasked) for IsIrqMasked
    rtx_delay.o(.text.osDelayUntil) refers to rtx_evr.o(.text.EvrRtxDelayError) for EvrRtxDelayError
    rtx_delay.o(.text.osDelayUntil) refers to rtx_delay.o(.text.svcRtxDelayUntil) for svcRtxDelayUntil
    rtx_delay.o(.ARM.exidx.text.osDelayUntil) refers to rtx_delay.o(.text.osDelayUntil) for [Anonymous Symbol]
    rtx_delay.o(.text.svcRtxDelay) refers to rtx_evr.o(.text.EvrRtxDelayError) for EvrRtxDelayError
    rtx_delay.o(.text.svcRtxDelay) refers to rtx_thread.o(.text.osRtxThreadWaitEnter) for osRtxThreadWaitEnter
    rtx_delay.o(.text.svcRtxDelay) refers to rtx_evr.o(.text.EvrRtxDelayStarted) for EvrRtxDelayStarted
    rtx_delay.o(.ARM.exidx.text.svcRtxDelay) refers to rtx_delay.o(.text.svcRtxDelay) for [Anonymous Symbol]
    rtx_delay.o(.text.svcRtxDelayUntil) refers to rtx_kernel.o(.data.os) for osRtxInfo
[...]
    [Anonymous Symbol]                       0x0800073c   Section        0  rtx_evr.o(.text.EvrRtxThreadBlocked)
    [Anonymous Symbol]                       0x08000748   Section        0  rtx_evr.o(.text.EvrRtxThreadFlagsWaitTimeout)
    [Anonymous Symbol]                       0x08000750   Section        0  rtx_evr.o(.text.EvrRtxThreadPreempted)
    [Anonymous Symbol]                       0x08000758   Section        0  rtx_evr.o(.text.EvrRtxThreadSwitched)
    [Anonymous Symbol]                       0x08000760   Section        0  rtx_evr.o(.text.EvrRtxThreadUnblocked)
    [Anonymous Symbol]                       0x0800076c   Section        0  rtx_evr.o(.text.EvrRtxTimerCallback)
    IsException                              0x08000779   Thumb Code    20  rtx_kernel.o(.text.IsException)
    [Anonymous Symbol]                       0x08000778   Section        0  rtx_kernel.o(.text.IsException)
    IsException                              0x0800078d   Thumb Code    20  rtx_msgqueue.o(.text.IsException)
    [Anonymous Symbol]                       0x0800078c   Section        0  rtx_msgqueue.o(.text.IsException)
    IsException                              0x080007a1   Thumb Code    20  rtx_mutex.o(.text.IsException)
    [Anonymous Symbol]                       0x080007a0   Section        0  rtx_mutex.o(.text.IsException)
    IsIrqMasked                              0x080007b5   Thumb Code    46  rtx_kernel.o(.text.IsIrqMasked)
    [Anonymous Symbol]                       0x080007b4   Section        0  rtx_kernel.o(.text.IsIrqMasked)
    IsIrqMasked                              0x080007e5   Thumb Code    46  rtx_msgqueue.o(.text.IsIrqMasked)
    [Anonymous Symbol]                       0x080007e4   Section        0  rtx_msgqueue.o(.text.IsIrqMasked)
    IsIrqMasked                              0x08000815   Thumb Code    46  rtx_mutex.o(.text.IsIrqMasked)
    [Anonymous Symbol]                       0x08000814   Section        0  rtx_mutex.o(.text.IsIrqMasked)
    IsMessageQueuePtrValid                   0x08000845   Thumb Code    34  rtx_msgqueue.o(.text.IsMessageQueuePtrValid)
    [Anonymous Symbol]                       0x08000844   Section        0  rtx_msgqueue.o(.text.IsMessageQueuePtrValid)
    IsMutexPtrValid                          0x08000869   Thumb Code    34  rtx_mutex.o(.text.IsMutexPtrValid)
    [Anonymous Symbol]                       0x08000868   Section        0  rtx_mutex.o(.text.IsMutexPtrValid)
    IsPrivileged                             0x0800088d   Thumb Code    20  rtx_kernel.o(.text.IsPrivileged)
    [Anonymous Symbol]                       0x0800088c   Section        0  rtx_kernel.o(.text.IsPrivileged)
    MemBlockPtr                              0x080008a1   Thumb Code    24  rtx_memory.o(.text.MemBlockPtr)
    [Anonymous Symbol]                       0x080008a0   Section        0  rtx_memory.o(.text.MemBlockPtr)
    MemHeadPtr                               0x080008b9   Thumb Code    10  rtx_memory.o(.text.MemHeadPtr)
    [Anonymous Symbol]                       0x080008b8   Section        0  rtx_memory.o(.text.MemHeadPtr)
    MessageQueueGet                          0x080008c5   Thumb Code    82  rtx_msgqueue.o(.text.MessageQueueGet)
    [Anonymous Symbol]                       0x080008c4   Section        0  rtx_msgqueue.o(.text.MessageQueueGet)
    MessageQueuePut                          0x08000919   Thumb Code   172  rtx_msgqueue.o(.text.MessageQueuePut)
    [Anonymous Symbol]                       0x08000918   Section        0  rtx_msgqueue.o(.text.MessageQueuePut)
    MessageQueueRemove                       0x080009c5   Thumb Code    66  rtx_msgqueue.o(.text.MessageQueueRemove)
    [Anonymous Symbol]                       0x080009c4   Section        0  rtx_msgqueue.o(.text.MessageQueueRemove)
    [Anonymous Symbol]                       0x08000a08   Section        0  os_systick.o(.text.OS_Tick_AcknowledgeIRQ)
    SetPendSV                                0x08000a15   Thumb Code    16  rtx_system.o(.text.SetPendSV)
    [Anonymous Symbol]                       0x08000a14   Section        0  rtx_system.o(.text.SetPendSV)
    SetPrivileged                            0x08000a25   Thumb Code    52  rtx_thread.o(.text.SetPrivileged)
    [Anonymous Symbol]                       0x08000a24   Section        0  rtx_thread.o(.text.SetPrivileged)
    StackOffsetR0                            0x08000a59   Thumb Code    24  rtx_thread.o(.text.StackOffsetR0)
    [Anonymous Symbol]                       0x08000a58   Section        0  rtx_thread.o(.text.StackOffsetR0)
    [Anonymous Symbol]                       0x08000a70   Section        0  main.o(.text.SystemCoreClockConfigure)
    [Anonymous Symbol]                       0x08000b70   Section        0  system_stm32f4xx.o(.text.SystemInit)
    TimerInsert                              0x08000b85   Thumb Code   158  rtx_timer.o(.text.TimerInsert)
    [Anonymous Symbol]                       0x08000b84   Section        0  rtx_timer.o(.text.TimerInsert)
    TimerUnlink                              0x08000c25   Thumb Code    40  rtx_timer.o(.text.TimerUnlink)
    [Anonymous Symbol]                       0x08000c24   Section        0  rtx_timer.o(.text.TimerUnlink)
    __tagsym$$used.1                         0x08000c4c   Number         0  rtx_lib.o(.text._mutex_acquire)
    [Anonymous Symbol]                       0x08000c4c   Section        0  rtx_lib.o(.text._mutex_acquire)
    __tagsym$$used.3                         0x08000c6c   Number         0  rtx_lib.o(.text._mutex_free)
    [Anonymous Symbol]                       0x08000c6c   Section        0  rtx_lib.o(.text._mutex_free)
    __tagsym$$used.0                         0x08000c80   Number         0  rtx_lib.o(.text._mutex_initialize)
    [Anonymous Symbol]                       0x08000c80   Section        0  rtx_lib.o(.text._mutex_initialize)
    __tagsym$$used.2                         0x08000cb4   Number         0  rtx_lib.o(.text._mutex_release)
    [Anonymous Symbol]                       0x08000cb4   Section        0  rtx_lib.o(.text._mutex_release)
    [Anonymous Symbol]                       0x08000cd0   Section        0  rtx_lib.o(.text._platform_post_stackheap_init)
    atomic_dec16_nz                          0x08000cd9   Thumb Code    44  rtx_system.o(.text.atomic_dec16_nz)
    [Anonymous Symbol]                       0x08000cd8   Section        0  rtx_system.o(.text.atomic_dec16_nz)
    atomic_dec32                             0x08000d05   Thumb Code    32  rtx_mempool.o(.text.atomic_dec32)
    [Anonymous Symbol]                       0x08000d04   Section        0  rtx_mempool.o(.text.atomic_dec32)
    atomic_dec32_nz                          0x08000d25   Thumb Code    40  rtx_msgqueue.o(.text.atomic_dec32_nz)
    [Anonymous Symbol]                       0x08000d24   Section        0  rtx_msgqueue.o(.text.atomic_dec32_nz)
    atomic_inc16_lim                         0x08000d4d   Thumb Code    52  rtx_system.o(.text.atomic_inc16_lim)
    [Anonymous Symbol]                       0x08000d4c   Section        0  rtx_system.o(.text.atomic_inc16_lim)
    atomic_inc16_lt                          0x08000d81   Thumb Code    56  rtx_system.o(.text.atomic_inc16_lt)
    [Anonymous Symbol]                       0x08000d80   Section        0  rtx_system.o(.text.atomic_inc16_lt)
    atomic_inc32                             0x08000db9   Thumb Code    32  rtx_mempool.o(.text.atomic_inc32)
    [Anonymous Symbol]                       0x08000db8   Section        0  rtx_mempool.o(.text.atomic_inc32)
    atomic_inc32                             0x08000dd9   Thumb Code    32  rtx_msgqueue.o(.text.atomic_inc32)
    [Anonymous Symbol]                       0x08000dd8   Section        0  rtx_msgqueue.o(.text.atomic_inc32)
    atomic_link_get                          0x08000df9   Thumb Code    40  rtx_mempool.o(.text.atomic_link_get)
    [Anonymous Symbol]                       0x08000df8   Section        0  rtx_mempool.o(.text.atomic_link_get)
    atomic_link_put                          0x08000e21   Thumb Code    48  rtx_mempool.o(.text.atomic_link_put)
    [Anonymous Symbol]                       0x08000e20   Section        0  rtx_mempool.o(.text.atomic_link_put)
    atomic_wr8                               0x08000e51   Thumb Code    40  rtx_msgqueue.o(.text.atomic_wr8)
    [Anonymous Symbol]                       0x08000e50   Section        0  rtx_msgqueue.o(.text.atomic_wr8)
    isrRtxMessageQueueGet                    0x08000e79   Thumb Code   172  rtx_msgqueue.o(.text.isrRtxMessageQueueGet)
    [Anonymous Symbol]                       0x08000e78   Section        0  rtx_msgqueue.o(.text.isrRtxMessageQueueGet)
    isrRtxMessageQueuePut                    0x08000f25   Thumb Code   188  rtx_msgqueue.o(.text.isrRtxMessageQueuePut)
    [Anonymous Symbol]                       0x08000f24   Section        0  rtx_msgqueue.o(.text.isrRtxMessageQueuePut)
    isr_queue_get                            0x08000fe1   Thumb Code    84  rtx_system.o(.text.isr_queue_get)
    [Anonymous Symbol]                       0x08000fe0   Section        0  rtx_system.o(.text.isr_queue_get)
    isr_queue_put                            0x08001035   Thumb Code    94  rtx_system.o(.text.isr_queue_put)
    [Anonymous Symbol]                       0x08001034   Section        0  rtx_system.o(.text.isr_queue_put)
    [Anonymous Symbol]                       0x08001094   Section        0  main.o(.text.main)
    [Anonymous Symbol]                       0x080010b4   Section        0  rtx_kernel.o(.text.osKernelGetState)
    [Anonymous Symbol]                       0x080010f8   Section        0  rtx_kernel.o(.text.osKernelInitialize)
    [Anonymous Symbol]                       0x08001144   Section        0  rtx_msgqueue.o(.text.osMessageQueueGet)
    [Anonymous Symbol]                       0x080011c4   Section        0  rtx_msgqueue.o(.text.osMessageQueuePut)
    [Anonymous Symbol]                       0x08001250   Section        0  rtx_mutex.o(.text.osMutexAcquire)
    [Anonymous Symbol]                       0x080012b4   Section        0  rtx_mutex.o(.text.osMutexDelete)
    [Anonymous Symbol]                       0x0800130c   Section        0  rtx_mutex.o(.text.osMutexNew)
    [Anonymous Symbol]                       0x08001364   Section        0  rtx_mutex.o(.text.osMutexRelease)
    [Anonymous Symbol]                       0x080013bc   Section        0  rtx_config.o(.text.osRtxErrorNotify)
    osRtxEventFlagsObject                    0x080013ed   Thumb Code    10  rtx_system.o(.text.osRtxEventFlagsObject)
    [Anonymous Symbol]                       0x080013ec   Section        0  rtx_system.o(.text.osRtxEventFlagsObject)
    [Anonymous Symbol]                       0x080013f8   Section        0  rtx_kernel.o(.text.osRtxKernelBeforeInit)
    [Anonymous Symbol]                       0x080013fc   Section        0  rtx_kernel.o(.text.osRtxKernelErrorNotify)
    osRtxKernelGetState                      0x08001419   Thumb Code    12  rtx_system.o(.text.osRtxKernelGetState)
    [Anonymous Symbol]                       0x08001418   Section        0  rtx_system.o(.text.osRtxKernelGetState)
    osRtxKernelGetState                      0x08001425   Thumb Code    12  rtx_thread.o(.text.osRtxKernelGetState)
    [Anonymous Symbol]                       0x08001424   Section        0  rtx_thread.o(.text.osRtxKernelGetState)
    osRtxKernelState                         0x08001431   Thumb Code    12  rtx_kernel.o(.text.osRtxKernelState)
    [Anonymous Symbol]                       0x08001430   Section        0  rtx_kernel.o(.text.osRtxKernelState)
    [Anonymous Symbol]                       0x0800143c   Section        0  rtx_memory.o(.text.osRtxMemoryAlloc)
    [Anonymous Symbol]                       0x08001588   Section        0  rtx_memory.o(.text.osRtxMemoryFree)
    [Anonymous Symbol]                       0x0800164c   Section        0  rtx_memory.o(.text.osRtxMemoryInit)
    [Anonymous Symbol]                       0x080016e4   Section        0  rtx_mempool.o(.text.osRtxMemoryPoolAlloc)
    [Anonymous Symbol]                       0x08001730   Section        0  rtx_mempool.o(.text.osRtxMemoryPoolFree)
    [Anonymous Symbol]                       0x08001794   Section        0  rtx_mempool.o(.text.osRtxMemoryPoolInit)
    osRtxMemoryPoolObject                    0x0800182d   Thumb Code    10  rtx_system.o(.text.osRtxMemoryPoolObject)
    [Anonymous Symbol]                       0x0800182c   Section        0  rtx_system.o(.text.osRtxMemoryPoolObject)
    osRtxMessageObject                       0x08001839   Thumb Code    10  rtx_system.o(.text.osRtxMessageObject)
    [Anonymous Symbol]                       0x08001838   Section        0  rtx_system.o(.text.osRtxMessageObject)
    osRtxMessageQueueId                      0x08001845   Thumb Code    10  rtx_msgqueue.o(.text.osRtxMessageQueueId)
    [Anonymous Symbol]                       0x08001844   Section        0  rtx_msgqueue.o(.text.osRtxMessageQueueId)
    osRtxMessageQueuePostProcess             0x08001851   Thumb Code   324  rtx_msgqueue.o(.text.osRtxMessageQueuePostProcess)
    [Anonymous Symbol]                       0x08001850   Section        0  rtx_msgqueue.o(.text.osRtxMessageQueuePostProcess)
    [Anonymous Symbol]                       0x08001994   Section        0  rtx_msgqueue.o(.text.osRtxMessageQueueTimerSetup)
    osRtxMutexDestroy                        0x080019d5   Thumb Code    90  rtx_mutex.o(.text.osRtxMutexDestroy)
    [Anonymous Symbol]                       0x080019d4   Section        0  rtx_mutex.o(.text.osRtxMutexDestroy)
    osRtxMutexId                             0x08001a31   Thumb Code    10  rtx_mutex.o(.text.osRtxMutexId)
    [Anonymous Symbol]                       0x08001a30   Section        0  rtx_mutex.o(.text.osRtxMutexId)
    osRtxMutexObject                         0x08001a3d   Thumb Code    10  rtx_thread.o(.text.osRtxMutexObject)
    [Anonymous Symbol]                       0x08001a3c   Section        0  rtx_thread.o(.text.osRtxMutexObject)
    [Anonymous Symbol]                       0x08001a48   Section        0  rtx_mutex.o(.text.osRtxMutexOwnerRestore)
    osRtxMutexOwnerUnlock                    0x08001af5   Thumb Code   252  rtx_mutex.o(.text.osRtxMutexOwnerUnlock)
    [Anonymous Symbol]                       0x08001af4   Section        0  rtx_mutex.o(.text.osRtxMutexOwnerUnlock)
    osRtxObject                              0x08001bf1   Thumb Code    10  rtx_msgqueue.o(.text.osRtxObject)
    [Anonymous Symbol]                       0x08001bf0   Section        0  rtx_msgqueue.o(.text.osRtxObject)
    osRtxObject                              0x08001bfd   Thumb Code    10  rtx_mutex.o(.text.osRtxObject)
    [Anonymous Symbol]                       0x08001bfc   Section        0  rtx_mutex.o(.text.osRtxObject)
    osRtxObject                              0x08001c09   Thumb Code    10  rtx_system.o(.text.osRtxObject)
    [Anonymous Symbol]                       0x08001c08   Section        0  rtx_system.o(.text.osRtxObject)
    osRtxObject                              0x08001c15   Thumb Code    10  rtx_thread.o(.text.osRtxObject)
    [Anonymous Symbol]                       0x08001c14   Section        0  rtx_thread.o(.text.osRtxObject)
    [Anonymous Symbol]                       0x08001c20   Section        0  rtx_system.o(.text.osRtxPendSV_Handler)
    [Anonymous Symbol]                       0x08001cd8   Section        0  rtx_system.o(.text.osRtxPostProcess)
    osRtxSemaphoreObject                     0x08001d1d   Thumb Code    10  rtx_system.o(.text.osRtxSemaphoreObject)
    [Anonymous Symbol]                       0x08001d1c   Section        0  rtx_system.o(.text.osRtxSemaphoreObject)
    osRtxThreadBlock                         0x08001d29   Thumb Code   136  rtx_thread.o(.text.osRtxThreadBlock)
    [Anonymous Symbol]                       0x08001d28   Section        0  rtx_thread.o(.text.osRtxThreadBlock)
    osRtxThreadDelayInsert                   0x08001db1   Thumb Code   250  rtx_thread.o(.text.osRtxThreadDelayInsert)
    [Anonymous Symbol]                       0x08001db0   Section        0  rtx_thread.o(.text.osRtxThreadDelayInsert)
    [Anonymous Symbol]                       0x08001eac   Section        0  rtx_thread.o(.text.osRtxThreadDelayRemove)
    [Anonymous Symbol]                       0x08001f48   Section        0  rtx_thread.o(.text.osRtxThreadDelayTick)
    [Anonymous Symbol]                       0x08002098   Section        0  rtx_thread.o(.text.osRtxThreadDispatch)
    osRtxThreadGetRunning                    0x08002131   Thumb Code    12  rtx_msgqueue.o(.text.osRtxThreadGetRunning)
    [Anonymous Symbol]                       0x08002130   Section        0  rtx_msgqueue.o(.text.osRtxThreadGetRunning)
    osRtxThreadGetRunning                    0x0800213d   Thumb Code    12  rtx_mutex.o(.text.osRtxThreadGetRunning)
    [Anonymous Symbol]                       0x0800213c   Section        0  rtx_mutex.o(.text.osRtxThreadGetRunning)
    osRtxThreadGetRunning                    0x08002149   Thumb Code    12  rtx_thread.o(.text.osRtxThreadGetRunning)
    [Anonymous Symbol]                       0x08002148   Section        0  rtx_thread.o(.text.osRtxThreadGetRunning)
    osRtxThreadGetRunning                    0x08002155   Thumb Code    12  rtx_timer.o(.text.osRtxThreadGetRunning)
    [Anonymous Symbol]                       0x08002154   Section        0  rtx_timer.o(.text.osRtxThreadGetRunning)
    [Anonymous Symbol]                       0x08002160   Section        0  rtx_thread.o(.text.osRtxThreadListGet)
    [Anonymous Symbol]                       0x08002198   Section        0  rtx_thread.o(.text.osRtxThreadListPut)
    [Anonymous Symbol]                       0x08002210   Section        0  rtx_thread.o(.text.osRtxThreadListRemove)
    osRtxThreadListRoot                      0x08002245   Thumb Code    34  rtx_thread.o(.text.osRtxThreadListRoot)
    [Anonymous Symbol]                       0x08002244   Section        0  rtx_thread.o(.text.osRtxThreadListRoot)
    [Anonymous Symbol]                       0x08002268   Section        0  rtx_thread.o(.text.osRtxThreadListSort)
    osRtxThreadObject                        0x080022c1   Thumb Code    10  rtx_system.o(.text.osRtxThreadObject)
    [Anonymous Symbol]                       0x080022c0   Section        0  rtx_system.o(.text.osRtxThreadObject)
    osRtxThreadObject                        0x080022cd   Thumb Code    10  rtx_thread.o(.text.osRtxThreadObject)
    [Anonymous Symbol]                       0x080022cc   Section        0  rtx_thread.o(.text.osRtxThreadObject)
    [Anonymous Symbol]                       0x080022d8   Section        0  rtx_thread.o(.text.osRtxThreadReadyPut)
    [Anonymous Symbol]                       0x080022f8   Section        0  rtx_thread.o(.text.osRtxThreadRegPtr)
    osRtxThreadSetRunning                    0x0800231d   Thumb Code    20  rtx_timer.o(.text.osRtxThreadSetRunning)
    [Anonymous Symbol]                       0x0800231c   Section        0  rtx_timer.o(.text.osRtxThreadSetRunning)
    [Anonymous Symbol]                       0x08002330   Section        0  rtx_thread.o(.text.osRtxThreadStackCheck)
    [Anonymous Symbol]                       0x0800236c   Section        0  rtx_thread.o(.text.osRtxThreadSwitch)
    [Anonymous Symbol]                       0x0800239c   Section        0  rtx_thread.o(.text.osRtxThreadWaitEnter)
    [Anonymous Symbol]                       0x08002414   Section        0  rtx_thread.o(.text.osRtxThreadWaitExit)
    [Anonymous Symbol]                       0x0800245c   Section        0  rtx_system.o(.text.osRtxTick_Handler)
    [Anonymous Symbol]                       0x0800256c   Section        0  rtx_timer.o(.text.osRtxTimerSetup)
    [Anonymous Symbol]                       0x0800259c   Section        0  rtx_timer.o(.text.osRtxTimerThread)
    osRtxTimerTick                           0x080025d1   Thumb Code   220  rtx_timer.o(.text.osRtxTimerTick)
    [Anonymous Symbol]                       0x080025d0   Section        0  rtx_timer.o(.text.osRtxTimerTick)
    os_kernel_is_active                      0x080026ad   Thumb Code    54  rtx_lib.o(.text.os_kernel_is_active)
    [Anonymous Symbol]                       0x080026ac   Section        0  rtx_lib.o(.text.os_kernel_is_active)
    svcRtxKernelGetState                     0x080026e5   Thumb Code    22  rtx_kernel.o(.text.svcRtxKernelGetState)
    [Anonymous Symbol]                       0x080026e4   Section        0  rtx_kernel.o(.text.svcRtxKernelGetState)
    svcRtxKernelInitialize                   0x080026fd   Thumb Code   772  rtx_kernel.o(.text.svcRtxKernelInitialize)
    [Anonymous Symbol]                       0x080026fc   Section        0  rtx_kernel.o(.text.svcRtxKernelInitialize)
    svcRtxMessageQueueGet                    0x08002a01   Thumb Code   360  rtx_msgqueue.o(.text.svcRtxMessageQueueGet)
    [Anonymous Symbol]                       0x08002a00   Section        0  rtx_msgqueue.o(.text.svcRtxMessageQueueGet)
    svcRtxMessageQueueNew                    0x08002b69   Thumb Code   656  rtx_msgqueue.o(.text.svcRtxMessageQueueNew)
    [Anonymous Symbol]                       0x08002b68   Section        0  rtx_msgqueue.o(.text.svcRtxMessageQueueNew)
    svcRtxMessageQueuePut                    0x08002df9   Thumb Code   348  rtx_msgqueue.o(.text.svcRtxMessageQueuePut)
    [Anonymous Symbol]                       0x08002df8   Section        0  rtx_msgqueue.o(.text.svcRtxMessageQueuePut)
    svcRtxMutexAcquire                       0x08002f55   Thumb Code   374  rtx_mutex.o(.text.svcRtxMutexAcquire)
    [Anonymous Symbol]                       0x08002f54   Section        0  rtx_mutex.o(.text.svcRtxMutexAcquire)
    svcRtxMutexDelete                        0x080030cd   Thumb Code    88  rtx_mutex.o(.text.svcRtxMutexDelete)
    [Anonymous Symbol]                       0x080030cc   Section        0  rtx_mutex.o(.text.svcRtxMutexDelete)
    svcRtxMutexNew                           0x08003125   Thumb Code   322  rtx_mutex.o(.text.svcRtxMutexNew)
    [Anonymous Symbol]                       0x08003124   Section        0  rtx_mutex.o(.text.svcRtxMutexNew)
    svcRtxMutexRelease                       0x08003269   Thumb Code   416  rtx_mutex.o(.text.svcRtxMutexRelease)
    [Anonymous Symbol]                       0x08003268   Section        0  rtx_mutex.o(.text.svcRtxMutexRelease)
    $v0                                      0x08003408   Number         0  fpinit.o(x$fpl$fpinit)
    x$fpl$fpinit                             0x08003408   Section       26  fpinit.o(x$fpl$fpinit)
    __tagsym$$used.4                         0x08003424   Number         0  rtx_lib.o(.rodata)
    __tagsym$$used.5                         0x08003494   Number         0  rtx_lib.o(.rodata)
    os_idle_thread_attr                      0x080034d0   Data          36  rtx_lib.o(.rodata.os_idle_thread_attr)
    [Anonymous Symbol]                       0x080034d0   Section        0  rtx_lib.o(.rodata.os_idle_thread_attr)
    os_timer_mq_attr                         0x080034f4   Data          24  rtx_lib.o(.rodata.os_timer_mq_attr)
    [Anonymous Symbol]                       0x080034f4   Section        0  rtx_lib.o(.rodata.os_timer_mq_attr)
    os_timer_thread_attr                     0x0800350c   Data          36  rtx_lib.o(.rodata.os_timer_thread_attr)
    [Anonymous Symbol]                       0x0800350c   Section        0  rtx_lib.o(.rodata.os_timer_thread_attr)
    .L.str                                   0x08003530   Data          11  rtx_kernel.o(.rodata.str1.1)
    [Anonymous Symbol]                       0x08003530   Section        0  rtx_kernel.o(.rodata.str1.1)
    .bss                                     0x200000a8   Section       96  libspace.o(.bss)
    os_isr_queue                             0x20000108   Data          64  rtx_lib.o(.bss.os)
    [Anonymous Symbol]                       0x20000108   Section        0  rtx_lib.o(.bss.os)
    os_mem                                   0x20000148   Data       32768  rtx_lib.o(.bss.os)
    os_timer_mq_cb                           0x20008148   Data          52  rtx_lib.o(.bss.os.msgqueue.cb)
    [Anonymous Symbol]                       0x20008148   Section        0  rtx_lib.o(.bss.os.msgqueue.cb)
    os_timer_mq_data                         0x2000817c   Data          80  rtx_lib.o(.bss.os.msgqueue.mem)
    [Anonymous Symbol]                       0x2000817c   Section        0  rtx_lib.o(.bss.os.msgqueue.mem)
    os_idle_thread_cb                        0x200081cc   Data          80  rtx_lib.o(.bss.os.thread.cb)
    [Anonymous Symbol]                       0x200081cc   Section        0  rtx_lib.o(.bss.os.thread.cb)
    os_timer_thread_cb                       0x2000821c   Data          80  rtx_lib.o(.bss.os.thread.cb)
    os_idle_thread_stack                     0x20008270   Data         512  rtx_lib.o(.bss.os.thread.idle.stack)
    [Anonymous Symbol]                       0x20008270   Section        0  rtx_lib.o(.bss.os.thread.idle.stack)
    os_timer_thread_stack                    0x20008470   Data         512  rtx_lib.o(.bss.os.thread.timer.stack)
    [Anonymous Symbol]                       0x20008470   Section        0  rtx_lib.o(.bss.os.thread.timer.stack)
    os_kernel_is_active.os_kernel_active     0x20008670   Data           1  rtx_lib.o(.bss.os_kernel_is_active.os_kernel_active)
    [Anonymous Symbol]                       0x20008670   Section        0  rtx_lib.o(.bss.os_kernel_is_active.os_kernel_active)
    Heap_Mem                                 0x20008678   Data         512  startup_stm32f401xe.o(HEAP)
    HEAP                                     0x20008678   Section      512  startup_stm32f401xe.o(HEAP)
    Stack_Mem                                0x20008878   Data        1024  startup_stm32f401xe.o(STACK)
    STACK                                    0x20008878   Section     1024  startup_stm32f401xe.o(STACK)
    __initial_sp                             0x20008c78   Data           0  startup_stm32f401xe.o(STACK)
    FPCCR                                    0xe000ef34   Number         0  irq_armv7m.o ABSOLUTE

    Global Symbols

    Symbol Name                              Value     Ov Type        Size  Object(Section)

    BuildAttributes$$THM_ISAv4$E$P$D$K$B$S$7EM$VFPi3$EXTD16$VFPS$VFMA$PE$A:L22UL41UL21$X:L11$S22US41US21$IEEE1$IW$~IW$USESV6$~STKCKD$USESV7$~SHL$OSPACE$ROPI$EBA8$UX$STANDARDLIB$REQ8$PRES8$EABIv2 0x00000000   Number         0  anon$$obj.o ABSOLUTE
    .bss.os.evflags.cb$$Base                  - Undefined Weak Reference
    .bss.os.evflags.cb$$Limit                 - Undefined Weak Reference
    .bss.os.mempool.cb$$Base                  - Undefined Weak Reference
    .bss.os.mempool.cb$$Limit                 - Undefined Weak Reference
    .bss.os.mutex.cb$$Base                    - Undefined Weak Reference
    .bss.os.mutex.cb$$Limit                   - Undefined Weak Reference
    .bss.os.semaphore.cb$$Base                - Undefined Weak Reference
    .bss.os.semaphore.cb$$Limit               - Undefined Weak Reference
    .bss.os.timer.cb$$Base                    - Undefined Weak Reference
    .bss.os.timer.cb$$Limit                   - Undefined Weak Reference
    __ARM_exceptions_init                     - Undefined Weak Reference
    __alloca_initialize                       - Undefined Weak Reference
    __arm_preinit_                            - Undefined Weak Reference
    __arm_relocate_pie_                       - Undefined Weak Reference
    __cpp_initialize__aeabi_                  - Undefined Weak Reference
    __cxa_finalize                            - Undefined Weak Reference
    __rt_locale                               - Undefined Weak Reference
    __sigvec_lookup                           - Undefined Weak Reference
    _atexit_init                              - Undefined Weak Reference
    _call_atexit_fns                          - Undefined Weak Reference
    _clock_init                               - Undefined Weak Reference
    _fp_trap_init                             - Undefined Weak Reference
    _fp_trap_shutdown                         - Undefined Weak Reference
    _get_lc_collate                           - Undefined Weak Reference
    _get_lc_ctype                             - Undefined Weak Reference
    _get_lc_monetary                          - Undefined Weak Reference
    _get_lc_numeric                           - Undefined Weak Reference
    _get_lc_time                              - Undefined Weak Reference
    _getenv_init                              - Undefined Weak Reference
    _handle_redirection                       - Undefined Weak Reference
    _init_alloc                               - Undefined Weak Reference
    _init_user_alloc                          - Undefined Weak Reference
    _initio                                   - Undefined Weak Reference
    _rand_init                                - Undefined Weak Reference
    _signal_finish                            - Undefined Weak Reference
    _signal_init                              - Undefined Weak Reference
    _terminate_alloc                          - Undefined Weak Reference
    _terminate_user_alloc                     - Undefined Weak Reference
    _terminateio                              - Undefined Weak Reference
    __Vectors_Size                           0x00000194   Number         0  startup_stm32f401xe.o ABSOLUTE
    __Vectors                                0x08000000   Data           4  startup_stm32f401xe.o(RESET)
    __Vectors_End                            0x08000194   Data           0  startup_stm32f401xe.o(RESET)
    __main                                   0x08000195   Thumb Code     8  __main.o(!!!main)
    __scatterload                            0x0800019d   Thumb Code     0  __scatter.o(!!!scatter)
    __scatterload_rt2                        0x0800019d   Thumb Code    44  __scatter.o(!!!scatter)
    __scatterload_rt2_thumb_only             0x0800019d   Thumb Code     0  __scatter.o(!!!scatter)
    __scatterload_null                       0x080001ab   Thumb Code     0  __scatter.o(!!!scatter)
    __scatterload_copy                       0x080001d1   Thumb Code    26  __scatter_copy.o(!!handler_copy)
    __scatterload_zeroinit                   0x080001ed   Thumb Code    28  __scatter_zi.o(!!handler_zi)
    __rt_lib_init                            0x08000209   Thumb Code     0  libinit.o(.ARM.Collect$$libinit$$00000000)
    __rt_lib_init_fp_1                       0x0800020b   Thumb Code     0  libinit2.o(.ARM.Collect$$libinit$$00000001)
    __rt_lib_init_alloca_1                   0x0800020f   Thumb Code     0  libinit2.o(.ARM.Collect$$libinit$$00000030)
    __rt_lib_init_argv_1                     0x0800020f   Thumb Code     0  libinit2.o(.ARM.Collect$$libinit$$0000002E)
    __rt_lib_init_atexit_1                   0x0800020f   Thumb Code     0  libinit2.o(.ARM.Collect$$libinit$$0000001D)
    __rt_lib_init_clock_1                    0x0800020f   Thumb Code     0  libinit2.o(.ARM.Collect$$libinit$$00000023)
    __rt_lib_init_cpp_1                      0x0800020f   Thumb Code     0  libinit2.o(.ARM.Collect$$libinit$$00000034)
    __rt_lib_init_exceptions_1               0x0800020f   Thumb Code     0  libinit2.o(.ARM.Collect$$libinit$$00000032)
    __rt_lib_init_fp_trap_1                  0x0800020f   Thumb Code     0  libinit2.o(.ARM.Collect$$libinit$$00000021)
    __rt_lib_init_getenv_1                   0x0800020f   Thumb Code     0  libinit2.o(.ARM.Collect$$libinit$$00000025)
    __rt_lib_init_heap_1                     0x0800020f   Thumb Code     0  libinit2.o(.ARM.Collect$$libinit$$0000000C)
    __rt_lib_init_lc_collate_1               0x0800020f   Thumb Code     0  libinit2.o(.ARM.Collect$$libinit$$00000013)
    __rt_lib_init_lc_ctype_1                 0x0800020f   Thumb Code     0  libinit2.o(.ARM.Collect$$libinit$$00000015)
    __rt_lib_init_lc_monetary_1              0x0800020f   Thumb Code     0  libinit2.o(.ARM.Collect$$libinit$$00000017)
    __rt_lib_init_lc_numeric_1               0x0800020f   Thumb Code     0  libinit2.o(.ARM.Collect$$libinit$$00000019)
    __rt_lib_init_lc_time_1                  0x0800020f   Thumb Code     0  libinit2.o(.ARM.Collect$$libinit$$0000001B)
    __rt_lib_init_preinit_1                  0x0800020f   Thumb Code     0  libinit2.o(.ARM.Collect$$libinit$$00000006)
    __rt_lib_init_rand_1                     0x0800020f   Thumb Code     0  libinit2.o(.ARM.Collect$$libinit$$00000010)
    __rt_lib_init_relocate_pie_1             0x0800020f   Thumb Code     0  libinit2.o(.ARM.Collect$$libinit$$00000004)
    __rt_lib_init_return                     0x0800020f   Thumb Code     0  libinit2.o(.ARM.Collect$$libinit$$00000035)
    __rt_lib_init_signal_1                   0x0800020f   Thumb Code     0  libinit2.o(.ARM.Collect$$libinit$$0000001F)
    __rt_lib_init_stdio_1                    0x0800020f   Thumb Code     0  libinit2.o(.ARM.Collect$$libinit$$00000027)
    __rt_lib_init_user_alloc_1               0x0800020f   Thumb Code     0  libinit2.o(.ARM.Collect$$libinit$$0000000E)
    __rt_lib_shutdown                        0x08000211   Thumb Code     0  libshutdown.o(.ARM.Collect$$libshutdown$$00000000)
    __rt_lib_shutdown_cpp_1                  0x08000213   Thumb Code     0  libshutdown2.o(.ARM.Collect$$libshutdown$$00000002)
    __rt_lib_shutdown_fp_trap_1              0x08000213   Thumb Code     0  libshutdown2.o(.ARM.Collect$$libshutdown$$00000007)
    __rt_lib_shutdown_heap_1                 0x08000213   Thumb Code     0  libshutdown2.o(.ARM.Collect$$libshutdown$$0000000F)
    __rt_lib_shutdown_return                 0x08000213   Thumb Code     0  libshutdown2.o(.ARM.Collect$$libshutdown$$00000010)
    __rt_lib_shutdown_signal_1               0x08000213   Thumb Code     0  libshutdown2.o(.ARM.Collect$$libshutdown$$0000000A)
    __rt_lib_shutdown_stdio_1                0x08000213   Thumb Code     0  libshutdown2.o(.ARM.Collect$$libshutdown$$00000004)
    __rt_lib_shutdown_user_alloc_1           0x08000213   Thumb Code     0  libshutdown2.o(.ARM.Collect$$libshutdown$$0000000C)
    __rt_entry                               0x08000215   Thumb Code     0  __rtentry.o(.ARM.Collect$$rtentry$$00000000)
    __rt_entry_presh_1                       0x08000215   Thumb Code     0  __rtentry2.o(.ARM.Collect$$rtentry$$00000002)
    __rt_entry_sh                            0x08000215   Thumb Code     0  __rtentry4.o(.ARM.Collect$$rtentry$$00000004)
    __rt_entry_postsh_1                      0x0800021b   Thumb Code     0  __rtentry2.o(.ARM.Collect$$rtentry$$00000008)
    __rt_entry_li                            0x08000223   Thumb Code     0  __rtentry2.o(.ARM.Collect$$rtentry$$0000000A)
    __rt_entry_main                          0x08000227   Thumb Code     0  __rtentry2.o(.ARM.Collect$$rtentry$$0000000D)
    __rt_entry_postli_1                      0x08000227   Thumb Code     0  __rtentry2.o(.ARM.Collect$$rtentry$$0000000C)
    __rt_exit                                0x0800022f   Thumb Code     0  rtexit.o(.ARM.Collect$$rtexit$$00000000)
    __rt_exit_ls                             0x08000231   Thumb Code     0  rtexit2.o(.ARM.Collect$$rtexit$$00000003)
    __rt_exit_prels_1                        0x08000231   Thumb Code     0  rtexit2.o(.ARM.Collect$$rtexit$$00000002)
    __rt_exit_exit                           0x08000235   Thumb Code     0  rtexit2.o(.ARM.Collect$$rtexit$$00000004)
    SVC_Handler                              0x0800023d   Thumb Code   208  irq_armv7m.o(.text)
    PendSV_Handler                           0x0800030d   Thumb Code    16  irq_armv7m.o(.text)
    SysTick_Handler                          0x0800031d   Thumb Code    16  irq_armv7m.o(.text)
    Reset_Handler                            0x0800033d   Thumb Code     8  startup_stm32f401xe.o(.text)
    NMI_Handler                              0x08000345   Thumb Code     2  startup_stm32f401xe.o(.text)
    HardFault_Handler                        0x08000347   Thumb Code     2  startup_stm32f401xe.o(.text)
    MemManage_Handler                        0x08000349   Thumb Code     2  startup_stm32f401xe.o(.text)
    BusFault_Handler                         0x0800034b   Thumb Code     2  startup_stm32f401xe.o(.text)
    UsageFault_Handler                       0x0800034d   Thumb Code     2  startup_stm32f401xe.o(.text)
    DebugMon_Handler                         0x08000351   Thumb Code     2  startup_stm32f401xe.o(.text)
    ADC_IRQHandler                           0x08000357   Thumb Code     0  startup_stm32f401xe.o(.text)
    DMA1_Stream0_IRQHandler                  0x08000357   Thumb Code     0  startup_stm32f401xe.o(.text)
    DMA1_Stream1_IRQHandler                  0x08000357   Thumb Code     0  startup_stm32f401xe.o(.text)
    DMA1_Stream2_IRQHandler                  0x08000357   Thumb Code     0  startup_stm32f401xe.o(.text)
    DMA1_Stream3_IRQHandler                  0x08000357   Thumb Code     0  startup_stm32f401xe.o(.text)
    DMA1_Stream4_IRQHandler                  0x08000357   Thumb Code     0  startup_stm32f401xe.o(.text)
    DMA1_Stream5_IRQHandler                  0x08000357   Thumb Code     0  startup_stm32f401xe.o(.text)
    DMA1_Stream6_IRQHandler                  0x08000357   Thumb Code     0  startup_stm32f401xe.o(.text)
    DMA1_Stream7_IRQHandler                  0x08000357   Thumb Code     0  startup_stm32f401xe.o(.text)
    DMA2_Stream0_IRQHandler                  0x08000357   Thumb Code     0  startup_stm32f401xe.o(.text)
    DMA2_Stream1_IRQHandler                  0x08000357   Thumb Code     0  startup_stm32f401xe.o(.text)
    DMA2_Stream2_IRQHandler                  0x08000357   Thumb Code     0  startup_stm32f401xe.o(.text)
    DMA2_Stream3_IRQHandler                  0x08000357   Thumb Code     0  startup_stm32f401xe.o(.text)
    DMA2_Stream4_IRQHandler                  0x08000357   Thumb Code     0  startup_stm32f401xe.o(.text)
    DMA2_Stream5_IRQHandler                  0x08000357   Thumb Code     0  startup_stm32f401xe.o(.text)
    DMA2_Stream6_IRQHandler                  0x08000357   Thumb Code     0  startup_stm32f401xe.o(.text)
    DMA2_Stream7_IRQHandler                  0x08000357   Thumb Code     0  startup_stm32f401xe.o(.text)
    EXTI0_IRQHandler                         0x08000357   Thumb Code     0  startup_stm32f401xe.o(.text)
    EXTI15_10_IRQHandler                     0x08000357   Thumb Code     0  startup_stm32f401xe.o(.text)
    EXTI1_IRQHandler                         0x08000357   Thumb Code     0  startup_stm32f401xe.o(.text)
    EXTI2_IRQHandler                         0x08000357   Thumb Code     0  startup_stm32f401xe.o(.text)
    EXTI3_IRQHandler                         0x08000357   Thumb Code     0  startup_stm32f401xe.o(.text)
    EXTI4_IRQHandler                         0x08000357   Thumb Code     0  startup_stm32f401xe.o(.text)
    EXTI9_5_IRQHandler                       0x08000357   Thumb Code     0  startup_stm32f401xe.o(.text)
    FLASH_IRQHandler                         0x08000357   Thumb Code     0  startup_stm32f401xe.o(.text)
    FPU_IRQHandler                           0x08000357   Thumb Code     0  startup_stm32f401xe.o(.text)
    I2C1_ER_IRQHandler                       0x08000357   Thumb Code     0  startup_stm32f401xe.o(.text)
    I2C1_EV_IRQHandler                       0x08000357   Thumb Code     0  startup_stm32f401xe.o(.text)
    I2C2_ER_IRQHandler                       0x08000357   Thumb Code     0  startup_stm32f401xe.o(.text)
    I2C2_EV_IRQHandler                       0x08000357   Thumb Code     0  startup_stm32f401xe.o(.text)
    I2C3_ER_IRQHandler                       0x08000357   Thumb Code     0  startup_stm32f401xe.o(.text)
    I2C3_EV_IRQHandler                       0x08000357   Thumb Code     0  startup_stm32f401xe.o(.text)
    OTG_FS_IRQHandler                        0x08000357   Thumb Code     0  startup_stm32f401xe.o(.text)
    OTG_FS_WKUP_IRQHandler                   0x08000357   Thumb Code     0  startup_stm32f401xe.o(.text)
    PVD_IRQHandler                           0x08000357   Thumb Code     0  startup_stm32f401xe.o(.text)
    RCC_IRQHandler                           0x08000357   Thumb Code     0  startup_stm32f401xe.o(.text)
    RTC_Alarm_IRQHandler                     0x08000357   Thumb Code     0  startup_stm32f401xe.o(.text)
    RTC_WKUP_IRQHandler                      0x08000357   Thumb Code     0  startup_stm32f401xe.o(.text)
    SDIO_IRQHandler                          0x08000357   Thumb Code     0  startup_stm32f401xe.o(.text)
    SPI1_IRQHandler                          0x08000357   Thumb Code     0  startup_stm32f401xe.o(.text)
    SPI2_IRQHandler                          0x08000357   Thumb Code     0  startup_stm32f401xe.o(.text)
    SPI3_IRQHandler                          0x08000357   Thumb Code     0  startup_stm32f401xe.o(.text)
    SPI4_IRQHandler                          0x08000357   Thumb Code     0  startup_stm32f401xe.o(.text)
    TAMP_STAMP_IRQHandler                    0x08000357   Thumb Code     0  startup_stm32f401xe.o(.text)
    TIM1_BRK_TIM9_IRQHandler                 0x08000357   Thumb Code     0  startup_stm32f401xe.o(.text)
    TIM1_CC_IRQHandler                       0x08000357   Thumb Code     0  startup_stm32f401xe.o(.text)
    TIM1_TRG_COM_TIM11_IRQHandler            0x08000357   Thumb Code     0  startup_stm32f401xe.o(.text)
    TIM1_UP_TIM10_IRQHandler                 0x08000357   Thumb Code     0  startup_stm32f401xe.o(.text)
    TIM2_IRQHandler                          0x08000357   Thumb Code     0  startup_stm32f401xe.o(.text)
    TIM3_IRQHandler                          0x08000357   Thumb Code     0  startup_stm32f401xe.o(.text)
    TIM4_IRQHandler                          0x08000357   Thumb Code     0  startup_stm32f401xe.o(.text)
    TIM5_IRQHandler                          0x08000357   Thumb Code     0  startup_stm32f401xe.o(.text)
    USART1_IRQHandler                        0x08000357   Thumb Code     0  startup_stm32f401xe.o(.text)
    USART2_IRQHandler                        0x08000357   Thumb Code     0  startup_stm32f401xe.o(.text)
    USART6_IRQHandler                        0x08000357   Thumb Code     0  startup_stm32f401xe.o(.text)
    WWDG_IRQHandler                          0x08000357   Thumb Code     0  startup_stm32f401xe.o(.text)
    __user_initial_stackheap                 0x08000359   Thumb Code     0  startup_stm32f401xe.o(.text)
    __aeabi_memcpy                           0x0800037d   Thumb Code     0  rt_memcpy_v6.o(.text)
    __rt_memcpy                              0x0800037d   Thumb Code   138  rt_memcpy_v6.o(.text)
    _memcpy_lastbytes                        0x080003e3   Thumb Code     0  rt_memcpy_v6.o(.text)
    __aeabi_memclr                           0x08000407   Thumb Code     0  rt_memclr.o(.text)
    __rt_memclr                              0x08000407   Thumb Code     0  rt_memclr.o(.text)
    _memset                                  0x0800040b   Thumb Code    64  rt_memclr.o(.text)
    __aeabi_memclr4                          0x0800044b   Thumb Code     0  rt_memclr_w.o(.text)
    __aeabi_memclr8                          0x0800044b   Thumb Code     0  rt_memclr_w.o(.text)
    __rt_memclr_w                            0x0800044b   Thumb Code     0  rt_memclr_w.o(.text)
    _memset_w                                0x0800044f   Thumb Code    74  rt_memclr_w.o(.text)
    __use_two_region_memory                  0x08000499   Thumb Code     2  heapauxi.o(.text)
    __rt_heap_escrow$2region                 0x0800049b   Thumb Code     2  heapauxi.o(.text)
    __rt_heap_expand$2region                 0x0800049d   Thumb Code     2  heapauxi.o(.text)
    __aeabi_memcpy4                          0x0800049f   Thumb Code     0  rt_memcpy_w.o(.text)
    __aeabi_memcpy8                          0x0800049f   Thumb Code     0  rt_memcpy_w.o(.text)
    __rt_memcpy_w                            0x0800049f   Thumb Code   100  rt_memcpy_w.o(.text)
    _memcpy_lastbytes_aligned                0x080004e7   Thumb Code     0  rt_memcpy_w.o(.text)
    __user_setup_stackheap                   0x08000503   Thumb Code    74  sys_stackheap_outer.o(.text)
    exit                                     0x0800054d   Thumb Code    18  exit.o(.text)
    __user_libspace                          0x08000561   Thumb Code     8  libspace.o(.text)
    __user_perproc_libspace                  0x08000561   Thumb Code     0  libspace.o(.text)
    _sys_exit                                0x08000569   Thumb Code     8  sys_exit.o(.text)
    __I$use$semihosting                      0x08000575   Thumb Code     0  use_no_semi.o(.text)
    __use_no_semihosting_swi                 0x08000575   Thumb Code     2  use_no_semi.o(.text)
    __semihosting_library_function           0x08000577   Thumb Code     0  indicate_semi.o(.text)
    _fp_init                                 0x08000579   Thumb Code    22  rtx_lib.o(.text.$Sub$$_fp_init)
    Buttons_GetCount                         0x08000591   Thumb Code     4  buttons_nucleo_f401re.o(.text.Buttons_GetCount)
    EvrRtxDelayCompleted                     0x08000595   Thumb Code     8  rtx_evr.o(.text.EvrRtxDelayCompleted)
    EvrRtxEventFlagsWaitTimeout              0x0800059d   Thumb Code     8  rtx_evr.o(.text.EvrRtxEventFlagsWaitTimeout)
    EvrRtxKernelError                        0x080005a5   Thumb Code     8  rtx_evr.o(.text.EvrRtxKernelError)
    EvrRtxKernelErrorNotify                  0x080005ad   Thumb Code    10  rtx_evr.o(.text.EvrRtxKernelErrorNotify)
    EvrRtxKernelGetState                     0x080005b9   Thumb Code     8  rtx_evr.o(.text.EvrRtxKernelGetState)
    EvrRtxKernelInitialize                   0x080005c1   Thumb Code     2  rtx_evr.o(.text.EvrRtxKernelInitialize)
    EvrRtxKernelInitialized                  0x080005c5   Thumb Code     2  rtx_evr.o(.text.EvrRtxKernelInitialized)
    EvrRtxMemoryAlloc                        0x080005c9   Thumb Code    14  rtx_evr.o(.text.EvrRtxMemoryAlloc)
    EvrRtxMemoryBlockAlloc                   0x080005d9   Thumb Code    10  rtx_evr.o(.text.EvrRtxMemoryBlockAlloc)
    EvrRtxMemoryBlockFree                    0x080005e5   Thumb Code    12  rtx_evr.o(.text.EvrRtxMemoryBlockFree)
    EvrRtxMemoryBlockInit                    0x080005f1   Thumb Code    14  rtx_evr.o(.text.EvrRtxMemoryBlockInit)
    EvrRtxMemoryFree                         0x08000601   Thumb Code    12  rtx_evr.o(.text.EvrRtxMemoryFree)
    EvrRtxMemoryInit                         0x0800060d   Thumb Code    12  rtx_evr.o(.text.EvrRtxMemoryInit)
    EvrRtxMemoryPoolAllocTimeout             0x08000619   Thumb Code     8  rtx_evr.o(.text.EvrRtxMemoryPoolAllocTimeout)
    EvrRtxMessageQueueCreated                0x08000621   Thumb Code    10  rtx_evr.o(.text.EvrRtxMessageQueueCreated)
    EvrRtxMessageQueueError                  0x0800062d   Thumb Code    10  rtx_evr.o(.text.EvrRtxMessageQueueError)
    EvrRtxMessageQueueGet                    0x08000639   Thumb Code    14  rtx_evr.o(.text.EvrRtxMessageQueueGet)
    EvrRtxMessageQueueGetPending             0x08000649   Thumb Code    12  rtx_evr.o(.text.EvrRtxMessageQueueGetPending)
    EvrRtxMessageQueueGetTimeout             0x08000655   Thumb Code     8  rtx_evr.o(.text.EvrRtxMessageQueueGetTimeout)
    EvrRtxMessageQueueInsertPending          0x0800065d   Thumb Code    10  rtx_evr.o(.text.EvrRtxMessageQueueInsertPending)
    EvrRtxMessageQueueInserted               0x08000669   Thumb Code    10  rtx_evr.o(.text.EvrRtxMessageQueueInserted)
    EvrRtxMessageQueueNotInserted            0x08000675   Thumb Code    10  rtx_evr.o(.text.EvrRtxMessageQueueNotInserted)
    EvrRtxMessageQueueNotRetrieved           0x08000681   Thumb Code    10  rtx_evr.o(.text.EvrRtxMessageQueueNotRetrieved)
    EvrRtxMessageQueuePut                    0x0800068d   Thumb Code    16  rtx_evr.o(.text.EvrRtxMessageQueuePut)
    EvrRtxMessageQueuePutPending             0x0800069d   Thumb Code    12  rtx_evr.o(.text.EvrRtxMessageQueuePutPending)
    EvrRtxMessageQueuePutTimeout             0x080006a9   Thumb Code     8  rtx_evr.o(.text.EvrRtxMessageQueuePutTimeout)
    EvrRtxMessageQueueRetrieved              0x080006b1   Thumb Code    10  rtx_evr.o(.text.EvrRtxMessageQueueRetrieved)
    EvrRtxMutexAcquire                       0x080006bd   Thumb Code    10  rtx_evr.o(.text.EvrRtxMutexAcquire)
    EvrRtxMutexAcquirePending                0x080006c9   Thumb Code    10  rtx_evr.o(.text.EvrRtxMutexAcquirePending)
    EvrRtxMutexAcquireTimeout                0x080006d5   Thumb Code     8  rtx_evr.o(.text.EvrRtxMutexAcquireTimeout)
    EvrRtxMutexAcquired                      0x080006dd   Thumb Code    10  rtx_evr.o(.text.EvrRtxMutexAcquired)
    EvrRtxMutexCreated                       0x080006e9   Thumb Code    10  rtx_evr.o(.text.EvrRtxMutexCreated)
    EvrRtxMutexDelete                        0x080006f5   Thumb Code     8  rtx_evr.o(.text.EvrRtxMutexDelete)
    EvrRtxMutexDestroyed                     0x080006fd   Thumb Code     8  rtx_evr.o(.text.EvrRtxMutexDestroyed)
    EvrRtxMutexError                         0x08000705   Thumb Code    10  rtx_evr.o(.text.EvrRtxMutexError)
    EvrRtxMutexNew                           0x08000711   Thumb Code     8  rtx_evr.o(.text.EvrRtxMutexNew)
    EvrRtxMutexNotAcquired                   0x08000719   Thumb Code     8  rtx_evr.o(.text.EvrRtxMutexNotAcquired)
    EvrRtxMutexRelease                       0x08000721   Thumb Code     8  rtx_evr.o(.text.EvrRtxMutexRelease)
    EvrRtxMutexReleased                      0x08000729   Thumb Code    10  rtx_evr.o(.text.EvrRtxMutexReleased)
    EvrRtxSemaphoreAcquireTimeout            0x08000735   Thumb Code     8  rtx_evr.o(.text.EvrRtxSemaphoreAcquireTimeout)
    EvrRtxThreadBlocked                      0x0800073d   Thumb Code    10  rtx_evr.o(.text.EvrRtxThreadBlocked)
    EvrRtxThreadFlagsWaitTimeout             0x08000749   Thumb Code     8  rtx_evr.o(.text.EvrRtxThreadFlagsWaitTimeout)
    EvrRtxThreadPreempted                    0x08000751   Thumb Code     8  rtx_evr.o(.text.EvrRtxThreadPreempted)
    EvrRtxThreadSwitched                     0x08000759   Thumb Code     8  rtx_evr.o(.text.EvrRtxThreadSwitched)
    EvrRtxThreadUnblocked                    0x08000761   Thumb Code    10  rtx_evr.o(.text.EvrRtxThreadUnblocked)
    EvrRtxTimerCallback                      0x0800076d   Thumb Code    10  rtx_evr.o(.text.EvrRtxTimerCallback)
    OS_Tick_AcknowledgeIRQ                   0x08000a09   Thumb Code    12  os_systick.o(.text.OS_Tick_AcknowledgeIRQ)
    SystemCoreClockConfigure                 0x08000a71   Thumb Code   254  main.o(.text.SystemCoreClockConfigure)
    SystemInit                               0x08000b71   Thumb Code    18  system_stm32f4xx.o(.text.SystemInit)
    _mutex_acquire                           0x08000c4d   Thumb Code    32  rtx_lib.o(.text._mutex_acquire)
    _mutex_free                              0x08000c6d   Thumb Code    18  rtx_lib.o(.text._mutex_free)
    _mutex_initialize                        0x08000c81   Thumb Code    50  rtx_lib.o(.text._mutex_initialize)
    _mutex_release                           0x08000cb5   Thumb Code    28  rtx_lib.o(.text._mutex_release)
    _platform_post_stackheap_init            0x08000cd1   Thumb Code     8  rtx_lib.o(.text._platform_post_stackheap_init)
    main                                     0x08001095   Thumb Code    32  main.o(.text.main)
    osKernelGetState                         0x080010b5   Thumb Code    66  rtx_kernel.o(.text.osKernelGetState)
    osKernelInitialize                       0x080010f9   Thumb Code    74  rtx_kernel.o(.text.osKernelInitialize)
    osMessageQueueGet                        0x08001145   Thumb Code   126  rtx_msgqueue.o(.text.osMessageQueueGet)
    osMessageQueuePut                        0x080011c5   Thumb Code   138  rtx_msgqueue.o(.text.osMessageQueuePut)
    osMutexAcquire                           0x08001251   Thumb Code   100  rtx_mutex.o(.text.osMutexAcquire)
    osMutexDelete                            0x080012b5   Thumb Code    86  rtx_mutex.o(.text.osMutexDelete)
    osMutexNew                               0x0800130d   Thumb Code    86  rtx_mutex.o(.text.osMutexNew)
    osMutexRelease                           0x08001365   Thumb Code    86  rtx_mutex.o(.text.osMutexRelease)
    osRtxErrorNotify                         0x080013bd   Thumb Code    48  rtx_config.o(.text.osRtxErrorNotify)
    osRtxKernelBeforeInit                    0x080013f9   Thumb Code     2  rtx_kernel.o(.text.osRtxKernelBeforeInit)
    osRtxKernelErrorNotify                   0x080013fd   Thumb Code    28  rtx_kernel.o(.text.osRtxKernelErrorNotify)
    osRtxMemoryAlloc                         0x0800143d   Thumb Code   332  rtx_memory.o(.text.osRtxMemoryAlloc)
    osRtxMemoryFree                          0x08001589   Thumb Code   194  rtx_memory.o(.text.osRtxMemoryFree)
    osRtxMemoryInit                          0x0800164d   Thumb Code   150  rtx_memory.o(.text.osRtxMemoryInit)
    osRtxMemoryPoolAlloc                     0x080016e5   Thumb Code    74  rtx_mempool.o(.text.osRtxMemoryPoolAlloc)
    osRtxMemoryPoolFree                      0x08001731   Thumb Code   100  rtx_mempool.o(.text.osRtxMemoryPoolFree)
    osRtxMemoryPoolInit                      0x08001795   Thumb Code   152  rtx_mempool.o(.text.osRtxMemoryPoolInit)
    osRtxMessageQueueTimerSetup              0x08001995   Thumb Code    62  rtx_msgqueue.o(.text.osRtxMessageQueueTimerSetup)
    osRtxMutexOwnerRestore                   0x08001a49   Thumb Code   172  rtx_mutex.o(.text.osRtxMutexOwnerRestore)
    osRtxPendSV_Handler                      0x08001c21   Thumb Code   184  rtx_system.o(.text.osRtxPendSV_Handler)
    osRtxPostProcess                         0x08001cd9   Thumb Code    66  rtx_system.o(.text.osRtxPostProcess)
    osRtxThreadDelayRemove                   0x08001ead   Thumb Code   156  rtx_thread.o(.text.osRtxThreadDelayRemove)
    osRtxThreadDelayTick                     0x08001f49   Thumb Code   336  rtx_thread.o(.text.osRtxThreadDelayTick)
    osRtxThreadDispatch                      0x08002099   Thumb Code   150  rtx_thread.o(.text.osRtxThreadDispatch)
    osRtxThreadListGet                       0x08002161   Thumb Code    54  rtx_thread.o(.text.osRtxThreadListGet)
    osRtxThreadListPut                       0x08002199   Thumb Code   118  rtx_thread.o(.text.osRtxThreadListPut)
    osRtxThreadListRemove                    0x08002211   Thumb Code    50  rtx_thread.o(.text.osRtxThreadListRemove)
    osRtxThreadListSort                      0x08002269   Thumb Code    88  rtx_thread.o(.text.osRtxThreadListSort)
    osRtxThreadReadyPut                      0x080022d9   Thumb Code    32  rtx_thread.o(.text.osRtxThreadReadyPut)
    osRtxThreadRegPtr                        0x080022f9   Thumb Code    34  rtx_thread.o(.text.osRtxThreadRegPtr)
    osRtxThreadStackCheck                    0x08002331   Thumb Code    60  rtx_thread.o(.text.osRtxThreadStackCheck)
    osRtxThreadSwitch                        0x0800236d   Thumb Code    46  rtx_thread.o(.text.osRtxThreadSwitch)
    osRtxThreadWaitEnter                     0x0800239d   Thumb Code   118  rtx_thread.o(.text.osRtxThreadWaitEnter)
    osRtxThreadWaitExit                      0x08002415   Thumb Code    70  rtx_thread.o(.text.osRtxThreadWaitExit)
    osRtxTick_Handler                        0x0800245d   Thumb Code   272  rtx_system.o(.text.osRtxTick_Handler)
    osRtxTimerSetup                          0x0800256d   Thumb Code    48  rtx_timer.o(.text.osRtxTimerSetup)
    osRtxTimerThread                         0x0800259d   Thumb Code    50  rtx_timer.o(.text.osRtxTimerThread)
    $Super$$_fp_init                         0x08003409   Thumb Code    26  fpinit.o(x$fpl$fpinit)
    __fplib_config_fpu_vfp                   0x08003421   Thumb Code     0  fpinit.o(x$fpl$fpinit)
    __fplib_config_pureend_doubles           0x08003421   Thumb Code     0  fpinit.o(x$fpl$fpinit)
    osRtxConfig                              0x08003424   Data         112  rtx_lib.o(.rodata)
    os_cb_sections                           0x08003494   Data          56  rtx_lib.o(.rodata)
    osRtxUserSVC                             0x080034cc   Data           4  rtx_lib.o(.rodata.osRtxUserSVC)
    Region$$Table$$Base                      0x0800353c   Number         0  anon$$obj.o(Region$$Table)
    Region$$Table$$Limit                     0x0800355c   Number         0  anon$$obj.o(Region$$Table)
    osRtxInfo                                0x20000000   Data         164  rtx_kernel.o(.data.os)
    __libspace_start                         0x200000a8   Data          96  libspace.o(.bss)
    __temporary_stack_top$libspace           0x20000108   Data           0  libspace.o(.bss)
    .bss.os.msgqueue.cb$$Base                0x20008148   Number         0  rtx_lib.o(.bss.os.msgqueue.cb)
    .bss.os.msgqueue.cb$$Limit               0x2000817c   Number         0  rtx_lib.o(.bss.os.msgqueue.cb)
    .bss.os.thread.cb$$Base                  0x200081cc   Number         0  rtx_lib.o(.bss.os.thread.cb)
    .bss.os.thread.cb$$Limit                 0x2000826c   Number         0  rtx_lib.o(.bss.os.thread.cb)



==============================================================================

Memory Map of the image

  Image Entry point : 0x0800033d

  Load Region LR_1 (Base: 0x08000000, Size: 0x00003600, Max: 0xffffffff, ABSOLUTE)

    Execution Region ER_RO (Exec base: 0x08000000, Load base: 0x08000000, Size: 0x0000355c, Max: 0xffffffff, ABSOLUTE)

    Exec Addr    Load Addr    Size         Type   Attr      Idx    E Section Name        Object

    0x08000000   0x08000000   0x00000194   Data   RO         1599    RESET               startup_stm32f401xe.o
    0x08000194   0x08000194   0x00000008   Code   RO         1632  * !!!main             c_w.l(__main.o)
    0x0800019c   0x0800019c   0x00000034   Code   RO         1807    !!!scatter          c_w.l(__scatter.o)
    0x080001d0   0x080001d0   0x0000001a   Code   RO         1809    !!handler_copy      c_w.l(__scatter_copy.o)
    0x080001ea   0x080001ea   0x00000002   PAD
    0x080001ec   0x080001ec   0x0000001c   Code   RO         1811    !!handler_zi        c_w.l(__scatter_zi.o)
    0x08000208   0x08000208   0x00000002   Code   RO         1671    .ARM.Collect$$libinit$$00000000  c_w.l(libinit.o)
    0x0800020a   0x0800020a   0x00000004   Code   RO         1683    .ARM.Collect$$libinit$$00000001  c_w.l(libinit2.o)
    0x0800020e   0x0800020e   0x00000000   Code   RO         1686    .ARM.Collect$$libinit$$00000004  c_w.l(libinit2.o)
    0x0800020e   0x0800020e   0x00000000   Code   RO         1688    .ARM.Collect$$libinit$$00000006  c_w.l(libinit2.o)
    0x0800020e   0x0800020e   0x00000000   Code   RO         1691    .ARM.Collect$$libinit$$0000000C  c_w.l(libinit2.o)
    0x0800020e   0x0800020e   0x00000000   Code   RO         1693    .ARM.Collect$$libinit$$0000000E  c_w.l(libinit2.o)
    0x0800020e   0x0800020e   0x00000000   Code   RO         1695    .ARM.Collect$$libinit$$00000010  c_w.l(libinit2.o)
    0x0800020e   0x0800020e   0x00000000   Code   RO         1698    .ARM.Collect$$libinit$$00000013  c_w.l(libinit2.o)
    0x0800020e   0x0800020e   0x00000000   Code   RO         1700    .ARM.Collect$$libinit$$00000015  c_w.l(libinit2.o)
    0x0800020e   0x0800020e   0x00000000   Code   RO         1702    .ARM.Collect$$libinit$$00000017  c_w.l(libinit2.o)
    0x0800020e   0x0800020e   0x00000000   Code   RO         1704    .ARM.Collect$$libinit$$00000019  c_w.l(libinit2.o)
    0x0800020e   0x0800020e   0x00000000   Code   RO         1706    .ARM.Collect$$libinit$$0000001B  c_w.l(libinit2.o)
    0x0800020e   0x0800020e   0x00000000   Code   RO         1708    .ARM.Collect$$libinit$$0000001D  c_w.l(libinit2.o)
    0x0800020e   0x0800020e   0x00000000   Code   RO         1710    .ARM.Collect$$libinit$$0000001F  c_w.l(libinit2.o)
    0x0800020e   0x0800020e   0x00000000   Code   RO         1712    .ARM.Collect$$libinit$$00000021  c_w.l(libinit2.o)
    0x0800020e   0x0800020e   0x00000000   Code   RO         1714    .ARM.Collect$$libinit$$00000023  c_w.l(libinit2.o)
    0x0800020e   0x0800020e   0x00000000   Code   RO         1716    .ARM.Collect$$libinit$$00000025  c_w.l(libinit2.o)
    0x0800020e   0x0800020e   0x00000000   Code   RO         1718    .ARM.Collect$$libinit$$00000027  c_w.l(libinit2.o)
    0x0800020e   0x0800020e   0x00000000   Code   RO         1722    .ARM.Collect$$libinit$$0000002E  c_w.l(libinit2.o)
    0x0800020e   0x0800020e   0x00000000   Code   RO         1724    .ARM.Collect$$libinit$$00000030  c_w.l(libinit2.o)
    0x0800020e   0x0800020e   0x00000000   Code   RO         1726    .ARM.Collect$$libinit$$00000032  c_w.l(libinit2.o)
    0x0800020e   0x0800020e   0x00000000   Code   RO         1728    .ARM.Collect$$libinit$$00000034  c_w.l(libinit2.o)
    0x0800020e   0x0800020e   0x00000002   Code   RO         1729    .ARM.Collect$$libinit$$00000035  c_w.l(libinit2.o)
    0x08000210   0x08000210   0x00000002   Code   RO         1762    .ARM.Collect$$libshutdown$$00000000  c_w.l(libshutdown.o)
    0x08000212   0x08000212   0x00000000   Code   RO         1790    .ARM.Collect$$libshutdown$$00000002  c_w.l(libshutdown2.o)
    0x08000212   0x08000212   0x00000000   Code   RO         1792    .ARM.Collect$$libshutdown$$00000004  c_w.l(libshutdown2.o)
    0x08000212   0x08000212   0x00000000   Code   RO         1795    .ARM.Collect$$libshutdown$$00000007  c_w.l(libshutdown2.o)
    0x08000212   0x08000212   0x00000000   Code   RO         1798    .ARM.Collect$$libshutdown$$0000000A  c_w.l(libshutdown2.o)
    0x08000212   0x08000212   0x00000000   Code   RO         1800    .ARM.Collect$$libshutdown$$0000000C  c_w.l(libshutdown2.o)
    0x08000212   0x08000212   0x00000000   Code   RO         1803    .ARM.Collect$$libshutdown$$0000000F  c_w.l(libshutdown2.o)
    0x08000212   0x08000212   0x00000002   Code   RO         1804    .ARM.Collect$$libshutdown$$00000010  c_w.l(libshutdown2.o)
    0x08000214   0x08000214   0x00000000   Code   RO         1636    .ARM.Collect$$rtentry$$00000000  c_w.l(__rtentry.o)
    0x08000214   0x08000214   0x00000000   Code   RO         1644    .ARM.Collect$$rtentry$$00000002  c_w.l(__rtentry2.o)
    0x08000214   0x08000214   0x00000006   Code   RO         1656    .ARM.Collect$$rtentry$$00000004  c_w.l(__rtentry4.o)
    0x0800021a   0x0800021a   0x00000008   Code   RO         1645    .ARM.Collect$$rtentry$$00000008  c_w.l(__rtentry2.o)
    0x08000222   0x08000222   0x00000004   Code   RO         1647    .ARM.Collect$$rtentry$$0000000A  c_w.l(__rtentry2.o)
    0x08000226   0x08000226   0x00000000   Code   RO         1649    .ARM.Collect$$rtentry$$0000000C  c_w.l(__rtentry2.o)
    0x08000226   0x08000226   0x00000008   Code   RO         1650    .ARM.Collect$$rtentry$$0000000D  c_w.l(__rtentry2.o)
    0x0800022e   0x0800022e   0x00000002   Code   RO         1675    .ARM.Collect$$rtexit$$00000000  c_w.l(rtexit.o)
    0x08000230   0x08000230   0x00000000   Code   RO         1735    .ARM.Collect$$rtexit$$00000002  c_w.l(rtexit2.o)
    0x08000230   0x08000230   0x00000004   Code   RO         1736    .ARM.Collect$$rtexit$$00000003  c_w.l(rtexit2.o)
    0x08000234   0x08000234   0x00000006   Code   RO         1737    .ARM.Collect$$rtexit$$00000004  c_w.l(rtexit2.o)
    0x0800023a   0x0800023a   0x00000002   PAD
    0x0800023c   0x0800023c   0x00000100   Code   RO           49    .text               irq_armv7m.o
    0x0800033c   0x0800033c   0x00000040   Code   RO         1600  * .text               startup_stm32f401xe.o
    0x0800037c   0x0800037c   0x0000008a   Code   RO         1624    .text               c_w.l(rt_memcpy_v6.o)
    0x08000406   0x08000406   0x00000044   Code   RO         1626    .text               c_w.l(rt_memclr.o)
    0x0800044a   0x0800044a   0x0000004e   Code   RO         1628    .text               c_w.l(rt_memclr_w.o)
    0x08000498   0x08000498   0x00000006   Code   RO         1630    .text               c_w.l(heapauxi.o)
    0x0800049e   0x0800049e   0x00000064   Code   RO         1641    .text               c_w.l(rt_memcpy_w.o)
    0x08000502   0x08000502   0x0000004a   Code   RO         1660    .text               c_w.l(sys_stackheap_outer.o)
    0x0800054c   0x0800054c   0x00000012   Code   RO         1662    .text               c_w.l(exit.o)
    0x0800055e   0x0800055e   0x00000002   PAD
    0x08000560   0x08000560   0x00000008   Code   RO         1672    .text               c_w.l(libspace.o)
    0x08000568   0x08000568   0x0000000c   Code   RO         1730    .text               c_w.l(sys_exit.o)
    0x08000574   0x08000574   0x00000002   Code   RO         1751    .text               c_w.l(use_no_semi.o)
    0x08000576   0x08000576   0x00000000   Code   RO         1753    .text               c_w.l(indicate_semi.o)
    0x08000576   0x08000576   0x00000002   PAD
    0x08000578   0x08000578   0x00000016   Code   RO          631    .text.$Sub$$_fp_init  rtx_lib.o
    0x0800058e   0x0800058e   0x00000002   PAD
    0x08000590   0x08000590   0x00000004   Code   RO           21    .text.Buttons_GetCount  buttons_nucleo_f401re.o
    0x08000594   0x08000594   0x00000008   Code   RO          321    .text.EvrRtxDelayCompleted  rtx_evr.o
    0x0800059c   0x0800059c   0x00000008   Code   RO          369    .text.EvrRtxEventFlagsWaitTimeout  rtx_evr.o
    0x080005a4   0x080005a4   0x00000008   Code   RO          157    .text.EvrRtxKernelError  rtx_evr.o
    0x080005ac   0x080005ac   0x0000000a   Code   RO          205    .text.EvrRtxKernelErrorNotify  rtx_evr.o
    0x080005b6   0x080005b6   0x00000002   PAD
    0x080005b8   0x080005b8   0x00000008   Code   RO          167    .text.EvrRtxKernelGetState  rtx_evr.o
    0x080005c0   0x080005c0   0x00000002   Code   RO          159    .text.EvrRtxKernelInitialize  rtx_evr.o
    0x080005c2   0x080005c2   0x00000002   PAD
    0x080005c4   0x080005c4   0x00000002   Code   RO          161    .text.EvrRtxKernelInitialized  rtx_evr.o
    0x080005c6   0x080005c6   0x00000002   PAD
    0x080005c8   0x080005c8   0x0000000e   Code   RO          147    .text.EvrRtxMemoryAlloc  rtx_evr.o
    0x080005d6   0x080005d6   0x00000002   PAD
    0x080005d8   0x080005d8   0x0000000a   Code   RO          153    .text.EvrRtxMemoryBlockAlloc  rtx_evr.o
    0x080005e2   0x080005e2   0x00000002   PAD
    0x080005e4   0x080005e4   0x0000000c   Code   RO          155    .text.EvrRtxMemoryBlockFree  rtx_evr.o
    0x080005f0   0x080005f0   0x0000000e   Code   RO          151    .text.EvrRtxMemoryBlockInit  rtx_evr.o
    0x080005fe   0x080005fe   0x00000002   PAD
    0x08000600   0x08000600   0x0000000c   Code   RO          149    .text.EvrRtxMemoryFree  rtx_evr.o
    0x0800060c   0x0800060c   0x0000000c   Code   RO          145    .text.EvrRtxMemoryInit  rtx_evr.o
    0x08000618   0x08000618   0x00000008   Code   RO          447    .text.EvrRtxMemoryPoolAllocTimeout  rtx_evr.o
    0x08000620   0x08000620   0x0000000a   Code   RO          475    .text.EvrRtxMessageQueueCreated  rtx_evr.o
    0x0800062a   0x0800062a   0x00000002   PAD
    0x0800062c   0x0800062c   0x0000000a   Code   RO          471    .text.EvrRtxMessageQueueError  rtx_evr.o
    0x08000636   0x08000636   0x00000002   PAD
    0x08000638   0x08000638   0x0000000e   Code   RO          491    .text.EvrRtxMessageQueueGet  rtx_evr.o
    0x08000646   0x08000646   0x00000002   PAD
    0x08000648   0x08000648   0x0000000c   Code   RO          493    .text.EvrRtxMessageQueueGetPending  rtx_evr.o
    0x08000654   0x08000654   0x00000008   Code   RO          495    .text.EvrRtxMessageQueueGetTimeout  rtx_evr.o
    0x0800065c   0x0800065c   0x0000000a   Code   RO          485    .text.EvrRtxMessageQueueInsertPending  rtx_evr.o
    0x08000666   0x08000666   0x00000002   PAD
    0x08000668   0x08000668   0x0000000a   Code   RO          487    .text.EvrRtxMessageQueueInserted  rtx_evr.o
    0x08000672   0x08000672   0x00000002   PAD
    0x08000674   0x08000674   0x0000000a   Code   RO          489    .text.EvrRtxMessageQueueNotInserted  rtx_evr.o
    0x0800067e   0x0800067e   0x00000002   PAD
    0x08000680   0x08000680   0x0000000a   Code   RO          499    .text.EvrRtxMessageQueueNotRetrieved  rtx_evr.o
    0x0800068a   0x0800068a   0x00000002   PAD
    0x0800068c   0x0800068c   0x00000010   Code   RO          479    .text.EvrRtxMessageQueuePut  rtx_evr.o
    0x0800069c   0x0800069c   0x0000000c   Code   RO          481    .text.EvrRtxMessageQueuePutPending  rtx_evr.o
    0x080006a8   0x080006a8   0x00000008   Code   RO          483    .text.EvrRtxMessageQueuePutTimeout  rtx_evr.o
    0x080006b0   0x080006b0   0x0000000a   Code   RO          497    .text.EvrRtxMessageQueueRetrieved  rtx_evr.o
    0x080006ba   0x080006ba   0x00000002   PAD
    0x080006bc   0x080006bc   0x0000000a   Code   RO          387    .text.EvrRtxMutexAcquire  rtx_evr.o
    0x080006c6   0x080006c6   0x00000002   PAD
    0x080006c8   0x080006c8   0x0000000a   Code   RO          389    .text.EvrRtxMutexAcquirePending  rtx_evr.o
    0x080006d2   0x080006d2   0x00000002   PAD
    0x080006d4   0x080006d4   0x00000008   Code   RO          391    .text.EvrRtxMutexAcquireTimeout  rtx_evr.o
    0x080006dc   0x080006dc   0x0000000a   Code   RO          393    .text.EvrRtxMutexAcquired  rtx_evr.o
    0x080006e6   0x080006e6   0x00000002   PAD
    0x080006e8   0x080006e8   0x0000000a   Code   RO          383    .text.EvrRtxMutexCreated  rtx_evr.o
    0x080006f2   0x080006f2   0x00000002   PAD
    0x080006f4   0x080006f4   0x00000008   Code   RO          403    .text.EvrRtxMutexDelete  rtx_evr.o
    0x080006fc   0x080006fc   0x00000008   Code   RO          405    .text.EvrRtxMutexDestroyed  rtx_evr.o
    0x08000704   0x08000704   0x0000000a   Code   RO          379    .text.EvrRtxMutexError  rtx_evr.o
    0x0800070e   0x0800070e   0x00000002   PAD
    0x08000710   0x08000710   0x00000008   Code   RO          381    .text.EvrRtxMutexNew  rtx_evr.o
    0x08000718   0x08000718   0x00000008   Code   RO          395    .text.EvrRtxMutexNotAcquired  rtx_evr.o
    0x08000720   0x08000720   0x00000008   Code   RO          397    .text.EvrRtxMutexRelease  rtx_evr.o
    0x08000728   0x08000728   0x0000000a   Code   RO          399    .text.EvrRtxMutexReleased  rtx_evr.o
    0x08000732   0x08000732   0x00000002   PAD
    0x08000734   0x08000734   0x00000008   Code   RO          419    .text.EvrRtxSemaphoreAcquireTimeout  rtx_evr.o
    0x0800073c   0x0800073c   0x0000000a   Code   RO          255    .text.EvrRtxThreadBlocked  rtx_evr.o
    0x08000746   0x08000746   0x00000002   PAD
    0x08000748   0x08000748   0x00000008   Code   RO          305    .text.EvrRtxThreadFlagsWaitTimeout  rtx_evr.o
    0x08000750   0x08000750   0x00000008   Code   RO          259    .text.EvrRtxThreadPreempted  rtx_evr.o
    0x08000758   0x08000758   0x00000008   Code   RO          261    .text.EvrRtxThreadSwitched  rtx_evr.o
    0x08000760   0x08000760   0x0000000a   Code   RO          257    .text.EvrRtxThreadUnblocked  rtx_evr.o
    0x0800076a   0x0800076a   0x00000002   PAD
    0x0800076c   0x0800076c   0x0000000a   Code   RO          325    .text.EvrRtxTimerCallback  rtx_evr.o
    0x08000776   0x08000776   0x00000002   PAD
    0x08000778   0x08000778   0x00000014   Code   RO          530    .text.IsException   rtx_kernel.o
    0x0800078c   0x0800078c   0x00000014   Code   RO          773    .text.IsException   rtx_msgqueue.o
    0x080007a0   0x080007a0   0x00000014   Code   RO          854    .text.IsException   rtx_mutex.o
    0x080007b4   0x080007b4   0x0000002e   Code   RO          532    .text.IsIrqMasked   rtx_kernel.o
    0x080007e2   0x080007e2   0x00000002   PAD
    0x080007e4   0x080007e4   0x0000002e   Code   RO          775    .text.IsIrqMasked   rtx_msgqueue.o
    0x08000812   0x08000812   0x00000002   PAD
    0x08000814   0x08000814   0x0000002e   Code   RO          856    .text.IsIrqMasked   rtx_mutex.o
    0x08000842   0x08000842   0x00000002   PAD
    0x08000844   0x08000844   0x00000022   Code   RO          809    .text.IsMessageQueuePtrValid  rtx_msgqueue.o
    0x08000866   0x08000866   0x00000002   PAD
    0x08000868   0x08000868   0x00000022   Code   RO          872    .text.IsMutexPtrValid  rtx_mutex.o
    0x0800088a   0x0800088a   0x00000002   PAD
    0x0800088c   0x0800088c   0x00000014   Code   RO          536    .text.IsPrivileged  rtx_kernel.o
    0x080008a0   0x080008a0   0x00000018   Code   RO          675    .text.MemBlockPtr   rtx_memory.o
    0x080008b8   0x080008b8   0x0000000a   Code   RO          673    .text.MemHeadPtr    rtx_memory.o
    0x080008c2   0x080008c2   0x00000002   PAD
    0x080008c4   0x080008c4   0x00000052   Code   RO          825    .text.MessageQueueGet  rtx_msgqueue.o
    0x08000916   0x08000916   0x00000002   PAD
    0x08000918   0x08000918   0x000000ac   Code   RO          817    .text.MessageQueuePut  rtx_msgqueue.o
    0x080009c4   0x080009c4   0x00000042   Code   RO          813    .text.MessageQueueRemove  rtx_msgqueue.o
    0x08000a06   0x08000a06   0x00000002   PAD
    0x08000a08   0x08000a08   0x0000000c   Code   RO         1287    .text.OS_Tick_AcknowledgeIRQ  os_systick.o
    0x08000a14   0x08000a14   0x00000010   Code   RO          978    .text.SetPendSV     rtx_system.o
    0x08000a24   0x08000a24   0x00000034   Code   RO         1023    .text.SetPrivileged  rtx_thread.o
    0x08000a58   0x08000a58   0x00000018   Code   RO         1019    .text.StackOffsetR0  rtx_thread.o
    0x08000a70   0x08000a70   0x000000fe   Code   RO            2    .text.SystemCoreClockConfigure  main.o
    0x08000b6e   0x08000b6e   0x00000002   PAD
    0x08000b70   0x08000b70   0x00000012   Code   RO         1607    .text.SystemInit    system_stm32f4xx.o
    0x08000b82   0x08000b82   0x00000002   PAD
    0x08000b84   0x08000b84   0x0000009e   Code   RO         1254    .text.TimerInsert   rtx_timer.o
    0x08000c22   0x08000c22   0x00000002   PAD
    0x08000c24   0x08000c24   0x00000028   Code   RO         1250    .text.TimerUnlink   rtx_timer.o
    0x08000c4c   0x08000c4c   0x00000020   Code   RO          643    .text._mutex_acquire  rtx_lib.o
    0x08000c6c   0x08000c6c   0x00000012   Code   RO          647    .text._mutex_free   rtx_lib.o
    0x08000c7e   0x08000c7e   0x00000002   PAD
    0x08000c80   0x08000c80   0x00000032   Code   RO          641    .text._mutex_initialize  rtx_lib.o
    0x08000cb2   0x08000cb2   0x00000002   PAD
    0x08000cb4   0x08000cb4   0x0000001c   Code   RO          645    .text._mutex_release  rtx_lib.o
    0x08000cd0   0x08000cd0   0x00000008   Code   RO          629    .text._platform_post_stackheap_init  rtx_lib.o
    0x08000cd8   0x08000cd8   0x0000002c   Code   RO          980    .text.atomic_dec16_nz  rtx_system.o
    0x08000d04   0x08000d04   0x00000020   Code   RO          700    .text.atomic_dec32  rtx_mempool.o
    0x08000d24   0x08000d24   0x00000028   Code   RO          827    .text.atomic_dec32_nz  rtx_msgqueue.o
    0x08000d4c   0x08000d4c   0x00000034   Code   RO          982    .text.atomic_inc16_lim  rtx_system.o
    0x08000d80   0x08000d80   0x00000038   Code   RO          986    .text.atomic_inc16_lt  rtx_system.o
    0x08000db8   0x08000db8   0x00000020   Code   RO          694    .text.atomic_inc32  rtx_mempool.o
    0x08000dd8   0x08000dd8   0x00000020   Code   RO          819    .text.atomic_inc32  rtx_msgqueue.o
    0x08000df8   0x08000df8   0x00000028   Code   RO          692    .text.atomic_link_get  rtx_mempool.o
    0x08000e20   0x08000e20   0x00000030   Code   RO          698    .text.atomic_link_put  rtx_mempool.o
    0x08000e50   0x08000e50   0x00000028   Code   RO          829    .text.atomic_wr8    rtx_msgqueue.o
    0x08000e78   0x08000e78   0x000000ac   Code   RO          787    .text.isrRtxMessageQueueGet  rtx_msgqueue.o
    0x08000f24   0x08000f24   0x000000bc   Code   RO          783    .text.isrRtxMessageQueuePut  rtx_msgqueue.o
    0x08000fe0   0x08000fe0   0x00000054   Code   RO          962    .text.isr_queue_get  rtx_system.o
    0x08001034   0x08001034   0x0000005e   Code   RO          976    .text.isr_queue_put  rtx_system.o
    0x08001092   0x08001092   0x00000002   PAD
    0x08001094   0x08001094   0x00000020   Code   RO            4    .text.main          main.o
    0x080010b4   0x080010b4   0x00000042   Code   RO          540    .text.osKernelGetState  rtx_kernel.o
    0x080010f6   0x080010f6   0x00000002   PAD
    0x080010f8   0x080010f8   0x0000004a   Code   RO          528    .text.osKernelInitialize  rtx_kernel.o
    0x08001142   0x08001142   0x00000002   PAD
    0x08001144   0x08001144   0x0000007e   Code   RO          785    .text.osMessageQueueGet  rtx_msgqueue.o
    0x080011c2   0x080011c2   0x00000002   PAD
    0x080011c4   0x080011c4   0x0000008a   Code   RO          781    .text.osMessageQueuePut  rtx_msgqueue.o
    0x0800124e   0x0800124e   0x00000002   PAD
    0x08001250   0x08001250   0x00000064   Code   RO          862    .text.osMutexAcquire  rtx_mutex.o
    0x080012b4   0x080012b4   0x00000056   Code   RO          868    .text.osMutexDelete  rtx_mutex.o
    0x0800130a   0x0800130a   0x00000002   PAD
    0x0800130c   0x0800130c   0x00000056   Code   RO          852    .text.osMutexNew    rtx_mutex.o
    0x08001362   0x08001362   0x00000002   PAD
    0x08001364   0x08001364   0x00000056   Code   RO          864    .text.osMutexRelease  rtx_mutex.o
    0x080013ba   0x080013ba   0x00000002   PAD
    0x080013bc   0x080013bc   0x00000030   Code   RO         1309    .text.osRtxErrorNotify  rtx_config.o
    0x080013ec   0x080013ec   0x0000000a   Code   RO          966    .text.osRtxEventFlagsObject  rtx_system.o
    0x080013f6   0x080013f6   0x00000002   PAD
    0x080013f8   0x080013f8   0x00000002   Code   RO          524    .text.osRtxKernelBeforeInit  rtx_kernel.o
    0x080013fa   0x080013fa   0x00000002   PAD
    0x080013fc   0x080013fc   0x0000001c   Code   RO          526    .text.osRtxKernelErrorNotify  rtx_kernel.o
    0x08001418   0x08001418   0x0000000c   Code   RO          958    .text.osRtxKernelGetState  rtx_system.o
    0x08001424   0x08001424   0x0000000c   Code   RO         1027    .text.osRtxKernelGetState  rtx_thread.o
    0x08001430   0x08001430   0x0000000c   Code   RO          590    .text.osRtxKernelState  rtx_kernel.o
    0x0800143c   0x0800143c   0x0000014c   Code   RO          677    .text.osRtxMemoryAlloc  rtx_memory.o
    0x08001588   0x08001588   0x000000c2   Code   RO          679    .text.osRtxMemoryFree  rtx_memory.o
    0x0800164a   0x0800164a   0x00000002   PAD
    0x0800164c   0x0800164c   0x00000096   Code   RO          671    .text.osRtxMemoryInit  rtx_memory.o
    0x080016e2   0x080016e2   0x00000002   PAD
    0x080016e4   0x080016e4   0x0000004a   Code   RO          690    .text.osRtxMemoryPoolAlloc  rtx_mempool.o
    0x0800172e   0x0800172e   0x00000002   PAD
    0x08001730   0x08001730   0x00000064   Code   RO          696    .text.osRtxMemoryPoolFree  rtx_mempool.o
    0x08001794   0x08001794   0x00000098   Code   RO          688    .text.osRtxMemoryPoolInit  rtx_mempool.o
    0x0800182c   0x0800182c   0x0000000a   Code   RO          970    .text.osRtxMemoryPoolObject  rtx_system.o
    0x08001836   0x08001836   0x00000002   PAD
    0x08001838   0x08001838   0x0000000a   Code   RO          972    .text.osRtxMessageObject  rtx_system.o
    0x08001842   0x08001842   0x00000002   PAD
    0x08001844   0x08001844   0x0000000a   Code   RO          767    .text.osRtxMessageQueueId  rtx_msgqueue.o
    0x0800184e   0x0800184e   0x00000002   PAD
    0x08001850   0x08001850   0x00000144   Code   RO          811    .text.osRtxMessageQueuePostProcess  rtx_msgqueue.o
    0x08001994   0x08001994   0x0000003e   Code   RO          765    .text.osRtxMessageQueueTimerSetup  rtx_msgqueue.o
    0x080019d2   0x080019d2   0x00000002   PAD
    0x080019d4   0x080019d4   0x0000005a   Code   RO          888    .text.osRtxMutexDestroy  rtx_mutex.o
    0x08001a2e   0x08001a2e   0x00000002   PAD
    0x08001a30   0x08001a30   0x0000000a   Code   RO          874    .text.osRtxMutexId  rtx_mutex.o
    0x08001a3a   0x08001a3a   0x00000002   PAD
    0x08001a3c   0x08001a3c   0x0000000a   Code   RO         1015    .text.osRtxMutexObject  rtx_thread.o
    0x08001a46   0x08001a46   0x00000002   PAD
    0x08001a48   0x08001a48   0x000000ac   Code   RO          850    .text.osRtxMutexOwnerRestore  rtx_mutex.o
    0x08001af4   0x08001af4   0x000000fc   Code   RO          886    .text.osRtxMutexOwnerUnlock  rtx_mutex.o
    0x08001bf0   0x08001bf0   0x0000000a   Code   RO          815    .text.osRtxObject   rtx_msgqueue.o
    0x08001bfa   0x08001bfa   0x00000002   PAD
    0x08001bfc   0x08001bfc   0x0000000a   Code   RO          848    .text.osRtxObject   rtx_mutex.o
    0x08001c06   0x08001c06   0x00000002   PAD
    0x08001c08   0x08001c08   0x0000000a   Code   RO          984    .text.osRtxObject   rtx_system.o
    0x08001c12   0x08001c12   0x00000002   PAD
    0x08001c14   0x08001c14   0x0000000a   Code   RO         1003    .text.osRtxObject   rtx_thread.o
    0x08001c1e   0x08001c1e   0x00000002   PAD
    0x08001c20   0x08001c20   0x000000b8   Code   RO          960    .text.osRtxPendSV_Handler  rtx_system.o
    0x08001cd8   0x08001cd8   0x00000042   Code   RO          974    .text.osRtxPostProcess  rtx_system.o
    0x08001d1a   0x08001d1a   0x00000002   PAD
    0x08001d1c   0x08001d1c   0x0000000a   Code   RO          968    .text.osRtxSemaphoreObject  rtx_system.o
    0x08001d26   0x08001d26   0x00000002   PAD
    0x08001d28   0x08001d28   0x00000088   Code   RO         1031    .text.osRtxThreadBlock  rtx_thread.o
    0x08001db0   0x08001db0   0x000000fa   Code   RO         1037    .text.osRtxThreadDelayInsert  rtx_thread.o
    0x08001eaa   0x08001eaa   0x00000002   PAD
    0x08001eac   0x08001eac   0x0000009c   Code   RO         1009    .text.osRtxThreadDelayRemove  rtx_thread.o
    0x08001f48   0x08001f48   0x00000150   Code   RO         1011    .text.osRtxThreadDelayTick  rtx_thread.o
    0x08002098   0x08002098   0x00000096   Code   RO         1025    .text.osRtxThreadDispatch  rtx_thread.o
    0x0800212e   0x0800212e   0x00000002   PAD
    0x08002130   0x08002130   0x0000000c   Code   RO          823    .text.osRtxThreadGetRunning  rtx_msgqueue.o
    0x0800213c   0x0800213c   0x0000000c   Code   RO          878    .text.osRtxThreadGetRunning  rtx_mutex.o
    0x08002148   0x08002148   0x0000000c   Code   RO         1029    .text.osRtxThreadGetRunning  rtx_thread.o
    0x08002154   0x08002154   0x0000000c   Code   RO         1248    .text.osRtxThreadGetRunning  rtx_timer.o
    0x08002160   0x08002160   0x00000036   Code   RO          999    .text.osRtxThreadListGet  rtx_thread.o
    0x08002196   0x08002196   0x00000002   PAD
    0x08002198   0x08002198   0x00000076   Code   RO          995    .text.osRtxThreadListPut  rtx_thread.o
    0x0800220e   0x0800220e   0x00000002   PAD
    0x08002210   0x08002210   0x00000032   Code   RO         1005    .text.osRtxThreadListRemove  rtx_thread.o
    0x08002242   0x08002242   0x00000002   PAD
    0x08002244   0x08002244   0x00000022   Code   RO         1013    .text.osRtxThreadListRoot  rtx_thread.o
    0x08002266   0x08002266   0x00000002   PAD
    0x08002268   0x08002268   0x00000058   Code   RO         1001    .text.osRtxThreadListSort  rtx_thread.o
    0x080022c0   0x080022c0   0x0000000a   Code   RO          964    .text.osRtxThreadObject  rtx_system.o
    0x080022ca   0x080022ca   0x00000002   PAD
    0x080022cc   0x080022cc   0x0000000a   Code   RO          997    .text.osRtxThreadObject  rtx_thread.o
    0x080022d6   0x080022d6   0x00000002   PAD
    0x080022d8   0x080022d8   0x00000020   Code   RO         1007    .text.osRtxThreadReadyPut  rtx_thread.o
    0x080022f8   0x080022f8   0x00000022   Code   RO         1017    .text.osRtxThreadRegPtr  rtx_thread.o
    0x0800231a   0x0800231a   0x00000002   PAD
    0x0800231c   0x0800231c   0x00000014   Code   RO         1252    .text.osRtxThreadSetRunning  rtx_timer.o
    0x08002330   0x08002330   0x0000003c   Code   RO         1039    .text.osRtxThreadStackCheck  rtx_thread.o
    0x0800236c   0x0800236c   0x0000002e   Code   RO         1021    .text.osRtxThreadSwitch  rtx_thread.o
    0x0800239a   0x0800239a   0x00000002   PAD
    0x0800239c   0x0800239c   0x00000076   Code   RO         1035    .text.osRtxThreadWaitEnter  rtx_thread.o
    0x08002412   0x08002412   0x00000002   PAD
    0x08002414   0x08002414   0x00000046   Code   RO         1033    .text.osRtxThreadWaitExit  rtx_thread.o
    0x0800245a   0x0800245a   0x00000002   PAD
    0x0800245c   0x0800245c   0x00000110   Code   RO          956    .text.osRtxTick_Handler  rtx_system.o
    0x0800256c   0x0800256c   0x00000030   Code   RO         1224    .text.osRtxTimerSetup  rtx_timer.o
    0x0800259c   0x0800259c   0x00000032   Code   RO         1228    .text.osRtxTimerThread  rtx_timer.o
    0x080025ce   0x080025ce   0x00000002   PAD
    0x080025d0   0x080025d0   0x000000dc   Code   RO         1226    .text.osRtxTimerTick  rtx_timer.o
    0x080026ac   0x080026ac   0x00000036   Code   RO          635    .text.os_kernel_is_active  rtx_lib.o
    0x080026e2   0x080026e2   0x00000002   PAD
    0x080026e4   0x080026e4   0x00000016   Code   RO          542    .text.svcRtxKernelGetState  rtx_kernel.o
    0x080026fa   0x080026fa   0x00000002   PAD
    0x080026fc   0x080026fc   0x00000304   Code   RO          588    .text.svcRtxKernelInitialize  rtx_kernel.o
    0x08002a00   0x08002a00   0x00000168   Code   RO          831    .text.svcRtxMessageQueueGet  rtx_msgqueue.o
    0x08002b68   0x08002b68   0x00000290   Code   RO          769    .text.svcRtxMessageQueueNew  rtx_msgqueue.o
    0x08002df8   0x08002df8   0x0000015c   Code   RO          821    .text.svcRtxMessageQueuePut  rtx_msgqueue.o
    0x08002f54   0x08002f54   0x00000176   Code   RO          876    .text.svcRtxMutexAcquire  rtx_mutex.o
    0x080030ca   0x080030ca   0x00000002   PAD
    0x080030cc   0x080030cc   0x00000058   Code   RO          884    .text.svcRtxMutexDelete  rtx_mutex.o
    0x08003124   0x08003124   0x00000142   Code   RO          870    .text.svcRtxMutexNew  rtx_mutex.o
    0x08003266   0x08003266   0x00000002   PAD
    0x08003268   0x08003268   0x000001a0   Code   RO          880    .text.svcRtxMutexRelease  rtx_mutex.o
    0x08003408   0x08003408   0x0000001a   Code   RO         1634    x$fpl$fpinit        fz_wm.l(fpinit.o)
    0x08003422   0x08003422   0x00000002   PAD
    0x08003424   0x08003424   0x00000070   Data   RO          653    .rodata             rtx_lib.o
    0x08003494   0x08003494   0x00000038   Data   RO          656    .rodata             rtx_lib.o
    0x080034cc   0x080034cc   0x00000004   Data   RO          655    .rodata.osRtxUserSVC  rtx_lib.o
    0x080034d0   0x080034d0   0x00000024   Data   RO          650    .rodata.os_idle_thread_attr  rtx_lib.o
    0x080034f4   0x080034f4   0x00000018   Data   RO          652    .rodata.os_timer_mq_attr  rtx_lib.o
    0x0800350c   0x0800350c   0x00000024   Data   RO          651    .rodata.os_timer_thread_attr  rtx_lib.o
    0x08003530   0x08003530   0x0000000b   Data   RO          620    .rodata.str1.1      rtx_kernel.o
    0x0800353b   0x0800353b   0x00000001   PAD
    0x0800353c   0x0800353c   0x00000020   Data   RO         1806    Region$$Table       anon$$obj.o


    Execution Region ER_RW (Exec base: 0x20000000, Load base: 0x0800355c, Size: 0x000000a4, Max: 0xffffffff, ABSOLUTE)

    Exec Addr    Load Addr    Size         Type   Attr      Idx    E Section Name        Object

    0x20000000   0x0800355c   0x000000a4   Data   RW          621    .data.os            rtx_kernel.o


    Execution Region ER_ZI (Exec base: 0x200000a8, Load base: 0x08003600, Size: 0x00008bd0, Max: 0xffffffff, ABSOLUTE)

    Exec Addr    Load Addr    Size         Type   Attr      Idx    E Section Name        Object

    0x200000a8        -       0x00000060   Zero   RW         1673    .bss                c_w.l(libspace.o)
    0x20000108        -       0x00008040   Zero   RW          649    .bss.os             rtx_lib.o
    0x20008148        -       0x00000034   Zero   RW          661    .bss.os.msgqueue.cb  rtx_lib.o
    0x2000817c        -       0x00000050   Zero   RW          662    .bss.os.msgqueue.mem  rtx_lib.o
    0x200081cc        -       0x000000a0   Zero   RW          658    .bss.os.thread.cb   rtx_lib.o
    0x2000826c   0x08003600   0x00000004   PAD
    0x20008270        -       0x00000200   Zero   RW          659    .bss.os.thread.idle.stack  rtx_lib.o
    0x20008470        -       0x00000200   Zero   RW          660    .bss.os.thread.timer.stack  rtx_lib.o
    0x20008670        -       0x00000001   Zero   RW          663    .bss.os_kernel_is_active.os_kernel_active  rtx_lib.o
    0x20008671   0x08003600   0x00000007   PAD
    0x20008678        -       0x00000200   Zero   RW         1598    HEAP                startup_stm32f401xe.o
    0x20008878        -       0x00000400   Zero   RW         1597    STACK               startup_stm32f401xe.o


==============================================================================

Image component sizes


      Code (inc. data)   RO Data    RW Data    ZI Data      Debug   Object Name

         4          0          0          0          0       2252   buttons_nucleo_f401re.o
       256         16          0          0          0        767   irq_armv7m.o
       286          0          0          0          0       1959   main.o
        12          0          0          0          0       4261   os_systick.o
        48          6          0          0          0        701   rtx_config.o
       438          0          0          0          0      26343   rtx_evr.o
      1062          0         11        164          0      17520   rtx_kernel.o
       212          0        268          0      34149       8086   rtx_lib.o
       710          0          0          0          0       2321   rtx_memory.o
       478          0          0          0          0      12598   rtx_mempool.o
      2938          0          0          0          0      15226   rtx_msgqueue.o
      2204          0          0          0          0       9448   rtx_mutex.o
       940         10          0          0          0       6342   rtx_system.o
      1862          0          0          0          0      33400   rtx_thread.o
       548          0          0          0          0       9354   rtx_timer.o
        64         26        404          0       1536        872   startup_stm32f401xe.o
        18          0          0          0          0       2771   system_stm32f4xx.o

    ----------------------------------------------------------------------
     12240         58        716        164      35696     154221   Object Totals
         0          0         32          0          0          0   (incl. Generated)
       160          0          1          0         11          0   (incl. Padding)

    ----------------------------------------------------------------------

      Code (inc. data)   RO Data    RW Data    ZI Data      Debug   Library Member Name

         8          0          0          0          0         68   __main.o
         0          0          0          0          0          0   __rtentry.o
        20          0          0          0          0          0   __rtentry2.o
         6          0          0          0          0          0   __rtentry4.o
        52          8          0          0          0          0   __scatter.o
        26          0          0          0          0          0   __scatter_copy.o
        28          0          0          0          0          0   __scatter_zi.o
        18          0          0          0          0         80   exit.o
         6          0          0          0          0        152   heapauxi.o
         0          0          0          0          0          0   indicate_semi.o
         2          0          0          0          0          0   libinit.o
         6          0          0          0          0          0   libinit2.o
         2          0          0          0          0          0   libshutdown.o
         2          0          0          0          0          0   libshutdown2.o
         8          4          0          0         96         68   libspace.o
        68          0          0          0          0         68   rt_memclr.o
        78          0          0          0          0         80   rt_memclr_w.o
       138          0          0          0          0         68   rt_memcpy_v6.o
       100          0          0          0          0         80   rt_memcpy_w.o
         2          0          0          0          0          0   rtexit.o
        10          0          0          0          0          0   rtexit2.o
        12          4          0          0          0         68   sys_exit.o
        74          0          0          0          0         80   sys_stackheap_outer.o
         2          0          0          0          0         68   use_no_semi.o
        26          0          0          0          0        116   fpinit.o

    ----------------------------------------------------------------------
       704         16          0          0         96        996   Library Totals
        10          0          0          0          0          0   (incl. Padding)

    ----------------------------------------------------------------------

      Code (inc. data)   RO Data    RW Data    ZI Data      Debug   Library Name

       668         16          0          0         96        880   c_w.l
        26          0          0          0          0        116   fz_wm.l

    ----------------------------------------------------------------------
       704         16          0          0         96        996   Library Totals

    ----------------------------------------------------------------------

==============================================================================


      Code (inc. data)   RO Data    RW Data    ZI Data      Debug   

     12944         74        716        164      35792     154573   Grand Totals
     12944         74        716        164      35792     154573   ELF Image Totals
     12944         74        716        164          0          0   ROM Totals

==============================================================================

    Total RO  Size (Code + RO Data)                13660 (  13.34kB)
    Total RW  Size (RW Data + ZI Data)             35956 (  35.11kB)
    Total ROM Size (Code + RO Data + RW Data)      13824 (  13.50kB)

==============================================================================

